 Example_Project

 Timestamp is 66b46426 (Thu Aug 08 18:22:30 2024)

 Preferred load address is 00400000

 Start         Length     Name                   Class
 0001:00000000 00047359H .textbss                DATA
 0002:00000000 00029186H .text                   CODE
 0003:00000000 0003e7f4H D3D                     CODE
 0003:0003e7f8 0001f71cH D3D_RD                  CODE
 0003:0005df20 00009b8aH D3D_URW                 CODE
 0004:00000000 000082e5H D3DX                    CODE
 0004:000082e8 000026a4H D3DX_RD                 CODE
 0005:00000000 000077aeH .rdata                  DATA
 0005:000077b0 0000015aH .rdata$debug            DATA
 0005:0000790c 00000104H .rtc$IAA                DATA
 0005:00007a10 0000010eH .rtc$IMZ                DATA
 0005:00007b20 00000104H .rtc$IZZ                DATA
 0005:00007c24 00000104H .rtc$TAA                DATA
 0005:00007d28 0000010eH .rtc$TMZ                DATA
 0005:00007e38 00000104H .rtc$TZZ                DATA
 0005:00007f3c 00000000H .edata                  DATA
 0006:00000000 00000104H .CRT$RIA                DATA
 0006:00000104 00000104H .CRT$RII10              DATA
 0006:00000208 00000104H .CRT$RII15              DATA
 0006:0000030c 00000104H .CRT$RII20              DATA
 0006:00000410 00000104H .CRT$RIZ                DATA
 0006:00000514 00000104H .CRT$XCA                DATA
 0006:00000618 00000104H .CRT$XCZ                DATA
 0006:0000071c 00000104H .CRT$XIA                DATA
 0006:00000820 00000109H .CRT$XIC                DATA
 0006:0000092c 00000104H .CRT$XIZ                DATA
 0006:00000a30 00000104H .CRT$XPA                DATA
 0006:00000b34 00000104H .CRT$XPX                DATA
 0006:00000c38 00000104H .CRT$XPZ                DATA
 0006:00000d3c 00000104H .CRT$XTA                DATA
 0006:00000e40 00000104H .CRT$XTZ                DATA
 0006:00000f44 00000104H .XAPI$LNA               DATA
 0006:00001048 00000104H .XAPI$LNZ               DATA
 0006:00001150 00041990H .data                   DATA
 0006:00042ae0 000008ecH .bss                    DATA
 0007:00000000 00000014H .idata$2                DATA
 0007:00000014 00000014H .idata$3                DATA
 0007:00000028 000002c0H .idata$4                DATA
 0007:000002e8 000002c0H .idata$5                DATA
 0007:000005a8 0000010fH .idata$6                DATA
 0008:00000000 00000113H .XBLD$A                 DATA
 0008:00000114 00000150H .XBLD$V                 DATA
 0009:00000000 00000101H .tls                    DATA
 0009:00000108 000001a3H .tls$                   DATA
 0009:000002ab 00000101H .tls$ZZZ                DATA

  Address         Publics by Value              Rva+Base     Lib:Object

 0000:00000000       __except_list              00000000     <absolute>
 0000:00000000       ___safe_se_handler_table   00000000     <absolute>
 0000:00000000       ___safe_se_handler_count   00000000     <absolute>
 0000:00000004       __tls_array                00000004     <absolute>
 0001:00000000       __enc$textbss$begin        00400360     <linker-defined>
 0001:00047359       __enc$textbss$end          004476b9     <linker-defined>
 0002:00004330       ?Update@@YAXXZ             0044b9f0 f   Example_Project.obj
 0002:00004470       ?SetTransform@D3DDevice@@SGJW4_D3DTRANSFORMSTATETYPE@@PBU_D3DMATRIX@@@Z 0044bb30 f i Example_Project.obj
 0002:000044d0       ?GetTransform@D3DDevice@@SGJW4_D3DTRANSFORMSTATETYPE@@PAU_D3DMATRIX@@@Z 0044bb90 f i Example_Project.obj
 0002:00004530       ??0D3DXMATRIX@@QAE@XZ      0044bbf0 f i Example_Project.obj
 0002:00004570       _main                      0044bc30 f   Example_Project.obj
 0002:00004600       ?Present@D3DDevice@@SGJPBUtagRECT@@0PAX1@Z 0044bcc0 f i Example_Project.obj
 0002:00004650       ?InitD3D@@YAJXZ            0044bd10 f   Render.obj
 0002:000048d0       ?CreateDevice@Direct3D@@SGJIW4_D3DDEVTYPE@@PAXKPAU_D3DPRESENT_PARAMETERS_@@PAPAUD3DDevice@@@Z 0044bf90 f i Render.obj
 0002:00004940       ??0D3DXVECTOR3@@QAE@MMM@Z  0044c000 f i Render.obj
 0002:000049b0       ?InitVB@@YAJXZ             0044c070 f   Render.obj
 0002:00004b70       ?CreateVertexBuffer@D3DDevice@@SGJIKKKPAPAUD3DVertexBuffer@@@Z 0044c230 f i Render.obj
 0002:00004be0       ?Lock@D3DVertexBuffer@@QAGJIIPAPAEK@Z 0044c2a0 f i Render.obj
 0002:00004c40       ?Unlock@D3DVertexBuffer@@QAGJXZ 0044c300 f i Render.obj
 0002:00004cc0       ?Render@@YAXXZ             0044c380 f   Render.obj
 0002:00004d60       ?BeginScene@D3DDevice@@SGJXZ 0044c420 f i Render.obj
 0002:00004de0       ?EndScene@D3DDevice@@SGJXZ 0044c4a0 f i Render.obj
 0002:00004e60       ?Clear@D3DDevice@@SGJKPBU_D3DRECT@@KKMK@Z 0044c520 f i Render.obj
 0002:00004ed0       ?SetRenderState@D3DDevice@@SGJW4_D3DRENDERSTATETYPE@@K@Z 0044c590 f i Render.obj
 0002:00005340       ?DrawPrimitive@D3DDevice@@SGJW4_D3DPRIMITIVETYPE@@II@Z 0044ca00 f i Render.obj
 0002:000053c0       ?SetVertexShader@D3DDevice@@SGJK@Z 0044ca80 f i Render.obj
 0002:00005410       ?SetStreamSource@D3DDevice@@SGJIPAUD3DVertexBuffer@@I@Z 0044cad0 f i Render.obj
 0002:00005470       ?InitTime@@YAXXZ           0044cb30 f   Time.obj
 0002:00005580       ?UpdateTime@@YAXXZ         0044cc40 f   Time.obj
 0002:000056b1       _QueryPerformanceCounter@4 0044cd71 f   xapilibd:perfctr.obj
 0002:000056c6       _QueryPerformanceFrequency@4 0044cd86 f   xapilibd:perfctr.obj
 0002:0000570c       _mainXapiStartup@4         0044cdcc f   xapilibd:xapi0.obj
 0002:000057ac       _mainCRTStartup            0044ce6c f   xapilibd:xapi0.obj
 0002:0000583a       _XapiValidateDiskPartitionEx@8 0044cefa f   xapilibd:xapiinit.obj
 0002:000058d0       _XapiCopySectionToFile@16  0044cf90 f   xapilibd:xapiinit.obj
 0002:00005a52       _XapiMapLetterToDirectory@24 0044d112 f   xapilibd:xapiinit.obj
 0002:00005f86       _XapiSetupPerTitleDriveLetters@8 0044d646 f   xapilibd:xapiinit.obj
 0002:00005ff0       _XapiBootToDash@12         0044d6b0 f   xapilibd:xapiinit.obj
 0002:0000606e       _XapiValidateDiskPartition@4 0044d72e f   xapilibd:xapiinit.obj
 0002:00006087       _XapiInitProcess@0         0044d747 f   xapilibd:xapiinit.obj
 0002:0000632a       __cinit@0                  0044d9ea f   xapilibd:xapi0dat.obj
 0002:0000637d       __rtinit@0                 0044da3d f   xapilibd:xapi0dat.obj
 0002:000063c9       _GetLastError@0            0044da89 f   xapilibd:error.obj
 0002:00006417       _SetLastError@4            0044dad7 f   xapilibd:error.obj
 0002:00006471       _XapiSetLastNTError@4      0044db31 f   xapilibd:error.obj
 0002:00006494       _CreateIoCompletionPort@16 0044db54 f   xapilibd:error.obj
 0002:00006543       _PostQueuedCompletionStatus@16 0044dc03 f   xapilibd:error.obj
 0002:0000657c       _GetQueuedCompletionStatus@20 0044dc3c f   xapilibd:error.obj
 0002:0000660a       _GetOverlappedResult@16    0044dcca f   xapilibd:error.obj
 0002:0000668f       _XapiRestrictCodeSelectorLimit@0 0044dd4f f   xapilibd:krnlptch.obj
 0002:0000670c       _XapiApplyKernelPatches@0  0044ddcc f   xapilibd:krnlptch.obj
 0002:00006802       _CloseHandle@4             0044dec2 f   xapilibd:handle.obj
 0002:0000682b       _DuplicateHandle@28        0044deeb f   xapilibd:handle.obj
 0002:0000685b       _XapiCallThreadNotifyRoutines@4 0044df1b f   xapilibd:thread.obj
 0002:000068a4       _SetThreadPriority@8       0044df64 f   xapilibd:thread.obj
 0002:0000690a       _GetThreadPriority@4       0044dfca f   xapilibd:thread.obj
 0002:00006973       _SetThreadPriorityBoost@8  0044e033 f   xapilibd:thread.obj
 0002:000069ca       _GetThreadPriorityBoost@8  0044e08a f   xapilibd:thread.obj
 0002:00006a1b       _SuspendThread@4           0044e0db f   xapilibd:thread.obj
 0002:00006a4a       _ResumeThread@4            0044e10a f   xapilibd:thread.obj
 0002:00006a79       _RaiseException@16         0044e139 f   xapilibd:thread.obj
 0002:00006ae4       _XapiDispatchAPC@12        0044e1a4 f   xapilibd:thread.obj
 0002:00006af4       _QueueUserAPC@12           0044e1b4 f   xapilibd:thread.obj
 0002:00006b23       _SwitchToThread@0          0044e1e3 f   xapilibd:thread.obj
 0002:00006b41       _ExitThread@4              0044e201 f   xapilibd:thread.obj
 0002:00006b65       _GetExitCodeThread@8       0044e225 f   xapilibd:thread.obj
 0002:00006bd2       _SetUnhandledExceptionFilter@4 0044e292 f   xapilibd:thread.obj
 0002:00006bec       _GetThreadTimes@20         0044e2ac f   xapilibd:thread.obj
 0002:00006c97       _XRegisterThreadNotifyRoutine@8 0044e357 f   xapilibd:thread.obj
 0002:00006cf3       _XSetProcessQuantumLength@4 0044e3b3 f   xapilibd:thread.obj
 0002:00006d35       _XGetProcessQuantumLength@0 0044e3f5 f   xapilibd:thread.obj
 0002:00006d96       _UnhandledExceptionFilter@4 0044e456 f   xapilibd:thread.obj
 0002:00006e1e       _XapiThreadStartup@8       0044e4de f   xapilibd:thread.obj
 0002:00006fa6       _CreateThread@24           0044e666 f   xapilibd:thread.obj
 0002:0000702f       _GetCurrentThreadId@0      0044e6ef f   xapilibd:thread.obj
 0002:0000703f       _OutputDebugStringA@4      0044e6ff f   xapilibd:outputdebugstringa.obj
 0002:0000707d       _vXDebugPrint@16           0044e73d f   xapilibd:outputdebugstringa.obj
 0002:000070ff       _XDebugPrint               0044e7bf f   xapilibd:outputdebugstringa.obj
 0002:0000711b       _XDebugError               0044e7db f   xapilibd:outputdebugstringa.obj
 0002:00007136       _XDebugWarning             0044e7f6 f   xapilibd:outputdebugstringa.obj
 0002:00007151       _XDebugTrace               0044e811 f   xapilibd:outputdebugstringa.obj
 0002:0000716c       _XDebugEntry               0044e82c f   xapilibd:outputdebugstringa.obj
 0002:00007187       _XDebugExit                0044e847 f   xapilibd:outputdebugstringa.obj
 0002:000071a2       _XGetSectionHandleA@4      0044e862 f   xapilibd:xemodule.obj
 0002:0000723f       _XLoadSectionByHandle@4    0044e8ff f   xapilibd:xemodule.obj
 0002:0000729f       _XFreeSectionByHandle@4    0044e95f f   xapilibd:xemodule.obj
 0002:000072fe       _XLoadSectionA@4           0044e9be f   xapilibd:xemodule.obj
 0002:00007340       _XFreeSectionA@4           0044ea00 f   xapilibd:xemodule.obj
 0002:00007382       _XGetSectionSize@4         0044ea42 f   xapilibd:xemodule.obj
 0002:000073c8       _lstrcmpA@8                0044ea88 f   xapilibd:lcompata.obj
 0002:00007445       _lstrcmpiA@8               0044eb05 f   xapilibd:lcompata.obj
 0002:0000749b       _lstrcpyA@8                0044eb5b f   xapilibd:lcompata.obj
 0002:000074e8       _lstrcpynA@12              0044eba8 f   xapilibd:lcompata.obj
 0002:00007566       _lstrcatA@8                0044ec26 f   xapilibd:lcompata.obj
 0002:000075d6       _lstrlenA@4                0044ec96 f   xapilibd:lcompata.obj
 0002:00007623       _XLaunchNewImageA@8        0044ece3 f   xapilibd:launch.obj
 0002:00007675       _XWriteTitleInfoNoReboot@24 0044ed35 f   xapilibd:launch.obj
 0002:0000778e       _XGetLaunchInfo@8          0044ee4e f   xapilibd:launch.obj
 0002:0000786a       _XWriteTitleInfoAndRebootA@20 0044ef2a f   xapilibd:launch.obj
 0002:000078e5       _BuildUpdateFilePath@12    0044efa5 f   xapilibd:bootutil.obj
 0002:00007941       _XapipUpdateMountDashPartition@0 0044f001 f   xapilibd:bootutil.obj
 0002:000079df       _XoUpdateLoadXBEInfo@8     0044f09f f   xapilibd:bootutil.obj
 0002:00007ade       _XoRebootToUpdaterWhilePreservingDDrive@12 0044f19e f   xapilibd:bootutil.obj
 0002:00007bd4       _XoUpdateGetSavedDataFromLaunchPage@12 0044f294 f   xapilibd:bootutil.obj
 0002:00007ca3       _XapipUpdateGetCurrentDDriveMapping@8 0044f363 f   xapilibd:bootutil.obj
 0002:00007d99       _XapipUpdateSaveDDriveMappingToLaunchPage@8 0044f459 f   xapilibd:bootutil.obj
 0002:00007e9d       _XapipUpdateDetectAndVerify@16 0044f55d f   xapilibd:bootutil.obj
 0002:00008139       _XapipUpdateDashIfNecessary@4 0044f7f9 f   xapilibd:bootutil.obj
 0002:000081f1       _XapipLaunchNewImageInternal@16 0044f8b1 f   xapilibd:bootutil.obj
 0002:00008435       _XapipUpdateRebootIfNecessary@0 0044faf5 f   xapilibd:bootutil.obj
 0002:000086fd       _XGetParentalControlSetting@0 0044fdbd f   xapilibd:xgetparentalcontrolsetting.obj
 0002:0000872b       _GetDiskFreeSpaceExA@16    0044fdeb f   xapilibd:pathmisc.obj
 0002:00008876       _GetVolumeInformationA@32  0044ff36 f   xapilibd:pathmisc.obj
 0002:00008b7d       _XapiSelectCachePartition@12 0045023d f   xapilibd:pathmisc.obj
 0002:00008ef2       _XMountUtilityDrive@4      004505b2 f   xapilibd:pathmisc.obj
 0002:00009066       _XFormatUtilityDrive@0     00450726 f   xapilibd:pathmisc.obj
 0002:00009134       _XMountSecondaryUtilityDrive@0 004507f4 f   xapilibd:pathmisc.obj
 0002:00009495       _XSwapUtilityDrives@0      00450b55 f   xapilibd:pathmisc.obj
 0002:00009758       _XFormatSecondaryUtilityDrive@0 00450e18 f   xapilibd:pathmisc.obj
 0002:00009826       _XMountAlternateTitleA@12  00450ee6 f   xapilibd:pathmisc.obj
 0002:00009b42       _XUnmountAlternateTitleA@4 00451202 f   xapilibd:pathmisc.obj
 0002:00009bd6       _XGetDiskClusterSizeA@4    00451296 f   xapilibd:pathmisc.obj
 0002:00009ce4       _XGetDiskSectorSizeA@4     004513a4 f   xapilibd:pathmisc.obj
 0002:00009de6       _XMUNameFromDriveLetter@12 004514a6 f   xapilibd:pathmisc.obj
 0002:00009f0f       _HeapCreate@12             004515cf f   xapilibd:xapiheap.obj
 0002:00009f71       _HeapDestroy@4             00451631 f   xapilibd:xapiheap.obj
 0002:00009f97       _HeapFree@12               00451657 f   xapilibd:xapiheap.obj
 0002:00009fb5       _HeapValidate@12           00451675 f   xapilibd:xapiheap.obj
 0002:00009fd3       _GetProcessHeap@0          00451693 f   xapilibd:xapiheap.obj
 0002:00009fd9       _HeapCompact@8             00451699 f   xapilibd:xapiheap.obj
 0002:00009fe4       _HeapLock@4                004516a4 f   xapilibd:xapiheap.obj
 0002:00009ffa       _HeapUnlock@4              004516ba f   xapilibd:xapiheap.obj
 0002:0000a010       _HeapWalk@8                004516d0 f   xapilibd:xapiheap.obj
 0002:0000a124       _LocalAlloc@8              004517e4 f   xapilibd:xapiheap.obj
 0002:0000a167       _LocalReAlloc@12           00451827 f   xapilibd:xapiheap.obj
 0002:0000a1bf       _LocalSize@4               0045187f f   xapilibd:xapiheap.obj
 0002:0000a1db       _LocalFree@4               0045189b f   xapilibd:xapiheap.obj
 0002:0000a203       _LocalLock@4               004518c3 f   xapilibd:xapiheap.obj
 0002:0000a20f       _LocalHandle@4             004518cf f   xapilibd:xapiheap.obj
 0002:0000a21b       _LocalUnlock@4             004518db f   xapilibd:xapiheap.obj
 0002:0000a221       _GlobalAlloc@8             004518e1 f   xapilibd:xapiheap.obj
 0002:0000a264       _GlobalReAlloc@12          00451924 f   xapilibd:xapiheap.obj
 0002:0000a2bc       _XSetAttributesOnHeapAlloc@8 0045197c f   xapilibd:xapiheap.obj
 0002:0000a2d0       _XGetAttributesOnHeapAlloc@4 00451990 f   xapilibd:xapiheap.obj
 0002:0000a39e       _RtlZeroHeap@8             00451a5e f   xapilibd:heap.obj
 0002:0000a552       _RtlpCreateUnCommittedRange@4 00451c12 f   xapilibd:heap.obj
 0002:0000a702       _RtlpDestroyUnCommittedRange@8 00451dc2 f   xapilibd:heap.obj
 0002:0000a777       _RtlpInsertUnCommittedPages@12 00451e37 f   xapilibd:heap.obj
 0002:0000a890       _RtlpFindAndCommitPages@16 00451f50 f   xapilibd:heap.obj
 0002:0000aaf3       _RtlpDestroyHeapSegment@4  004521b3 f   xapilibd:heap.obj
 0002:0000ab7c       _RtlpCoalesceFreeBlocks@16 0045223c f   xapilibd:heap.obj
 0002:0000b19f       _RtlpInsertFreeBlock@12    0045285f f   xapilibd:heap.obj
 0002:0000b3b1       _RtlpGetExtraStuffPointer@4 00452a71 f   xapilibd:heap.obj
 0002:0000b3d7       _RtlpGetSizeOfBigBlock@4   00452a97 f   xapilibd:heap.obj
 0002:0000b437       _RtlpCheckBusyBlockTail@4  00452af7 f   xapilibd:heap.obj
 0002:0000b504       _RtlpCheckHeapSignature@8  00452bc4 f   xapilibd:heap.obj
 0002:0000b56d       _RtlpValidateHeapHeaders@8 00452c2d f   xapilibd:heap.obj
 0002:0000b67e       _RtlpValidateHeapSegment@32 00452d3e f   xapilibd:heap.obj
 0002:0000b95e       _RtlpValidateHeapEntry@12  0045301e f   xapilibd:heap.obj
 0002:0000ba4f       _RtlpValidateHeap@8        0045310f f   xapilibd:heap.obj
 0002:0000be8f       _RtlDebugWalkHeap@8        0045354f f   xapilibd:heap.obj
 0002:0000beea       _RtlWalkHeap@8             004535aa f   xapilibd:heap.obj
 0002:0000c1e0       _RtlLockHeap@4             004538a0 f   xapilibd:heap.obj
 0002:0000c264       _RtlUnlockHeap@4           00453924 f   xapilibd:heap.obj
 0002:0000c2e8       _RtlValidateHeap@12        004539a8 f   xapilibd:heap.obj
 0002:0000c3bb       _RtlDebugCompactHeap@8     00453a7b f   xapilibd:heap.obj
 0002:0000c494       _RtlDestroyHeap@4          00453b54 f   xapilibd:heap.obj
 0002:0000c5a2       _RtlpGrowBlockInPlace@20   00453c62 f   xapilibd:heap.obj
 0002:0000ce3b       _RtlSizeHeap@12            004544fb f   xapilibd:heap.obj
 0002:0000ce78       _RtlpInitializeHeapSegment@28 00454538 f   xapilibd:heap.obj
 0002:0000d027       _RtlpExtendHeap@8          004546e7 f   xapilibd:heap.obj
 0002:0000d259       _RtlpDeCommitFreeBlock@12  00454919 f   xapilibd:heap.obj
 0002:0000d74b       _RtlpCoalesceHeap@4        00454e0b f   xapilibd:heap.obj
 0002:0000d875       _RtlCompactHeap@8          00454f35 f   xapilibd:heap.obj
 0002:0000d957       _RtlCreateHeap@24          00455017 f   xapilibd:heap.obj
 0002:0000df24       _RtlAllocateHeapSlowly@12  004555e4 f   xapilibd:heap.obj
 0002:0000ee39       _RtlFreeHeapSlowly@12      004564f9 f   xapilibd:heap.obj
 0002:0000f18b       _RtlAllocateHeap@12        0045684b f   xapilibd:heap.obj
 0002:00010004       _RtlFreeHeap@12            004576c4 f   xapilibd:heap.obj
 0002:00010501       _RtlReAllocateHeap@16      00457bc1 f   xapilibd:heap.obj
 0002:0001113c       _XAutoPowerDownResetTimer@0 004587fc f   xapilibd:powerdwn.obj
 0002:00011160       _XAutoPowerDownTimeRemaining@0 00458820 f   xapilibd:powerdwn.obj
 0002:000111d0       _XapiAutoPowerDownTimeout@16 00458890 f   xapilibd:powerdwn.obj
 0002:000111e6       _XapiInitAutoPowerDown@0   004588a6 f   xapilibd:powerdwn.obj
 0002:0001129b       _XapiShutdownChannelStartNextPacket@0 0045895b f   xapilibd:xapiterm.obj
 0002:000112e2       _XapiShutdownChannelStartPacket@8 004589a2 f   xapilibd:xapiterm.obj
 0002:000112f7       _XapiShutdownNotification@4 004589b7 f   xapilibd:xapiterm.obj
 0002:00011362       _XapiFormatObjectAttributes@12 00458a22 f   xapilibd:support.obj
 0002:00011395       _XapiFormatTimeOut@8       00458a55 f   xapilibd:support.obj
 0002:000113d1       _CreateEventA@16           00458a91 f   xapilibd:synch.obj
 0002:0001144a       _OpenEventA@12             00458b0a f   xapilibd:synch.obj
 0002:000114bd       _SetEvent@4                00458b7d f   xapilibd:synch.obj
 0002:000114e8       _ResetEvent@4              00458ba8 f   xapilibd:synch.obj
 0002:00011511       _PulseEvent@4              00458bd1 f   xapilibd:synch.obj
 0002:0001153c       _CreateSemaphoreA@16       00458bfc f   xapilibd:synch.obj
 0002:000115ad       _OpenSemaphoreA@12         00458c6d f   xapilibd:synch.obj
 0002:00011620       _ReleaseSemaphore@12       00458ce0 f   xapilibd:synch.obj
 0002:00011650       _CreateMutexA@12           00458d10 f   xapilibd:synch.obj
 0002:000116be       _OpenMutexA@12             00458d7e f   xapilibd:synch.obj
 0002:00011731       _ReleaseMutex@4            00458df1 f   xapilibd:synch.obj
 0002:0001175c       _WaitForSingleObjectEx@12  00458e1c f   xapilibd:synch.obj
 0002:000117b1       _SignalObjectAndWait@16    00458e71 f   xapilibd:synch.obj
 0002:00011809       _WaitForMultipleObjectsEx@20 00458ec9 f   xapilibd:synch.obj
 0002:000118a9       _SleepEx@8                 00458f69 f   xapilibd:synch.obj
 0002:0001190f       _CreateWaitableTimerA@12   00458fcf f   xapilibd:synch.obj
 0002:00011984       _OpenWaitableTimerA@12     00459044 f   xapilibd:synch.obj
 0002:000119f7       _SetWaitableTimer@24       004590b7 f   xapilibd:synch.obj
 0002:00011a4e       _CancelWaitableTimer@4     0045910e f   xapilibd:synch.obj
 0002:00011a79       _WaitForSingleObject@8     00459139 f   xapilibd:synch.obj
 0002:00011a92       _WaitForMultipleObjects@16 00459152 f   xapilibd:synch.obj
 0002:00011ab2       _Sleep@4                   00459172 f   xapilibd:synch.obj
 0002:00011ac8       _XapiChangeCodeSelectorLimit@8 00459188 f   xapilibd:xapidlla.obj
 0002:00011af6       _xCompareStringA@20        004591b6 f   xapilibd:compstra.obj
 0002:00011ce1       _ReadFile@20               004593a1 f   xapilibd:filehops.obj
 0002:00011e09       _WriteFile@20              004594c9 f   xapilibd:filehops.obj
 0002:00011f14       _SetEndOfFile@4            004595d4 f   xapilibd:filehops.obj
 0002:00011fb9       _SetFilePointer@16         00459679 f   xapilibd:filehops.obj
 0002:00012105       _SetFilePointerEx@20       004597c5 f   xapilibd:filehops.obj
 0002:00012210       _GetFileInformationByHandle@8 004598d0 f   xapilibd:filehops.obj
 0002:0001231f       _GetFileTime@16            004599df f   xapilibd:filehops.obj
 0002:0001239e       _SetFileTime@16            00459a5e f   xapilibd:filehops.obj
 0002:0001242c       _FlushFileBuffers@4        00459aec f   xapilibd:filehops.obj
 0002:0001245c       _GetFileSizeEx@8           00459b1c f   xapilibd:filehops.obj
 0002:000124a9       _ReadFileEx@20             00459b69 f   xapilibd:filehops.obj
 0002:0001250e       _WriteFileEx@20            00459bce f   xapilibd:filehops.obj
 0002:00012573       _DeviceIoControl@32        00459c33 f   xapilibd:filehops.obj
 0002:000126b0       _ReadFileScatter@20        00459d70 f   xapilibd:filehops.obj
 0002:000127d8       _WriteFileGather@20        00459e98 f   xapilibd:filehops.obj
 0002:000128e3       _XGetFilePhysicalSortKey@4 00459fa3 f   xapilibd:filehops.obj
 0002:000129b3       _GetFileSize@8             0045a073 f   xapilibd:filehops.obj
 0002:000129fc       _CreateFileA@28            0045a0bc f   xapilibd:fileopcr.obj
 0002:00012c01       _CopyFileExA@24            0045a2c1 f   xapilibd:fileopcr.obj
 0002:00012fb7       _CopyFileA@12              0045a677 f   xapilibd:fileopcr.obj
 0002:00012fdf       _XapiComputeContentMetadataFileName@8 0045a69f f   xapilibd:contsig.obj
 0002:0001304f       _XComputeContentSignatureKey@8 0045a70f f   xapilibd:contsig.obj
 0002:00013078       _XapiComputeContentHeaderSignature@16 0045a738 f   xapilibd:contsig.obj
 0002:0001319f       _XapiLoadContentMetadataHeader@16 0045a85f f   xapilibd:contsig.obj
 0002:000132b8       _XapiVerifyAndLoadOptionalSectionData@12 0045a978 f   xapilibd:contsig.obj
 0002:000133b7       _XapipGetAlternateTitleID@0 0045aa77 f   xapilibd:contsig.obj
 0002:000134bb       _XGetContentInstallLocationFromIDs@16 0045ab7b f   xapilibd:contsig.obj
 0002:00013538       _XGetContentInstallLocation@12 0045abf8 f   xapilibd:contsig.obj
 0002:000135ba       _XInstallContentSignaturesWithFileName@16 0045ac7a f   xapilibd:contsig.obj
 0002:0001386c       _XInstallContentSignaturesEx@16 0045af2c f   xapilibd:contsig.obj
 0002:000138a9       _XInstallContentSignatures@12 0045af69 f   xapilibd:contsig.obj
 0002:000138e3       _XCreateContentSimple@24   0045afa3 f   xapilibd:contsig.obj
 0002:00013b29       _XRemoveContent@4          0045b1e9 f   xapilibd:contsig.obj
 0002:00013b95       _XLoadContentSignaturesWithFileName@8 0045b255 f   xapilibd:contsig.obj
 0002:00013d5c       _XLoadContentSignaturesEx@8 0045b41c f   xapilibd:contsig.obj
 0002:00013d91       _XLocateSignatureByIndex@16 0045b451 f   xapilibd:contsig.obj
 0002:00013e4a       _XLocateSignatureByNameEx@24 0045b50a f   xapilibd:contsig.obj
 0002:00013fb3       _XLocateSignatureByName@24 0045b673 f   xapilibd:contsig.obj
 0002:00013fd9       _XLocateNextSignature@28   0045b699 f   xapilibd:contsig.obj
 0002:00014102       _XCalculateContentSignature@16 0045b7c2 f   xapilibd:contsig.obj
 0002:0001418c       _XLocateLiveSignature@12   0045b84c f   xapilibd:contsig.obj
 0002:00014209       _XCloseContentSignatures@4 0045b8c9 f   xapilibd:contsig.obj
 0002:0001424a       _XMemAlloc@8               0045b90a f   xapilibd:xmem.obj
 0002:00014378       _XMemFree@8                0045ba38 f   xapilibd:xmem.obj
 0002:00014509       _XMemSize@8                0045bbc9 f   xapilibd:xmem.obj
 0002:0001452c       _XapiFormatFATVolumeEx@8   0045bbec f   xapilibd:format.obj
 0002:00014919       _XapiFormatFATVolume@4     0045bfd9 f   xapilibd:format.obj
 0002:00014932       _lstrcmpW@8                0045bff2 f   xapilibd:lcompat.obj
 0002:00014988       _lstrcmpiW@8               0045c048 f   xapilibd:lcompat.obj
 0002:000149de       _lstrcpyW@8                0045c09e f   xapilibd:lcompat.obj
 0002:00014a24       _lstrcpynW@12              0045c0e4 f   xapilibd:lcompat.obj
 0002:00014aab       _lstrcatW@8                0045c16b f   xapilibd:lcompat.obj
 0002:00014af1       _lstrlenW@4                0045c1b1 f   xapilibd:lcompat.obj
 0002:00014b40       @RtlFindFirstSetRightMember@4 0045c200 f   xapilibd:bitmapa.obj
 0002:00014b44       _XQueryValue@20            0045c204 f   xapilibd:xqueryvalue.obj
 0002:00014b6e       _XShaHmacInitialize@12     0045c22e f   xapilibd:xcalcsig.obj
 0002:00014c2f       _XShaHmacUpdate@12         0045c2ef f   xapilibd:xcalcsig.obj
 0002:00014c87       _XShaHmacComputeFinal@16   0045c347 f   xapilibd:xcalcsig.obj
 0002:00014d4a       _XapiConvertSignatureToNonRoamable@12 0045c40a f   xapilibd:xcalcsig.obj
 0002:00014e05       _XapipCalculateSaveGameSignatureBegin@8 0045c4c5 f   xapilibd:xcalcsig.obj
 0002:00014eed       _XapipCalculateSaveGameSignatureUpdate@12 0045c5ad f   xapilibd:xcalcsig.obj
 0002:00014f2e       _XapipCalculateSaveGameSignatureEnd@8 0045c5ee f   xapilibd:xcalcsig.obj
 0002:00014fd1       _XapipCalculateContentSignatureBegin@0 0045c691 f   xapilibd:xcalcsig.obj
 0002:00015014       _XapipCalculateContentSignatureUpdate@12 0045c6d4 f   xapilibd:xcalcsig.obj
 0002:00015035       _XapipCalculateContentSignatureEnd@8 0045c6f5 f   xapilibd:xcalcsig.obj
 0002:0001506a       _XCalculateSignatureGetSize@4 0045c72a f   xapilibd:xcalcsig.obj
 0002:000150a8       _XCalculateSignatureBeginEx@8 0045c768 f   xapilibd:xcalcsig.obj
 0002:0001512f       _XCalculateSignatureBegin@4 0045c7ef f   xapilibd:xcalcsig.obj
 0002:0001514b       _XCalculateSignatureUpdate@12 0045c80b f   xapilibd:xcalcsig.obj
 0002:00015219       _XCalculateSignatureEnd@8  0045c8d9 f   xapilibd:xcalcsig.obj
 0002:000152bc       _XapiNukeDirectoryFromHandle@8 0045c97c f   xapilibd:xclndrv.obj
 0002:00015498       _XapiNukeDirectory@8       0045cb58 f   xapilibd:xclndrv.obj
 0002:00015547       _SetFileAttributesA@8      0045cc07 f   xapilibd:filemisc.obj
 0002:00015616       _GetFileAttributesA@4      0045ccd6 f   xapilibd:filemisc.obj
 0002:00015673       _GetFileAttributesExA@12   0045cd33 f   xapilibd:filemisc.obj
 0002:00015739       _MoveFileA@8               0045cdf9 f   xapilibd:filemisc.obj
 0002:000157f4       _DeleteFileA@4             0045ceb4 f   xapilibd:filemisc.obj
 0002:000158a5       _XSetFileCacheSize@4       0045cf65 f   xapilibd:filemisc.obj
 0002:000158de       _XGetFileCacheSize@0       0045cf9e f   xapilibd:filemisc.obj
 0002:000158ea       _XapiGetDirectoryDisplayBlocks@12 0045cfaa f   xapilibd:filemisc.obj
 0002:00015a6c       _XGetDisplayBlocks@4       0045d12c f   xapilibd:filemisc.obj
 0002:00015b7a       _MoveFileWithProgressA@20  0045d23a f   xapilibd:filemisc.obj
 0002:00015ca6       _MoveFileExA@12            0045d366 f   xapilibd:filemisc.obj
 0002:00015cc5       _XPhysicalAlloc@16         0045d385 f   xapilibd:physical.obj
 0002:00015d88       _XPhysicalAllocEx@20       0045d448 f   xapilibd:physical.obj
 0002:00015e16       _XPhysicalSize@4           0045d4d6 f   xapilibd:physical.obj
 0002:00015e43       _XPhysicalProtect@12       0045d503 f   xapilibd:physical.obj
 0002:00015e9b       _XPhysicalFree@4           0045d55b f   xapilibd:physical.obj
 0002:00015ec8       _XQueryMemoryProtect@4     0045d588 f   xapilibd:physical.obj
 0002:00015ed4       _xCompareStringW@20        0045d594 f   xapilibd:compstr.obj
 0002:000160d4       _RtlRip@12                 0045d794 f   xboxkrnl:xboxkrnl.exe
 0002:000160da       _NtClose@4                 0045d79a f   xboxkrnl:xboxkrnl.exe
 0002:000160e0       _NtQueryVolumeInformationFile@20 0045d7a0 f   xboxkrnl:xboxkrnl.exe
 0002:000160e6       _NtOpenFile@24             0045d7a6 f   xboxkrnl:xboxkrnl.exe
 0002:000160ec       _NtWriteFile@32            0045d7ac f   xboxkrnl:xboxkrnl.exe
 0002:000160f2       _NtQueryInformationFile@20 0045d7b2 f   xboxkrnl:xboxkrnl.exe
 0002:000160f8       _NtCreateFile@36           0045d7b8 f   xboxkrnl:xboxkrnl.exe
 0002:000160fe       _RtlInitAnsiString@8       0045d7be f   xboxkrnl:xboxkrnl.exe
 0002:00016104       _RtlAssert@16              0045d7c4 f   xboxkrnl:xboxkrnl.exe
 0002:0001610a       _IoCreateSymbolicLink@8    0045d7ca f   xboxkrnl:xboxkrnl.exe
 0002:00016110       _NtSetInformationFile@20   0045d7d0 f   xboxkrnl:xboxkrnl.exe
 0002:00016116       _KeQuerySystemTime@4       0045d7d6 f   xboxkrnl:xboxkrnl.exe
 0002:0001611c       _HalReturnToFirmware@4     0045d7dc f   xboxkrnl:xboxkrnl.exe
 0002:00016122       _MmFreeContiguousMemory@4  0045d7e2 f   xboxkrnl:xboxkrnl.exe
 0002:00016128       _HalRegisterShutdownNotification@8 0045d7e8 f   xboxkrnl:xboxkrnl.exe
 0002:0001612e       _RtlNtStatusToDosError@4   0045d7ee f   xboxkrnl:xboxkrnl.exe
 0002:00016134       _NtCreateIoCompletion@16   0045d7f4 f   xboxkrnl:xboxkrnl.exe
 0002:0001613a       _NtSetIoCompletion@20      0045d7fa f   xboxkrnl:xboxkrnl.exe
 0002:00016140       _NtRemoveIoCompletion@20   0045d800 f   xboxkrnl:xboxkrnl.exe
 0002:00016146       _MmSetAddressProtect@12    0045d806 f   xboxkrnl:xboxkrnl.exe
 0002:0001614c       _MmQueryAddressProtect@4   0045d80c f   xboxkrnl:xboxkrnl.exe
 0002:00016152       _NtDuplicateObject@12      0045d812 f   xboxkrnl:xboxkrnl.exe
 0002:00016158       _RtlLeaveCriticalSection@4 0045d818 f   xboxkrnl:xboxkrnl.exe
 0002:0001615e       _RtlEnterCriticalSection@4 0045d81e f   xboxkrnl:xboxkrnl.exe
 0002:00016164       @ObfDereferenceObject@4    0045d824 f   xboxkrnl:xboxkrnl.exe
 0002:0001616a       _KeSetBasePriorityThread@8 0045d82a f   xboxkrnl:xboxkrnl.exe
 0002:00016170       _ObReferenceObjectByHandle@12 0045d830 f   xboxkrnl:xboxkrnl.exe
 0002:00016176       _KeQueryBasePriorityThread@4 0045d836 f   xboxkrnl:xboxkrnl.exe
 0002:0001617c       _KeSetDisableBoostThread@8 0045d83c f   xboxkrnl:xboxkrnl.exe
 0002:00016182       _NtSuspendThread@8         0045d842 f   xboxkrnl:xboxkrnl.exe
 0002:00016188       _NtResumeThread@8          0045d848 f   xboxkrnl:xboxkrnl.exe
 0002:0001618e       _RtlRaiseException@4       0045d84e f   xboxkrnl:xboxkrnl.exe
 0002:00016194       _NtQueueApcThread@20       0045d854 f   xboxkrnl:xboxkrnl.exe
 0002:0001619a       _NtYieldExecution@0        0045d85a f   xboxkrnl:xboxkrnl.exe
 0002:000161a0       _PsTerminateSystemThread@4 0045d860 f   xboxkrnl:xboxkrnl.exe
 0002:000161a6       _DbgPrint                  0045d866 f   xboxkrnl:xboxkrnl.exe
 0002:000161ac       _PsCreateSystemThreadEx@40 0045d86c f   xboxkrnl:xboxkrnl.exe
 0002:000161b2       _RtlEqualString@12         0045d872 f   xboxkrnl:xboxkrnl.exe
 0002:000161b8       _XeLoadSection@4           0045d878 f   xboxkrnl:xboxkrnl.exe
 0002:000161be       _XeUnloadSection@4         0045d87e f   xboxkrnl:xboxkrnl.exe
 0002:000161c4       _MmPersistContiguousMemory@12 0045d884 f   xboxkrnl:xboxkrnl.exe
 0002:000161ca       _MmAllocateContiguousMemory@4 0045d88a f   xboxkrnl:xboxkrnl.exe
 0002:000161d0       _IoDeleteSymbolicLink@4    0045d890 f   xboxkrnl:xboxkrnl.exe
 0002:000161d6       _NtQuerySymbolicLinkObject@12 0045d896 f   xboxkrnl:xboxkrnl.exe
 0002:000161dc       _NtOpenSymbolicLinkObject@8 0045d89c f   xboxkrnl:xboxkrnl.exe
 0002:000161e2       _XcSHAFinal@8              0045d8a2 f   xboxkrnl:xboxkrnl.exe
 0002:000161e8       _XcSHAUpdate@12            0045d8a8 f   xboxkrnl:xboxkrnl.exe
 0002:000161ee       _XcSHAInit@4               0045d8ae f   xboxkrnl:xboxkrnl.exe
 0002:000161f4       _ExQueryNonVolatileSetting@20 0045d8b4 f   xboxkrnl:xboxkrnl.exe
 0002:000161fa       _NtReadFile@32             0045d8ba f   xboxkrnl:xboxkrnl.exe
 0002:00016200       _NtFsControlFile@40        0045d8c0 f   xboxkrnl:xboxkrnl.exe
 0002:00016206       _RtlFillMemoryUlong@12     0045d8c6 f   xboxkrnl:xboxkrnl.exe
 0002:0001620c       _NtFreeVirtualMemory@12    0045d8cc f   xboxkrnl:xboxkrnl.exe
 0002:00016212       _NtAllocateVirtualMemory@20 0045d8d2 f   xboxkrnl:xboxkrnl.exe
 0002:00016218       _DbgBreakPoint@0           0045d8d8 f   xboxkrnl:xboxkrnl.exe
 0002:0001621e       _RtlCompareMemoryUlong@12  0045d8de f   xboxkrnl:xboxkrnl.exe
 0002:00016224       _RtlCompareMemory@12       0045d8e4 f   xboxkrnl:xboxkrnl.exe
 0002:0001622a       _RtlInitializeCriticalSection@4 0045d8ea f   xboxkrnl:xboxkrnl.exe
 0002:00016230       _NtQueryVirtualMemory@8    0045d8f0 f   xboxkrnl:xboxkrnl.exe
 0002:00016236       _KeSetTimer@16             0045d8f6 f   xboxkrnl:xboxkrnl.exe
 0002:0001623c       @KfLowerIrql@4             0045d8fc f   xboxkrnl:xboxkrnl.exe
 0002:00016242       _KeQueryInterruptTime@0    0045d902 f   xboxkrnl:xboxkrnl.exe
 0002:00016248       _KeRaiseIrqlToDpcLevel@0   0045d908 f   xboxkrnl:xboxkrnl.exe
 0002:0001624e       _HalInitiateShutdown@0     0045d90e f   xboxkrnl:xboxkrnl.exe
 0002:00016254       _KeInitializeTimerEx@8     0045d914 f   xboxkrnl:xboxkrnl.exe
 0002:0001625a       _KeInitializeDpc@12        0045d91a f   xboxkrnl:xboxkrnl.exe
 0002:00016260       _KeSetEvent@12             0045d920 f   xboxkrnl:xboxkrnl.exe
 0002:00016266       _KeWaitForSingleObject@20  0045d926 f   xboxkrnl:xboxkrnl.exe
 0002:0001626c       _NtCreateEvent@16          0045d92c f   xboxkrnl:xboxkrnl.exe
 0002:00016272       _ObOpenObjectByName@16     0045d932 f   xboxkrnl:xboxkrnl.exe
 0002:00016278       _NtSetEvent@8              0045d938 f   xboxkrnl:xboxkrnl.exe
 0002:0001627e       _NtClearEvent@4            0045d93e f   xboxkrnl:xboxkrnl.exe
 0002:00016284       _NtPulseEvent@8            0045d944 f   xboxkrnl:xboxkrnl.exe
 0002:0001628a       _NtCreateSemaphore@16      0045d94a f   xboxkrnl:xboxkrnl.exe
 0002:00016290       _NtReleaseSemaphore@12     0045d950 f   xboxkrnl:xboxkrnl.exe
 0002:00016296       _NtCreateMutant@12         0045d956 f   xboxkrnl:xboxkrnl.exe
 0002:0001629c       _NtReleaseMutant@8         0045d95c f   xboxkrnl:xboxkrnl.exe
 0002:000162a2       _NtWaitForSingleObjectEx@16 0045d962 f   xboxkrnl:xboxkrnl.exe
 0002:000162a8       _NtSignalAndWaitForSingleObjectEx@20 0045d968 f   xboxkrnl:xboxkrnl.exe
 0002:000162ae       _NtWaitForMultipleObjectsEx@24 0045d96e f   xboxkrnl:xboxkrnl.exe
 0002:000162b4       _KeDelayExecutionThread@12 0045d974 f   xboxkrnl:xboxkrnl.exe
 0002:000162ba       _NtCreateTimer@12          0045d97a f   xboxkrnl:xboxkrnl.exe
 0002:000162c0       _NtSetTimerEx@32           0045d980 f   xboxkrnl:xboxkrnl.exe
 0002:000162c6       _NtCancelTimer@8           0045d986 f   xboxkrnl:xboxkrnl.exe
 0002:000162cc       _NtWaitForSingleObject@12  0045d98c f   xboxkrnl:xboxkrnl.exe
 0002:000162d2       _NtFlushBuffersFile@8      0045d992 f   xboxkrnl:xboxkrnl.exe
 0002:000162d8       _NtUserIoApcDispatcher@12  0045d998 f   xboxkrnl:xboxkrnl.exe
 0002:000162de       _NtDeviceIoControlFile@40  0045d99e f   xboxkrnl:xboxkrnl.exe
 0002:000162e4       _NtReadFileScatter@32      0045d9a4 f   xboxkrnl:xboxkrnl.exe
 0002:000162ea       _NtWriteFileGather@32      0045d9aa f   xboxkrnl:xboxkrnl.exe
 0002:000162f0       _IoQueryVolumeInformation@20 0045d9b0 f   xboxkrnl:xboxkrnl.exe
 0002:000162f6       _MmFreeSystemMemory@8      0045d9b6 f   xboxkrnl:xboxkrnl.exe
 0002:000162fc       _MmAllocateSystemMemory@8  0045d9bc f   xboxkrnl:xboxkrnl.exe
 0002:00016302       _XcHMAC@28                 0045d9c2 f   xboxkrnl:xboxkrnl.exe
 0002:00016308       _RtlCompareString@12       0045d9c8 f   xboxkrnl:xboxkrnl.exe
 0002:0001630e       _NtQueryDirectoryFile@40   0045d9ce f   xboxkrnl:xboxkrnl.exe
 0002:00016314       _NtQueryFullAttributesFile@8 0045d9d4 f   xboxkrnl:xboxkrnl.exe
 0002:0001631a       _FscSetCacheSize@4         0045d9da f   xboxkrnl:xboxkrnl.exe
 0002:00016320       _FscGetCacheSize@0         0045d9e0 f   xboxkrnl:xboxkrnl.exe
 0002:00016326       _MmAllocateContiguousMemoryEx@20 0045d9e6 f   xboxkrnl:xboxkrnl.exe
 0002:0001632c       _MmQueryAllocationSize@4   0045d9ec f   xboxkrnl:xboxkrnl.exe
 0002:00016332       _AvGetSavedDataAddress@0   0045d9f2 f   xboxkrnl:xboxkrnl.exe
 0002:00016338       _AvSendTVEncoderOption@16  0045d9f8 f   xboxkrnl:xboxkrnl.exe
 0002:0001633e       _AvSetDisplayMode@24       0045d9fe f   xboxkrnl:xboxkrnl.exe
 0002:00016344       _AvSetSavedDataAddress@4   0045da04 f   xboxkrnl:xboxkrnl.exe
 0002:0001634a       _MmQueryStatistics@4       0045da0a f   xboxkrnl:xboxkrnl.exe
 0002:00016350       _RtlWalkFrameChain@12      0045da10 f   xboxkrnl:xboxkrnl.exe
 0002:00016356       _NtDeleteFile@4            0045da16 f   xboxkrnl:xboxkrnl.exe
 0002:0001635c       _KeInsertQueueDpc@12       0045da1c f   xboxkrnl:xboxkrnl.exe
 0002:00016362       _HalReadWritePCISpace@24   0045da22 f   xboxkrnl:xboxkrnl.exe
 0002:00016368       _KeConnectInterrupt@4      0045da28 f   xboxkrnl:xboxkrnl.exe
 0002:0001636e       _KeInitializeInterrupt@28  0045da2e f   xboxkrnl:xboxkrnl.exe
 0002:00016374       _HalGetInterruptVector@8   0045da34 f   xboxkrnl:xboxkrnl.exe
 0002:0001637a       _KeDisconnectInterrupt@4   0045da3a f   xboxkrnl:xboxkrnl.exe
 0002:00016380       _MmClaimGpuInstanceMemory@8 0045da40 f   xboxkrnl:xboxkrnl.exe
 0002:00016386       _KeStallExecutionProcessor@4 0045da46 f   xboxkrnl:xboxkrnl.exe
 0002:0001638c       __fpclear                  0045da4c f   LIBCMTD:fpinit.obj
 0002:0001638d       __cfltcvt_init             0045da4d f   LIBCMTD:fpinit.obj
 0002:000163d3       ___setfflag                0045da93 f   LIBCMTD:fpinit.obj
 0002:000163ea       __fpmath                   0045daaa f   LIBCMTD:fpinit.obj
 0002:00016410       __RTC_CheckEsp             0045dad0 f   LIBCMTD:stack.obj
 0002:00016440       @_RTC_CheckStackVars@8     0045db00 f   LIBCMTD:stack.obj
 0002:000164c0       __RTC_InitBase             0045db80 f   LIBCMTD:init.obj
 0002:00016500       __RTC_Shutdown             0045dbc0 f   LIBCMTD:init.obj
 0002:00016520       _memset                    0045dbe0 f   LIBCMTD:memset.obj
 0002:000165a0       _memcpy                    0045dc60 f   LIBCMTD:memcpy.obj
 0002:000169b0       __snwprintf                0045e070 f   LIBCMTD:snwprint.obj
 0002:00016b40       _sprintf                   0045e200 f   LIBCMTD:sprintf.obj
 0002:00016c70       __scprintf                 0045e330 f   LIBCMTD:sprintf.obj
 0002:00016d10       __RTC_Initialize           0045e3d0 f   LIBCMTD:initsect.obj
 0002:00016db0       __RTC_Terminate            0045e470 f   LIBCMTD:initsect.obj
 0002:00016e48       __SEH_prolog               0045e508 f   LIBCMTD:sehprolg.obj
 0002:00016e83       __SEH_epilog               0045e543 f   LIBCMTD:sehprolg.obj
 0002:00016eb0       __except_handler3          0045e570 f   LIBCMTD:exsup3.obj
 0002:00016f82       __seh_longjmp_unwind@4     0045e642 f   LIBCMTD:exsup3.obj
 0002:00016fe0       __vsnprintf                0045e6a0 f   LIBCMTD:vsnprint.obj
 0002:000170e0       __stricmp                  0045e7a0 f   LIBCMTD:stricmp.obj
 0002:00017180       __snprintf                 0045e840 f   LIBCMTD:snprintf.obj
 0002:000172b0       _strncpy                   0045e970 f   LIBCMTD:strncpy.obj
 0002:00017420       __strnicmp                 0045eae0 f   LIBCMTD:strnicmp.obj
 0002:000174e0       __chkstk                   0045eba0 f   LIBCMTD:chkstk.obj
 0002:000174e0       __alloca_probe             0045eba0     LIBCMTD:chkstk.obj
 0002:00017540       __allmul                   0045ec00 f   LIBCMTD:llmul.obj
 0002:00017590       _memmove                   0045ec50 f   LIBCMTD:memmove.obj
 0002:0001799c       __global_unwind2           0045f05c f   LIBCMTD:exsup.obj
 0002:000179de       __local_unwind2            0045f09e f   LIBCMTD:exsup.obj
 0002:00017a36       __NLG_Return2              0045f0f6     LIBCMTD:exsup.obj
 0002:00017a46       __abnormal_termination     0045f106 f   LIBCMTD:exsup.obj
 0002:00017a69       __NLG_Notify1              0045f129 f   LIBCMTD:exsup.obj
 0002:00017a72       __NLG_Notify               0045f132 f   LIBCMTD:exsup.obj
 0002:00017a85       __NLG_Dispatch             0045f145     LIBCMTD:exsup.obj
 0002:00017ad0       __aulldiv                  0045f190 f   LIBCMTD:ulldiv.obj
 0002:00017b60       _wcsncpy                   0045f220 f   LIBCMTD:wcsncpy.obj
 0002:00017bf0       _wcscat                    0045f2b0 f   LIBCMTD:wcscat.obj
 0002:00017c60       _wcscpy                    0045f320 f   LIBCMTD:wcscat.obj
 0002:00017cb0       _wcslen                    0045f370 f   LIBCMTD:wcslen.obj
 0002:00017cf0       __alldiv                   0045f3b0 f   LIBCMTD:lldiv.obj
 0002:00017dd0       _wcscmp                    0045f490 f   LIBCMTD:wcscmp.obj
 0002:00017e50       __wcsicmp                  0045f510 f   LIBCMTD:wcsicmp.obj
 0002:00017fa8       __ftol2                    0045f668 f   LIBCMTD:ftol2.obj
 0002:00018040       _malloc                    0045f700 f   LIBCMTD:dbgheap.obj
 0002:00018070       __malloc_dbg               0045f730 f   LIBCMTD:dbgheap.obj
 0002:000180b0       __nh_malloc                0045f770 f   LIBCMTD:dbgheap.obj
 0002:000180e0       __nh_malloc_dbg            0045f7a0 f   LIBCMTD:dbgheap.obj
 0002:000181b0       __heap_alloc               0045f870 f   LIBCMTD:dbgheap.obj
 0002:000181d0       __heap_alloc_dbg           0045f890 f   LIBCMTD:dbgheap.obj
 0002:000185b0       _calloc                    0045fc70 f   LIBCMTD:dbgheap.obj
 0002:000185e0       __calloc_dbg               0045fca0 f   LIBCMTD:dbgheap.obj
 0002:00018660       _realloc                   0045fd20 f   LIBCMTD:dbgheap.obj
 0002:00018690       __realloc_dbg              0045fd50 f   LIBCMTD:dbgheap.obj
 0002:00018da0       __expand                   00460460 f   LIBCMTD:dbgheap.obj
 0002:00018dd0       __expand_dbg               00460490 f   LIBCMTD:dbgheap.obj
 0002:00018e80       _free                      00460540 f   LIBCMTD:dbgheap.obj
 0002:00018ea0       __free_lk                  00460560 f   LIBCMTD:dbgheap.obj
 0002:00018ec0       __free_dbg                 00460580 f   LIBCMTD:dbgheap.obj
 0002:00018f50       __free_dbg_lk              00460610 f   LIBCMTD:dbgheap.obj
 0002:00019470       __msize                    00460b30 f   LIBCMTD:dbgheap.obj
 0002:00019490       __msize_dbg                00460b50 f   LIBCMTD:dbgheap.obj
 0002:00019660       __CrtSetBreakAlloc         00460d20 f   LIBCMTD:dbgheap.obj
 0002:00019690       __CrtSetDbgBlockType       00460d50 f   LIBCMTD:dbgheap.obj
 0002:000197a0       __CrtSetAllocHook          00460e60 f   LIBCMTD:dbgheap.obj
 0002:00019830       __CrtCheckMemory           00460ef0 f   LIBCMTD:dbgheap.obj
 0002:00019c70       __CrtSetDbgFlag            00461330 f   LIBCMTD:dbgheap.obj
 0002:00019d40       __CrtDoForAllClientObjects 00461400 f   LIBCMTD:dbgheap.obj
 0002:00019e10       __CrtIsValidPointer        004614d0 f   LIBCMTD:dbgheap.obj
 0002:00019e70       __CrtIsValidHeapPointer    00461530 f   LIBCMTD:dbgheap.obj
 0002:00019ef0       __CrtIsMemoryBlock         004615b0 f   LIBCMTD:dbgheap.obj
 0002:0001a060       __CrtReportBlockType       00461720 f   LIBCMTD:dbgheap.obj
 0002:0001a0a0       __CrtSetDumpClient         00461760 f   LIBCMTD:dbgheap.obj
 0002:0001a0d0       __CrtMemCheckpoint         00461790 f   LIBCMTD:dbgheap.obj
 0002:0001a2d0       __CrtMemDifference         00461990 f   LIBCMTD:dbgheap.obj
 0002:0001a430       __CrtMemDumpAllObjectsSince 00461af0 f   LIBCMTD:dbgheap.obj
 0002:0001a8e0       __CrtDumpMemoryLeaks       00461fa0 f   LIBCMTD:dbgheap.obj
 0002:0001a960       __CrtMemDumpStatistics     00462020 f   LIBCMTD:dbgheap.obj
 0002:0001aa40       __aligned_malloc           00462100 f   LIBCMTD:dbgheap.obj
 0002:0001aa70       __aligned_malloc_dbg       00462130 f   LIBCMTD:dbgheap.obj
 0002:0001aaa0       __aligned_realloc          00462160 f   LIBCMTD:dbgheap.obj
 0002:0001aad0       __aligned_realloc_dbg      00462190 f   LIBCMTD:dbgheap.obj
 0002:0001ab00       __aligned_offset_malloc    004621c0 f   LIBCMTD:dbgheap.obj
 0002:0001ab30       __aligned_offset_malloc_dbg 004621f0 f   LIBCMTD:dbgheap.obj
 0002:0001acc0       __aligned_offset_realloc   00462380 f   LIBCMTD:dbgheap.obj
 0002:0001acf0       __aligned_offset_realloc_dbg 004623b0 f   LIBCMTD:dbgheap.obj
 0002:0001afe0       __aligned_free             004626a0 f   LIBCMTD:dbgheap.obj
 0002:0001b000       __aligned_free_dbg         004626c0 f   LIBCMTD:dbgheap.obj
 0002:0001b0e0       _strchr                    004627a0 f   LIBCMTD:strchr.obj
 0002:0001b0e6       ___from_strstr_to_strchr   004627a6     LIBCMTD:strchr.obj
 0002:0001b1d1       __copysign                 00462891 f   LIBCMTD:ieeemisc.obj
 0002:0001b1fa       __chgsign                  004628ba f   LIBCMTD:ieeemisc.obj
 0002:0001b229       __scalb                    004628e9 f   LIBCMTD:ieeemisc.obj
 0002:0001b247       __logb                     00462907 f   LIBCMTD:ieeemisc.obj
 0002:0001b36c       __nextafter                00462a2c f   LIBCMTD:ieeemisc.obj
 0002:0001b699       __finite                   00462d59 f   LIBCMTD:ieeemisc.obj
 0002:0001b6b7       __isnan                    00462d77 f   LIBCMTD:ieeemisc.obj
 0002:0001b6f3       __fpclass                  00462db3 f   LIBCMTD:ieeemisc.obj
 0002:0001b7b8       __CIacos                   00462e78 f   LIBCMTD:acos.obj
 0002:0001b7cc       _acos                      00462e8c     LIBCMTD:acos.obj
 0002:0001b8b5       __forcdecpt                00462f75 f   LIBCMTD:cvt.obj
 0002:0001b91b       __cropzeros                00462fdb f   LIBCMTD:cvt.obj
 0002:0001b97c       __positive                 0046303c f   LIBCMTD:cvt.obj
 0002:0001b9a1       __fassign                  00463061 f   LIBCMTD:cvt.obj
 0002:0001baec       __cftoe                    004631ac f   LIBCMTD:cvt.obj
 0002:0001bc31       __cftof                    004632f1 f   LIBCMTD:cvt.obj
 0002:0001bc97       __cftog                    00463357 f   LIBCMTD:cvt.obj
 0002:0001bd47       __cfltcvt                  00463407 f   LIBCMTD:cvt.obj
 0002:0001bdb0       __setdefaultprecision      00463470 f   LIBCMTD:fp8.obj
 0002:0001bdd0       ?_RTC_GetSrcLine@@YAHKPADHPAHPAPAD@Z 00463490 f   LIBCMTD:error.obj
 0002:0001be20       ?_RTC_Failure@@YAXPAXH@Z   004634e0 f   LIBCMTD:error.obj
 0002:0001c100       ?_RTC_MemFailure@@YAXPAXHPBX@Z 004637c0 f   LIBCMTD:error.obj
 0002:0001c3e0       ?_RTC_StackFailure@@YAXPAXPBD@Z 00463aa0 f   LIBCMTD:error.obj
 0002:0001c4d0       __RTC_UninitUse            00463b90 f   LIBCMTD:error.obj
 0002:0001c5f0       __RTC_NumErrors            00463cb0 f   LIBCMTD:userapi.obj
 0002:0001c600       __RTC_GetErrDesc           00463cc0 f   LIBCMTD:userapi.obj
 0002:0001c630       __RTC_SetErrorType         00463cf0 f   LIBCMTD:userapi.obj
 0002:0001c660       __RTC_SetErrorFunc         00463d20 f   LIBCMTD:userapi.obj
 0002:0001c680       ?_RTC_GetErrorFunc@@YAP6AHHPBDH00ZZPBX@Z 00463d40 f   LIBCMTD:userapi.obj
 0002:0001c690       __chkesp                   00463d50 f   LIBCMTD:chkesp.obj
 0002:0001c6e0       __CRT_RTC_INIT             00463da0 f   LIBCMTD:chkesp.obj
 0002:0001c6f0       __flsbuf                   00463db0 f   LIBCMTD:_flsbuf.obj
 0002:0001c9e0       __woutput                  004640a0 f   LIBCMTD:woutput.obj
 0002:0001dc50       __CrtDbgBreak              00465310 f   LIBCMTD:dbgrpt.obj
 0002:0001dc60       __CrtSetReportMode         00465320 f   LIBCMTD:dbgrpt.obj
 0002:0001dcd0       __CrtSetReportFile         00465390 f   LIBCMTD:dbgrpt.obj
 0002:0001dd30       __CrtSetReportHook         004653f0 f   LIBCMTD:dbgrpt.obj
 0002:0001dd60       __CrtSetReportHook2        00465420 f   LIBCMTD:dbgrpt.obj
 0002:0001e040       __CrtDbgReport             00465700 f   LIBCMTD:dbgrpt.obj
 0002:0001ea00       __output                   004660c0 f   LIBCMTD:output.obj
 0002:0001fd50       __tolower                  00467410 f   LIBCMTD:tolower.obj
 0002:0001fd60       _tolower                   00467420 f   LIBCMTD:tolower.obj
 0002:0001fdd0       ___ascii_stricmp           00467490 f   LIBCMTD:_stricmp.obj
 0002:0001fe40       ___ascii_strnicmp          00467500 f   LIBCMTD:_strnicm.obj
 0002:0001fec0       _towlower                  00467580 f   LIBCMTD:towlower.obj
 0002:0001ff60       ?_set_new_handler@@YAP6AHI@ZP6AHI@Z@Z 00467620 f   LIBCMTD:handler.obj
 0002:0001ffa0       ?_query_new_handler@@YAP6AHI@ZXZ 00467660 f   LIBCMTD:handler.obj
 0002:0001ffb0       __callnewh                 00467670 f   LIBCMTD:handler.obj
 0002:0001fff0       __mtinitlocks              004676b0 f   LIBCMTD:mlock.obj
 0002:000200a0       __mtdeletelocks            00467760 f   LIBCMTD:mlock.obj
 0002:00020180       __mtinitlocknum            00467840 f   LIBCMTD:mlock.obj
 0002:000202f0       __lock                     004679b0 f   LIBCMTD:mlock.obj
 0002:00020340       __unlock                   00467a00 f   LIBCMTD:mlock.obj
 0002:00020360       __lockerr_exit             00467a20 f   LIBCMTD:mlock.obj
 0002:00020380       __malloc_base              00467a40 f   LIBCMTD:malloc.obj
 0002:000203b0       __nh_malloc_base           00467a70 f   LIBCMTD:malloc.obj
 0002:00020420       __heap_alloc_base          00467ae0 f   LIBCMTD:malloc.obj
 0002:00020470       __CrtDefaultAllocHook      00467b30 f   LIBCMTD:dbghook.obj
 0002:00020480       __expand_base              00467b40 f   LIBCMTD:expand.obj
 0002:000205a0       __realloc_base             00467c60 f   LIBCMTD:realloc.obj
 0002:00020780       __free_base                00467e40 f   LIBCMTD:free.obj
 0002:00020850       __heapchk                  00467f10 f   LIBCMTD:heapchk.obj
 0002:00020930       __heapset                  00467ff0 f   LIBCMTD:heapchk.obj
 0002:00020940       ___heap_select             00468000 f   LIBCMTD:heapinit.obj
 0002:00020960       __get_heap_handle          00468020 f   LIBCMTD:heapinit.obj
 0002:00020970       __chvalidator              00468030 f   LIBCMTD:isctype.obj
 0002:000209c0       __isctype                  00468080 f   LIBCMTD:isctype.obj
 0002:00020a00       __dosmaperr                004680c0 f   LIBCMTD:dosmap.obj
 0002:00020ac0       __errno                    00468180 f   LIBCMTD:dosmap.obj
 0002:00020ad0       ___doserrno                00468190 f   LIBCMTD:dosmap.obj
 0002:00020ae0       _ldexp                     004681a0 f   LIBCMTD:ldexp.obj
 0002:00020cf4       __set_exp                  004683b4 f   LIBCMTD:util.obj
 0002:00020d28       __get_exp                  004683e8 f   LIBCMTD:util.obj
 0002:00020d46       __add_exp                  00468406 f   LIBCMTD:util.obj
 0002:00020d7b       __set_bexp                 0046843b f   LIBCMTD:util.obj
 0002:00020da9       __sptype                   00468469 f   LIBCMTD:util.obj
 0002:00020e1a       __decomp                   004684da f   LIBCMTD:util.obj
 0002:00020efb       __raise_exc                004685bb f   LIBCMTD:fpexcept.obj
 0002:00021248       __handle_exc               00468908 f   LIBCMTD:fpexcept.obj
 0002:000214b0       __set_errno                00468b70 f   LIBCMTD:fpexcept.obj
 0002:00021512       __errcode                  00468bd2 f   LIBCMTD:fpexcept.obj
 0002:00021550       __umatherr                 00468c10 f   LIBCMTD:fpexcept.obj
 0002:00021615       __handle_qnan1             00468cd5 f   LIBCMTD:fpexcept.obj
 0002:0002167c       __handle_qnan2             00468d3c f   LIBCMTD:fpexcept.obj
 0002:000216f2       __except1                  00468db2 f   LIBCMTD:fpexcept.obj
 0002:000217ce       __except2                  00468e8e f   LIBCMTD:fpexcept.obj
 0002:000218bc       __statfp                   00468f7c f   LIBCMTD:fpctrl.obj
 0002:000218cd       __clrfp                    00468f8d f   LIBCMTD:fpctrl.obj
 0002:000218df       __ctrlfp                   00468f9f f   LIBCMTD:fpctrl.obj
 0002:0002190c       __set_statfp               00468fcc f   LIBCMTD:fpctrl.obj
 0002:00021978       __trandisp1                00469038 f   LIBCMTD:87disp.obj
 0002:000219df       __trandisp2                0046909f f   LIBCMTD:87disp.obj
 0002:00021a6b       __rttospopde               0046912b     LIBCMTD:87disp.obj
 0002:00021a70       __rttospop                 00469130     LIBCMTD:87disp.obj
 0002:00021a72       __rtnospop                 00469132     LIBCMTD:87disp.obj
 0002:00021a74       __rttosnpop                00469134     LIBCMTD:87disp.obj
 0002:00021a75       __rtnospopde               00469135     LIBCMTD:87disp.obj
 0002:00021a7c       __rtzeropop                0046913c     LIBCMTD:87disp.obj
 0002:00021a7e       __rtzeronpop               0046913e     LIBCMTD:87disp.obj
 0002:00021a83       __rtonepop                 00469143     LIBCMTD:87disp.obj
 0002:00021a85       __rtonenpop                00469145     LIBCMTD:87disp.obj
 0002:00021a8a       __tosnan1                  0046914a     LIBCMTD:87disp.obj
 0002:00021ab5       __nosnan2                  00469175     LIBCMTD:87disp.obj
 0002:00021ab7       __tosnan2                  00469177     LIBCMTD:87disp.obj
 0002:00021adf       __nan2                     0046919f     LIBCMTD:87disp.obj
 0002:00021b1e       __rtindfpop                004691de     LIBCMTD:87disp.obj
 0002:00021b20       __rtindfnpop               004691e0     LIBCMTD:87disp.obj
 0002:00021b31       __rttosnpopde              004691f1     LIBCMTD:87disp.obj
 0002:00021b3b       __rtchsifneg               004691fb     LIBCMTD:87disp.obj
 0002:00021bb4       __startTwoArgErrorHandling 00469274 f   LIBCMTD:genexcep.obj
 0002:00021bcb       __startOneArgErrorHandling 0046928b f   LIBCMTD:genexcep.obj
 0002:00021c1c       __twoToTOS                 004692dc f   LIBCMTD:common.obj
 0002:00021c31       __load_CW                  004692f1 f   LIBCMTD:common.obj
 0002:00021c48       __convertTOStoQNaN         00469308 f   LIBCMTD:common.obj
 0002:00021c61       __fload_withFB             00469321 f   LIBCMTD:common.obj
 0002:00021ca4       __checkTOS_withFB          00469364 f   LIBCMTD:common.obj
 0002:00021cba       __fast_exit                0046937a f   LIBCMTD:common.obj
 0002:00021cc7       __math_exit                00469387 f   LIBCMTD:common.obj
 0002:00021cf1       __check_overflow_exit      004693b1 f   LIBCMTD:common.obj
 0002:00021d05       __check_range_exit         004693c5 f   LIBCMTD:common.obj
 0002:00021e0b       __ZeroTail                 004694cb f   LIBCMTD:intrncvt.obj
 0002:00021e4d       __IncMan                   0046950d f   LIBCMTD:intrncvt.obj
 0002:00021eaf       __RoundMan                 0046956f f   LIBCMTD:intrncvt.obj
 0002:00021f3d       __CopyMan                  004695fd f   LIBCMTD:intrncvt.obj
 0002:00021f61       __FillZeroMan              00469621 f   LIBCMTD:intrncvt.obj
 0002:00021f73       __IsZeroMan                00469633 f   LIBCMTD:intrncvt.obj
 0002:00021f97       __ShrMan                   00469657 f   LIBCMTD:intrncvt.obj
 0002:00022030       __ld12cvt                  004696f0 f   LIBCMTD:intrncvt.obj
 0002:000221de       __ld12tod                  0046989e f   LIBCMTD:intrncvt.obj
 0002:000221fc       __ld12tof                  004698bc f   LIBCMTD:intrncvt.obj
 0002:0002221a       __ld12told                 004698da f   LIBCMTD:intrncvt.obj
 0002:000222b5       __atodbl                   00469975 f   LIBCMTD:intrncvt.obj
 0002:000222ed       __atoldbl                  004699ad f   LIBCMTD:intrncvt.obj
 0002:00022326       __atoflt                   004699e6 f   LIBCMTD:intrncvt.obj
 0002:00022360       __fptostr                  00469a20 f   LIBCMTD:_fptostr.obj
 0002:00022499       ___dtold                   00469b59 f   LIBCMTD:cfout.obj
 0002:00022581       __fltout2                  00469c41 f   LIBCMTD:cfout.obj
 0002:00022600       __fptrap                   00469cc0 f   LIBCMTD:crt0fp.obj
 0002:00022612       __fpreset                  00469cd2 f   LIBCMTD:ieee87.obj
 0002:00022803       __statusfp                 00469ec3 f   LIBCMTD:ieee87.obj
 0002:0002281a       __clearfp                  00469eda f   LIBCMTD:ieee87.obj
 0002:00022833       __control87                00469ef3 f   LIBCMTD:ieee87.obj
 0002:00022872       __controlfp                00469f32 f   LIBCMTD:ieee87.obj
 0002:00022890       __lseek                    00469f50 f   LIBCMTD:lseek.obj
 0002:000229e0       __lseek_lk                 0046a0a0 f   LIBCMTD:lseek.obj
 0002:00022ac0       __ioinit                   0046a180 f   LIBCMTD:ioinit.obj
 0002:00022bc0       __ioterm                   0046a280 f   LIBCMTD:ioinit.obj
 0002:00022c70       __write                    0046a330 f   LIBCMTD:write.obj
 0002:00022dc0       __write_lk                 0046a480 f   LIBCMTD:write.obj
 0002:00023150       __getbuf                   0046a810 f   LIBCMTD:_getbuf.obj
 0002:00023240       __isatty                   0046a900 f   LIBCMTD:isatty.obj
 0002:00023280       ___iob_func                0046a940 f   LIBCMTD:_file.obj
 0002:00023290       ___initstdio               0046a950 f   LIBCMTD:_file.obj
 0002:00023410       ___endstdio                0046aad0 f   LIBCMTD:_file.obj
 0002:00023430       __lock_file                0046aaf0 f   LIBCMTD:_file.obj
 0002:00023480       __lock_file2               0046ab40 f   LIBCMTD:_file.obj
 0002:000234c0       __unlock_file              0046ab80 f   LIBCMTD:_file.obj
 0002:00023510       __unlock_file2             0046abd0 f   LIBCMTD:_file.obj
 0002:00023550       ___pwctype_func            0046ac10 f   LIBCMTD:ctype.obj
 0002:00023560       ___pctype_func             0046ac20 f   LIBCMTD:ctype.obj
 0002:00023570       _strlen                    0046ac30 f   LIBCMTD:strlen.obj
 0002:00023620       _mbtowc                    0046ace0 f   LIBCMTD:mbtowc.obj
 0002:000236c0       __aullrem                  0046ad80 f   LIBCMTD:ullrem.obj
 0002:00023760       _fputwc                    0046ae20 f   LIBCMTD:fputwc.obj
 0002:00023830       __putwc_lk                 0046aef0 f   LIBCMTD:fputwc.obj
 0002:00023a00       _putwc                     0046b0c0 f   LIBCMTD:fputwc.obj
 0002:00023a20       __itoa                     0046b0e0 f   LIBCMTD:xtoa.obj
 0002:00023b80       __ltoa                     0046b240 f   LIBCMTD:xtoa.obj
 0002:00023bd0       __ultoa                    0046b290 f   LIBCMTD:xtoa.obj
 0002:00023c00       __i64toa                   0046b2c0 f   LIBCMTD:xtoa.obj
 0002:00023d90       __ui64toa                  0046b450 f   LIBCMTD:xtoa.obj
 0002:00023dc0       _strcpy                    0046b480 f   LIBCMTD:strcat.obj
 0002:00023dd0       _strcat                    0046b490 f   LIBCMTD:strcat.obj
 0002:00023f00       _exit                      0046b5c0 f   LIBCMTD:crt0dat.obj
 0002:00023f20       __exit                     0046b5e0 f   LIBCMTD:crt0dat.obj
 0002:00023f40       __cexit                    0046b600 f   LIBCMTD:crt0dat.obj
 0002:00023f60       __c_exit                   0046b620 f   LIBCMTD:crt0dat.obj
 0002:000240e0       __lockexit                 0046b7a0 f   LIBCMTD:crt0dat.obj
 0002:00024100       __unlockexit               0046b7c0 f   LIBCMTD:crt0dat.obj
 0002:00024150       _signal                    0046b810 f   LIBCMTD:winsig.obj
 0002:000243f0       _raise                     0046bab0 f   LIBCMTD:winsig.obj
 0002:00024750       ___fpecode                 0046be10 f   LIBCMTD:winsig.obj
 0002:00024760       ___pxcptinfoptrs           0046be20 f   LIBCMTD:winsig.obj
 0002:00024770       _wctomb                    0046be30 f   LIBCMTD:wctomb.obj
 0002:000247c0       _iswctype                  0046be80 f   LIBCMTD:iswctype.obj
 0002:00024820       _is_wctype                 0046bee0 f   LIBCMTD:iswctype.obj
 0002:00024840       ___crtInitCritSecAndSpinCount 0046bf00 f   LIBCMTD:initcrit.obj
 0002:00024930       __amsg_exit                0046bff0 f   LIBCMTD:crt0.obj
 0002:00024960       ___crtTlsAlloc@4           0046c020 f   LIBCMTD:tidtable.obj
 0002:00024970       __mtinit                   0046c030 f   LIBCMTD:tidtable.obj
 0002:00024a30       __mtterm                   0046c0f0 f   LIBCMTD:tidtable.obj
 0002:00024a40       __initptd                  0046c100 f   LIBCMTD:tidtable.obj
 0002:00024a60       __getptd                   0046c120 f   LIBCMTD:tidtable.obj
 0002:00024b70       __freefls@4                0046c230 f   LIBCMTD:tidtable.obj
 0002:00024d50       __freeptd                  0046c410 f   LIBCMTD:tidtable.obj
 0002:00024de0       ___threadid                0046c4a0 f   LIBCMTD:tidtable.obj
 0002:00024df0       ___threadhandle            0046c4b0 f   LIBCMTD:tidtable.obj
 0002:00024dfc       __matherr                  0046c4bc f   LIBCMTD:matherr.obj
 0002:00024dff       __87except                 0046c4bf f   LIBCMTD:87except.obj
 0002:00024f49       ___addl                    0046c609 f   LIBCMTD:mantold.obj
 0002:00024f73       ___add_12                  0046c633 f   LIBCMTD:mantold.obj
 0002:00024feb       ___shl_12                  0046c6ab f   LIBCMTD:mantold.obj
 0002:00025028       ___shr_12                  0046c6e8 f   LIBCMTD:mantold.obj
 0002:00025064       ___mtold12                 0046c724 f   LIBCMTD:mantold.obj
 0002:00025165       ___strgtold12              0046c825 f   LIBCMTD:strgtold.obj
 0002:000256fe       ___STRINGTOLD              0046cdbe f   LIBCMTD:strgtold.obj
 0002:00025749       _$I10_OUTPUT               0046ce09 f   LIBCMTD:x10fout.obj
 0002:00025a60       __alloc_osfhnd             0046d120 f   LIBCMTD:osfinfo.obj
 0002:00025d80       __set_osfhnd               0046d440 f   LIBCMTD:osfinfo.obj
 0002:00025e00       __free_osfhnd              0046d4c0 f   LIBCMTD:osfinfo.obj
 0002:00025eb0       __get_osfhandle            0046d570 f   LIBCMTD:osfinfo.obj
 0002:00025f30       __open_osfhandle           0046d5f0 f   LIBCMTD:osfinfo.obj
 0002:00026070       __lock_fhandle             0046d730 f   LIBCMTD:osfinfo.obj
 0002:000261a0       __unlock_fhandle           0046d860 f   LIBCMTD:osfinfo.obj
 0002:000261d0       __lseeki64                 0046d890 f   LIBCMTD:lseeki64.obj
 0002:00026330       __lseeki64_lk              0046d9f0 f   LIBCMTD:lseeki64.obj
 0002:00026420       __fcloseall                0046dae0 f   LIBCMTD:closeall.obj
 0002:00026560       _fflush                    0046dc20 f   LIBCMTD:fflush.obj
 0002:00026610       __fflush_lk                0046dcd0 f   LIBCMTD:fflush.obj
 0002:00026660       __flush                    0046dd20 f   LIBCMTD:fflush.obj
 0002:00026740       __flushall                 0046de00 f   LIBCMTD:fflush.obj
 0002:00026960       __flswbuf                  0046e020 f   LIBCMTD:_flswbuf.obj
 0002:00026c70       ___CppXcptFilter           0046e330 f   LIBCMTD:winxfltr.obj
 0002:00026ca0       __XcptFilter               0046e360 f   LIBCMTD:winxfltr.obj
 0002:00026f40       __FF_MSGBANNER             0046e600 f   LIBCMTD:crt0msg.obj
 0002:00026f80       __NMSG_WRITE               0046e640 f   LIBCMTD:crt0msg.obj
 0002:00027030       __GET_RTERRMSG             0046e6f0 f   LIBCMTD:crt0msg.obj
 0002:000270a0       __beginthread              0046e760 f   LIBCMTD:thread.obj
 0002:00027300       __endthread                0046e9c0 f   LIBCMTD:thread.obj
 0002:00027350       __mtxthreadnotification@4  0046ea10 f   LIBCMTD:thread.obj
 0002:000273a0       ___updatetmbcinfo          0046ea60 f   LIBCMTD:mbctype.obj
 0002:000274a0       __setmbcp                  0046eb60 f   LIBCMTD:mbctype.obj
 0002:00027a70       __getmbcp                  0046f130 f   LIBCMTD:mbctype.obj
 0002:00027a90       ___initmbctable            0046f150 f   LIBCMTD:mbctype.obj
 0002:00027ac9       ___ld12mul                 0046f189 f   LIBCMTD:tenpow.obj
 0002:00027d73       ___multtenpow12            0046f433 f   LIBCMTD:tenpow.obj
 0002:00027e10       _fclose                    0046f4d0 f   LIBCMTD:fclose.obj
 0002:00027f00       __fclose_lk                0046f5c0 f   LIBCMTD:fclose.obj
 0002:00027fe0       __commit                   0046f6a0 f   LIBCMTD:commit.obj
 0002:00028140       __close                    0046f800 f   LIBCMTD:close.obj
 0002:00028270       __close_lk                 0046f930 f   LIBCMTD:close.obj
 0002:00028350       __freebuf                  0046fa10 f   LIBCMTD:_freebuf.obj
 0002:000283f2       _XapiGetKernelExportAddress@4 0046fab2 f   xapilibd:delaybnd.obj
 0002:0002843a       _DebugBreak@0              0046fafa f   xapilibd:kthunks.obj
 0002:0002843f       _GetSystemTimeAsFileTime@4 0046faff f   xapilibd:kthunks.obj
 0002:0002844b       _wvsprintfW@12             0046fb0b f   xapilibd:kthunks.obj
 0002:00028469       _wvsprintfA@12             0046fb29 f   xapilibd:kthunks.obj
 0002:00028487       _DebugPrint                0046fb47 f   xapilibd:kthunks.obj
 0002:000284cd       _wsprintfW                 0046fb8d f   xapilibd:kthunks.obj
 0002:000284e6       _wsprintfA                 0046fba6 f   xapilibd:kthunks.obj
 0002:000284ff       _UTF8ToUnicode@16          0046fbbf f   xapilibd:widechar.obj
 0002:000286aa       _UnicodeToUTF8@16          0046fd6a f   xapilibd:widechar.obj
 0002:00028790       _MultiByteToWideChar@24    0046fe50 f   xapilibd:widechar.obj
 0002:00028892       _WideCharToMultiByte@32    0046ff52 f   xapilibd:widechar.obj
 0002:000289ca       _IsBadReadPtr@8            0047008a f   xapilibd:process.obj
 0002:00028a48       _IsBadWritePtr@8           00470108 f   xapilibd:process.obj
 0002:00028acb       _IsBadCodePtr@4            0047018b f   xapilibd:process.obj
 0002:00028ae0       _IsBadStringPtrW@8         004701a0 f   xapilibd:process.obj
 0002:00028b54       _IsBadStringPtrA@8         00470214 f   xapilibd:process.obj
 0002:00028bc0       _TlsAlloc@0                00470280 f   xapilibd:tls.obj
 0002:00028c29       _TlsGetValue@4             004702e9 f   xapilibd:tls.obj
 0002:00028c6f       _TlsSetValue@8             0047032f f   xapilibd:tls.obj
 0002:00028cc3       _TlsFree@4                 00470383 f   xapilibd:tls.obj
 0002:00028d96       _RtlUnwind@16              00470456 f   xboxkrnl:xboxkrnl.exe
 0002:00028d9c       _KeBugCheck@4              0047045c f   xboxkrnl:xboxkrnl.exe
 0002:00028da2       _RtlAnsiStringToUnicodeString@12 00470462 f   xboxkrnl:xboxkrnl.exe
 0002:00028da8       _RtlUnicodeStringToAnsiString@12 00470468 f   xboxkrnl:xboxkrnl.exe
 0002:00028db0       _vswprintf                 00470470 f   LIBCMTD:vswprint.obj
 0002:00028f30       __vscwprintf               004705f0 f   LIBCMTD:vswprint.obj
 0002:00028fd0       _vsprintf                  00470690 f   LIBCMTD:vsprintf.obj
 0002:000290f0       __vscprintf                004707b0 f   LIBCMTD:vsprintf.obj
 0003:00000000       _D3DDevice_GetDirect3D@4   00470860 f   d3d8d:d3dbase.obj
 0003:00000020       _D3DDevice_GetDeviceCaps@4 00470880 f   d3d8d:d3dbase.obj
 0003:00000050       _D3DDevice_GetCreationParameters@4 004708b0 f   d3d8d:d3dbase.obj
 0003:000000c0       _D3DDevice_SetGammaRamp@8  00470920 f   d3d8d:d3dbase.obj
 0003:00000170       _D3DDevice_GetGammaRamp@4  004709d0 f   d3d8d:d3dbase.obj
 0003:000001b0       ?NV057FormatFromD3DRectColorFormat@D3D@@YGKW4_D3DCOPYRECTCOLORFORMAT@@@Z 00470a10 f i d3d8d:d3dbase.obj
 0003:00000200       ?ValidateCopyRectState@D3D@@YGXW4_D3DCOPYRECTCOLORFORMAT@@W4_D3DCOPYRECTOPERATION@@@Z 00470a60 f   d3d8d:d3dbase.obj
 0003:000002b0       ?SetupCopyRectRopState@D3D@@YGPCKPCKW4_D3DCOPYRECTCOLORFORMAT@@PBU_D3DCOPYRECTROPSTATE@@@Z 00470b10 f   d3d8d:d3dbase.obj
 0003:00000420       _D3DDevice_GetCopyRectsState@8 00470c80 f   d3d8d:d3dbase.obj
 0003:00000480       _D3DDevice_GetTransform@8  00470ce0 f   d3d8d:d3dbase.obj
 0003:000004f0       _D3DDevice_GetViewport@4   00470d50 f   d3d8d:d3dbase.obj
 0003:00000560       _D3DDevice_SetMaterial@4   00470dc0 f   d3d8d:d3dbase.obj
 0003:000005d0       _D3DDevice_GetMaterial@4   00470e30 f   d3d8d:d3dbase.obj
 0003:00000620       _D3DDevice_SetBackMaterial@4 00470e80 f   d3d8d:d3dbase.obj
 0003:00000690       _D3DDevice_GetBackMaterial@4 00470ef0 f   d3d8d:d3dbase.obj
 0003:000006e0       ?CheckLightParameters@D3D@@YGXPBU_D3DLIGHT8@@@Z 00470f40 f   d3d8d:d3dbase.obj
 0003:000008e0       _D3DDevice_GetLight@8      00471140 f   d3d8d:d3dbase.obj
 0003:00000980       _D3DDevice_GetLightEnable@8 004711e0 f   d3d8d:d3dbase.obj
 0003:00000a20       _D3DDevice_GetRenderState@8 00471280 f   d3d8d:d3dbase.obj
 0003:00000a90       @D3DDevice_SwitchTexture_Fast@12 004712f0 f   d3d8d:d3dbase.obj
 0003:00000ae0       _D3DDevice_GetTextureStageState@12 00471340 f   d3d8d:d3dbase.obj
 0003:00000b40       _D3DDevice_AddRef@0        004713a0 f   d3d8d:d3dbase.obj
 0003:00000b60       _D3DDevice_Release@0       004713c0 f   d3d8d:d3dbase.obj
 0003:00000bb0       _D3DDevice_KickPushBuffer@0 00471410 f   d3d8d:d3dbase.obj
 0003:00000bd0       _D3DDevice_GetVisibilityTestResult@12 00471430 f   d3d8d:d3dbase.obj
 0003:00000ce0       _D3DDevice_SetVerticalBlankCallback@4 00471540 f   d3d8d:d3dbase.obj
 0003:00000d10       _D3DDevice_SetSwapCallback@4 00471570 f   d3d8d:d3dbase.obj
 0003:00000d40       _D3DDevice_GetProjectionViewportMatrix@4 004715a0 f   d3d8d:d3dbase.obj
 0003:00000d80       _D3DDevice_GetModelView@4  004715e0 f   d3d8d:d3dbase.obj
 0003:00000dd0       _D3DDevice_GetVertexBlendModelView@12 00471630 f   d3d8d:d3dbase.obj
 0003:00000e70       ?AddRef@D3DResource@@QAGKXZ 004716d0 f i d3d8d:d3dbase.obj
 0003:00000e80       _D3DDevice_GetTile@8       004716e0 f   d3d8d:d3dbase.obj
 0003:00000f20       _D3DDevice_GetScissors@12  00471780 f   d3d8d:d3dbase.obj
 0003:00000fa0       _D3DDevice_GetPersistedSurface2@0 00471800 f   d3d8d:d3dbase.obj
 0003:00000fb0       _D3DDevice_SetFlickerFilter@4 00471810 f   d3d8d:d3dbase.obj
 0003:00001030       _D3DDevice_SetSoftDisplayFilter@4 00471890 f   d3d8d:d3dbase.obj
 0003:000010b0       _D3DTest_ChecksumCallback  00471910 f   d3d8d:d3dbase.obj
 0003:00001130       _D3DDevice_InsertFence@0   00471990 f   d3d8d:d3dbase.obj
 0003:00001150       _D3DDevice_GetScreenSpaceOffset@8 004719b0 f   d3d8d:d3dbase.obj
 0003:000011a0       _D3DDevice_GetOverscanColor@0 00471a00 f   d3d8d:d3dbase.obj
 0003:000011b0       _D3DDevice_GetStipple@4    00471a10 f   d3d8d:d3dbase.obj
 0003:00001200       ?Lock@D3DPalette@@QAGJPAPAKK@Z 00471a60 f i d3d8d:d3dbase.obj
 0003:00001230       ?Unlock@D3DPalette@@QAGJXZ 00471a90 f i d3d8d:d3dbase.obj
 0003:00001240       ?GetSize@D3DPalette@@QAG?AW4_D3DPALETTESIZE@@XZ 00471aa0 f i d3d8d:d3dbase.obj
 0003:00001250       ??0TimingMarker@D3D@@QAE@W4_TimingEventType@@@Z 00471ab0 f i d3d8d:d3dbase.obj
 0003:00001280       ??1TimingMarker@D3D@@QAE@XZ 00471ae0 f i d3d8d:d3dbase.obj
 0003:000012b0       ?GetRefreshRate@CMiniport@D3D@@QAEKXZ 00471b10 f i d3d8d:d3dbase.obj
 0003:00001310       ?GetTSC@CMiniport@D3D@@SG_KXZ 00471b70 f i d3d8d:d3dbase.obj
 0003:00001320       ?IsOddField@CMiniport@D3D@@QAEHXZ 00471b80 f i d3d8d:d3dbase.obj
 0003:00001370       ?AssertContiguous@D3D@@YGXPAXPAD@Z 00471bd0 f i d3d8d:d3dbase.obj
 0003:000013a0       ?AssertWriteCombined@D3D@@YGXPAXPAD@Z 00471c00 f i d3d8d:d3dbase.obj
 0003:000013d0       ?GetGPUAddress@D3D@@YGKPAX@Z 00471c30 f i d3d8d:d3dbase.obj
 0003:00001570       ?DecodeD3DFORMAT@D3D@@YG?AW4_D3DFORMAT@@K@Z 00471dd0 f i d3d8d:d3dbase.obj
 0003:00001590       ?DecodeLogWidth@D3D@@YGKK@Z 00471df0 f i d3d8d:d3dbase.obj
 0003:000015b0       ?DecodeLogHeight@D3D@@YGKK@Z 00471e10 f i d3d8d:d3dbase.obj
 0003:000015d0       ?IsValidRenderTargetD3DFORMAT@D3D@@YGHW4_D3DFORMAT@@@Z 00471e30 f i d3d8d:d3dbase.obj
 0003:000015f0       ?IsValidDepthBufferD3DFORMAT@D3D@@YGHW4_D3DFORMAT@@@Z 00471e50 f i d3d8d:d3dbase.obj
 0003:00001610       ?IsSwizzledD3DFORMAT@D3D@@YGHW4_D3DFORMAT@@@Z 00471e70 f i d3d8d:d3dbase.obj
 0003:00001630       ?IsLinearD3DFORMAT@D3D@@YGHW4_D3DFORMAT@@@Z 00471e90 f i d3d8d:d3dbase.obj
 0003:00001650       ?BitsPerPixelOfD3DFORMAT@D3D@@YGKW4_D3DFORMAT@@@Z 00471eb0 f i d3d8d:d3dbase.obj
 0003:00001670       ?MinimumTextureSizeOfD3DFORMAT@D3D@@YGKW4_D3DFORMAT@@@Z 00471ed0 f i d3d8d:d3dbase.obj
 0003:00001690       ?IsSurface@PixelJar@D3D@@YG_NPAUD3DResource@@@Z 00471ef0 f i d3d8d:d3dbase.obj
 0003:000016c0       ?GetFormat@PixelJar@D3D@@YG?AW4_D3DFORMAT@@PAUD3DPixelContainer@@@Z 00471f20 f i d3d8d:d3dbase.obj
 0003:000016e0       ?IsSwizzled@PixelJar@D3D@@YGHPAUD3DPixelContainer@@@Z 00471f40 f i d3d8d:d3dbase.obj
 0003:00001700       ?IsValidRenderTarget@PixelJar@D3D@@YGHPAUD3DPixelContainer@@@Z 00471f60 f i d3d8d:d3dbase.obj
 0003:00001730       ?IsValidDepthBuffer@PixelJar@D3D@@YGHPAUD3DPixelContainer@@@Z 00471f90 f i d3d8d:d3dbase.obj
 0003:00001750       ?GetLogWidth@PixelJar@D3D@@YGKPAUD3DPixelContainer@@@Z 00471fb0 f i d3d8d:d3dbase.obj
 0003:00001770       ?GetLogHeight@PixelJar@D3D@@YGKPAUD3DPixelContainer@@@Z 00471fd0 f i d3d8d:d3dbase.obj
 0003:00001790       ?GetBitsPerPixel@PixelJar@D3D@@YGKPAUD3DPixelContainer@@@Z 00471ff0 f i d3d8d:d3dbase.obj
 0003:000017b0       ?IsCompressed@PixelJar@D3D@@YG_NPAUD3DPixelContainer@@@Z 00472010 f i d3d8d:d3dbase.obj
 0003:000017d0       ?PitchFromSize@PixelJar@D3D@@YGKK@Z 00472030 f i d3d8d:d3dbase.obj
 0003:000017f0       ?GetLinearWidth@PixelJar@D3D@@YGKPAUD3DPixelContainer@@@Z 00472050 f i d3d8d:d3dbase.obj
 0003:00001830       ?GetLinearHeight@PixelJar@D3D@@YGKPAUD3DPixelContainer@@@Z 00472090 f i d3d8d:d3dbase.obj
 0003:00001870       ?GetLinearPitch@PixelJar@D3D@@YGKPAUD3DPixelContainer@@@Z 004720d0 f i d3d8d:d3dbase.obj
 0003:000018b0       ?GetWidth@PixelJar@D3D@@YGKPAUD3DPixelContainer@@@Z 00472110 f i d3d8d:d3dbase.obj
 0003:000018f0       ?GetHeight@PixelJar@D3D@@YGKPAUD3DPixelContainer@@@Z 00472150 f i d3d8d:d3dbase.obj
 0003:00001930       ?GetPitch@PixelJar@D3D@@YGKPAUD3DPixelContainer@@@Z 00472190 f i d3d8d:d3dbase.obj
 0003:000019c0       ?GetSlice@PixelJar@D3D@@YGKPAUD3DPixelContainer@@@Z 00472220 f i d3d8d:d3dbase.obj
 0003:00001aa0       ?IsChildSurface@D3D@@YGHPAUD3DResource@@@Z 00472300 f i d3d8d:d3dbase.obj
 0003:00001ae0       ?InternalAddRef@D3D@@YGXPAUD3DResource@@W4_D3DRESOURCETYPE@@@Z 00472340 f i d3d8d:d3dbase.obj
 0003:00001b70       ?InternalRelease@D3D@@YGXPAUD3DResource@@W4_D3DRESOURCETYPE@@@Z 004723d0 f i d3d8d:d3dbase.obj
 0003:00001c10       ?LightEnableType@D3D@@YGKPBULight@1@@Z 00472470 f i d3d8d:d3dbase.obj
 0003:00001c30       ?StartPush@CDevice@D3D@@QAEPCKXZ 00472490 f i d3d8d:d3dbase.obj
 0003:00001c60       ?StartPush@CDevice@D3D@@QAEPCKK@Z 004724c0 f i d3d8d:d3dbase.obj
 0003:00001c70       ?RecordResourceReadPush@CDevice@D3D@@QAEXPAUD3DResource@@@Z 004724d0 f i d3d8d:d3dbase.obj
 0003:00001ce0       ?RecordSurfaceWritePush@CDevice@D3D@@QAEXPAUD3DResource@@@Z 00472540 f i d3d8d:d3dbase.obj
 0003:00001d40       ?GetRenderTargetFactors@D3D@@YGXPAVCDevice@1@PAUD3DSurface@@PAKPAM322@Z 004725a0 f i d3d8d:d3dbase.obj
 0003:00001fb0       ?___D3DCYCLETIMER_GetTime@D3D@@YG_KXZ 00472810 f i d3d8d:d3dbase.obj
 0003:00001fc0       ??0___D3DCYCLETIMER@D3D@@QAE@W4_D3DPERF_PerformanceCounters@1@@Z 00472820 f i d3d8d:d3dbase.obj
 0003:00002010       ??1___D3DCYCLETIMER@D3D@@QAE@XZ 00472870 f i d3d8d:d3dbase.obj
 0003:00002080       ?COUNT_PERF@D3D@@YGXW4_D3DPERF_PerformanceCounters@1@@Z 004728e0 f i d3d8d:d3dbase.obj
 0003:000020c0       ??0___D3DPERFEVENT@D3D@@QAE@GH@Z 00472920 f i d3d8d:d3dbase.obj
 0003:000020f0       ??1___D3DPERFEVENT@D3D@@QAE@XZ 00472950 f i d3d8d:d3dbase.obj
 0003:00002100       _D3DDevice_GetDisplayMode@4 00472960 f   d3d8d:d3dbase.obj
 0003:00002200       _D3DDevice_Reset@4         00472a60 f   d3d8d:d3dbase.obj
 0003:00002310       _D3DDevice_SetRenderTarget@8 00472b70 f   d3d8d:d3dbase.obj
 0003:00002b70       _D3DDevice_SetRenderTargetFast@12 004733d0 f   d3d8d:d3dbase.obj
 0003:00003290       _D3DDevice_GetBackBuffer2@4 00473af0 f   d3d8d:d3dbase.obj
 0003:00003320       _D3DDevice_GetRasterStatus@4 00473b80 f   d3d8d:d3dbase.obj
 0003:000033c0       _D3DDevice_SetCopyRectsState@8 00473c20 f   d3d8d:d3dbase.obj
 0003:000036b0       ?GPUCopyVideoRectangle@D3D@@YGXKPAUtagRECT@@PAUtagPOINT@@@Z 00473f10 f i d3d8d:d3dbase.obj
 0003:00003790       _D3DDevice_CopyRects@20    00473ff0 f   d3d8d:d3dbase.obj
 0003:00003fe0       _D3DDevice_GetRenderTarget2@0 00474840 f   d3d8d:d3dbase.obj
 0003:00004010       _D3DDevice_GetDepthStencilSurface2@0 00474870 f   d3d8d:d3dbase.obj
 0003:00004050       _D3DDevice_SetTransform@8  004748b0 f   d3d8d:d3dbase.obj
 0003:00004390       _D3DDevice_MultiplyTransform@8 00474bf0 f   d3d8d:d3dbase.obj
 0003:00004440       _D3DDevice_SetViewport@4   00474ca0 f   d3d8d:d3dbase.obj
 0003:00004740       _D3DDevice_SetLight@8      00474fa0 f   d3d8d:d3dbase.obj
 0003:00004b00       _D3DDevice_LightEnable@8   00475360 f   d3d8d:d3dbase.obj
 0003:00004d20       _D3DDevice_GetTexture2@4   00475580 f   d3d8d:d3dbase.obj
 0003:00004d80       _D3DDevice_SetTexture@8    004755e0 f   d3d8d:d3dbase.obj
 0003:000051c0       @D3DDevice_SwitchTexture@12 00475a20 f   d3d8d:d3dbase.obj
 0003:000052a0       _D3DDevice_GetPalette2@4   00475b00 f   d3d8d:d3dbase.obj
 0003:00005300       _D3DDevice_SetPalette@8    00475b60 f   d3d8d:d3dbase.obj
 0003:00005590       _D3DDevice_SetIndices@8    00475df0 f   d3d8d:d3dbase.obj
 0003:00005740       _D3DDevice_GetIndices2@4   00475fa0 f   d3d8d:d3dbase.obj
 0003:000057a0       _D3DDevice_IsBusy@0        00476000 f   d3d8d:d3dbase.obj
 0003:000057f0       _D3DDevice_BlockUntilIdle@0 00476050 f   d3d8d:d3dbase.obj
 0003:00005820       _D3DDevice_BlockOnFence@4  00476080 f   d3d8d:d3dbase.obj
 0003:00005870       _D3DDevice_BeginVisibilityTest@0 004760d0 f   d3d8d:d3dbase.obj
 0003:000058d0       ?GetVisibilityAddress@D3D@@YGPAKK@Z 00476130 f   d3d8d:d3dbase.obj
 0003:00005a50       _D3DDevice_EndVisibilityTest@4 004762b0 f   d3d8d:d3dbase.obj
 0003:00005b10       _D3DDevice_GetDisplayFieldStatus@4 00476370 f   d3d8d:d3dbase.obj
 0003:00005b70       _D3DDevice_SetTimerCallback@16 004763d0 f   d3d8d:d3dbase.obj
 0003:00005c20       _D3DDevice_BlockUntilVerticalBlank@0 00476480 f   d3d8d:d3dbase.obj
 0003:00005d60       _D3DDevice_FlushVertexCache@0 004765c0 f   d3d8d:d3dbase.obj
 0003:00005dc0       _D3DDevice_SetModelView@12 00476620 f   d3d8d:d3dbase.obj
 0003:00005f30       _D3DDevice_SetVertexBlendModelView@16 00476790 f   d3d8d:d3dbase.obj
 0003:00006110       _D3DDevice_Nop@0           00476970 f   d3d8d:d3dbase.obj
 0003:00006170       ?SetTileNoWait@D3D@@YGXKPBU_D3DTILE@@@Z 004769d0 f   d3d8d:d3dbase.obj
 0003:00006500       _D3DDevice_SetTile@8       00476d60 f   d3d8d:d3dbase.obj
 0003:00006520       _D3DDevice_SetTileCompressionTagBits@16 00476d80 f   d3d8d:d3dbase.obj
 0003:00006660       _D3DDevice_GetTileCompressionTagBits@16 00476ec0 f   d3d8d:d3dbase.obj
 0003:00006790       _D3DDevice_GetTileCompressionTags@8 00476ff0 f   d3d8d:d3dbase.obj
 0003:00006960       _D3DDevice_SetScissors@12  004771c0 f   d3d8d:d3dbase.obj
 0003:00006f20       ?CreateSurfaceWithContiguousHeaderInternal@D3D@@YGPAUD3DSurface@@KKW4_D3DFORMAT@@@Z 00477780 f   d3d8d:d3dbase.obj
 0003:00006ff0       _D3DDevice_PersistDisplay@0 00477850 f   d3d8d:d3dbase.obj
 0003:00007190       _D3DTest_GetScreenChecksum@12 004779f0 f   d3d8d:d3dbase.obj
 0003:000071f0       _D3DDevice_SetScreenSpaceOffset@8 00477a50 f   d3d8d:d3dbase.obj
 0003:00007280       _D3DDevice_SetOverscanColor@4 00477ae0 f   d3d8d:d3dbase.obj
 0003:000073f0       _D3DDevice_SetStipple@4    00477c50 f   d3d8d:d3dbase.obj
 0003:000074a0       ?D3DInternals@D3D@@YAJKPAX@Z 00477d00 f   d3d8d:d3dbase.obj
 0003:00007be0       _D3DDevice_GetBackBufferScale@8 00478440 f   d3d8d:present.obj
 0003:00007c20       ?SetDebugMarker@D3DDevice@@SGKK@Z 00478480 f i d3d8d:present.obj
 0003:00007c30       ?Release@D3DResource@@QAGKXZ 00478490 f i d3d8d:present.obj
[...]
 0006:00042af0       ?qwTime@@3T_LARGE_INTEGER@@A 0052d6f0     Time.obj
 0006:00042af8       ?fSecsPerTick@@3MA         0052d6f8     Time.obj
 0006:00042afc       ?fElapsedTime@@3MA         0052d6fc     Time.obj
 0006:00042b00       ?qwAppTime@@3T_LARGE_INTEGER@@A 0052d700     Time.obj
 0006:00042b08       ?fTime@@3MA                0052d708     Time.obj
 0006:00042b0c       ?fElapsedAppTime@@3MA      0052d70c     Time.obj
 0006:00042b10       ?fAppTime@@3MA             0052d710     Time.obj
 0006:00042b14       ?SecsPerTick@@3MA          0052d714     Time.obj
 0006:00042b18       ?qwElapsedTime@@3T_LARGE_INTEGER@@A 0052d718     Time.obj
 0006:00042b20       ?qwElapsedAppTime@@3T_LARGE_INTEGER@@A 0052d720     Time.obj
 0006:00042b28       ?qwLastTime@@3T_LARGE_INTEGER@@A 0052d728     Time.obj
 0006:00042b3c       __tls_index                0052d73c     xapilibd:xapitls.obj
 0006:00042b40       _XapiMuInfo                0052d740     xapilibd:pathmisc.obj
 0006:00042b48       _g_fMountedUtilityDrive    0052d748     xapilibd:pathmisc.obj
 0006:00042b4e       _RtlpValidateHeapHdrsEnable 0052d74e     xapilibd:heap.obj
 0006:00042b50       _g_pfnxcsbOnline           0052d750     xapilibd:xcalcsig.obj
 0006:00042b54       _g_pfnxcsuOnline           0052d754     xapilibd:xcalcsig.obj
 0006:00042b58       _g_pfnxcseOnline           0052d758     xapilibd:xcalcsig.obj
 0006:00042b64       ?g_pD3DPerfEventBeginEnd@D3D@@3PAU_D3DPERFEvent@1@A 0052d764     d3d8d:drawprim.obj
 0006:00042b68       ___@@_PchSym_@00@UcylcRwvxADUkirezgvUdrmwldhUwrivxgcUwctUwDwIUhvUfhviUlyqUrDIGUkivxlnkOlyq@d3d8d 0052d768     d3d8d:precomp.obj
 0006:00042b70       _g_ToggleVTXStatesOnReset  0052d770     d3d8d:stats.obj
 0006:00042b98       ___@@_PchSym_@00@UcylcRwvxADUkirezgvUdrmwldhUwrivxgcUwctUwDwcIUxlivUlyqUrDIGUkxsxlivOlyq@d3dxcore 0052d798     d3dx8d:pchcore.obj
 0006:00042b9c       ___@@_PchSym_@00@UcylcRwvxADUkirezgvUdrmwldhUwrivxgcUwctUwDwcIUnzgsUlyqUrDIGUkxsnzgsOlyq@d3dxmath 0052d79c     d3dx8d:pchmath.obj
 0006:00042ba0       ___fastflag                0052d7a0     LIBCMTD:fpinit.obj
 0006:00042ba4       __adjust_fdiv              0052d7a4     LIBCMTD:fpinit.obj
 0006:00042be8       ___lc_handle               0052d7e8     LIBCMTD:nlsdata2.obj
 0006:00042c00       ___lc_codepage             0052d800     LIBCMTD:nlsdata2.obj
 0006:00042c04       ___lc_collate_cp           0052d804     LIBCMTD:nlsdata2.obj
 0006:00042c10       __newmode                  0052d810     LIBCMTD:_newmode.obj
 0006:00042c14       ?_pnhHeap@@3P6AHI@ZA       0052d814     LIBCMTD:handler.obj
 0006:00042df0       __cflush                   0052d9f0     LIBCMTD:_file.obj
 0006:00042df4       __umaskval                 0052d9f4     LIBCMTD:crt0dat.obj
 0006:00042df8       __exitflag                 0052d9f8     LIBCMTD:crt0dat.obj
 0006:00042dfc       __C_Termination_Done       0052d9fc     LIBCMTD:crt0dat.obj
 0006:00042e00       __C_Exit_Done              0052da00     LIBCMTD:crt0dat.obj
 0006:00042e30       _gpFlsAlloc                0052da30     LIBCMTD:tidtable.obj
 0006:00042e34       _gpFlsGetValue             0052da34     LIBCMTD:tidtable.obj
 0006:00042e38       _gpFlsSetValue             0052da38     LIBCMTD:tidtable.obj
 0006:00042e3c       _gpFlsFree                 0052da3c     LIBCMTD:tidtable.obj
 0006:00042e48       __adbgmsg                  0052da48     LIBCMTD:crt0msg.obj
 0006:00042e60       _XapiAutoPowerDownGlobals  0052da60     <common>
 0006:00042ed1       _RtlpValidateHeapTagsEnable 0052dad1     <common>
 0006:00042ee0       _NtGlobalFlag              0052dae0     <common>
 0006:00042f00       _RtlpHeapStopOn            0052db00     <common>
 0006:00042f18       _XapiProcessHeap           0052db18     <common>
 0006:00042f24       _XapiCurrentTopLevelFilter 0052db24     <common>
 0006:00042f34       _XapiTlsSize               0052db34     <common>
 0006:00042f38       _XapiOriginalCodeSelectorEntry 0052db38     <common>
 0006:00042f4c       ___@@_PchSym_@00@UcylcRwvxADUkirezgvUmglhUczkrUpDCUoryUlyqUrDIGUyzhvwooOlyq@Xapi_k32 0052db4c     <common>
 0006:00042f58       ___mblcid                  0052db58     <common>
 0006:00042fd4       ___ptmbcinfo               0052dbd4     <common>
 0006:00042fd8       ___ismbcodepage            0052dbd8     <common>
 0006:00042fe0       __mbctype                  0052dbe0     <common>
 0006:000430e4       ___mbcodepage              0052dce4     <common>
 0006:00043100       ___mbulinfo                0052dd00     <common>
 0006:00043120       __mbcasemap                0052dd20     <common>
 0006:00043220       ___ptd_glob                0052de20     <common>
 0006:0004322c       ___env_initialized         0052de2c     <common>
 0006:0004323c       ___onexitend               0052de3c     <common>
 0006:00043240       ___onexitbegin             0052de40     <common>
 0006:00043244       ___mbctype_initialized     0052de44     <common>
 0006:00043248       ___piob                    0052de48     <common>
 0006:00043258       __nstream                  0052de58     <common>
 0006:0004325c       __nhandle                  0052de5c     <common>
 0006:000432a0       ___pioinfo                 0052dea0     <common>
 0006:000433a0       ___active_heap             0052dfa0     <common>
 0006:000433ac       __pfnReportHook            0052dfac     <common>
 0006:000433bc       __pReportHookList          0052dfbc     <common>
 0006:000433c0       __pfnDumpClient            0052dfc0     <common>
 0007:00000000       __IMPORT_DESCRIPTOR_xboxkrnl 0052dfe0     xboxkrnl:xboxkrnl.exe
 0007:00000014       __NULL_IMPORT_DESCRIPTOR   0052dff4     xboxkrnl:xboxkrnl.exe
 0007:000002e8       __imp__RtlRip@12           0052e2c8     xboxkrnl:xboxkrnl.exe
 0007:000002ec       __imp__NtClose@4           0052e2cc     xboxkrnl:xboxkrnl.exe
 0007:000002f0       __imp__NtQueryVolumeInformationFile@20 0052e2d0     xboxkrnl:xboxkrnl.exe
 0007:000002f4       __imp__NtOpenFile@24       0052e2d4     xboxkrnl:xboxkrnl.exe
 0007:000002f8       __imp__NtWriteFile@32      0052e2d8     xboxkrnl:xboxkrnl.exe
 0007:000002fc       __imp__NtQueryInformationFile@20 0052e2dc     xboxkrnl:xboxkrnl.exe
 0007:00000300       __imp__NtCreateFile@36     0052e2e0     xboxkrnl:xboxkrnl.exe
 0007:00000304       __imp__RtlInitAnsiString@8 0052e2e4     xboxkrnl:xboxkrnl.exe
 0007:00000308       __imp__RtlAssert@16        0052e2e8     xboxkrnl:xboxkrnl.exe
 0007:0000030c       __imp__IoCreateSymbolicLink@8 0052e2ec     xboxkrnl:xboxkrnl.exe
 0007:00000310       __imp__NtSetInformationFile@20 0052e2f0     xboxkrnl:xboxkrnl.exe
 0007:00000314       __imp__KeQuerySystemTime@4 0052e2f4     xboxkrnl:xboxkrnl.exe
 0007:00000318       __imp__HalReturnToFirmware@4 0052e2f8     xboxkrnl:xboxkrnl.exe
 0007:0000031c       __imp__MmFreeContiguousMemory@4 0052e2fc     xboxkrnl:xboxkrnl.exe
 0007:00000320       __imp__LaunchDataPage      0052e300     xboxkrnl:xboxkrnl.exe
 0007:00000320       _LaunchDataPage            0052e300     xboxkrnl:xboxkrnl.exe
 0007:00000324       __imp__XboxHardwareInfo    0052e304     xboxkrnl:xboxkrnl.exe
 0007:00000324       _XboxHardwareInfo          0052e304     xboxkrnl:xboxkrnl.exe
 0007:00000328       __imp__HalRegisterShutdownNotification@8 0052e308     xboxkrnl:xboxkrnl.exe
 0007:0000032c       __imp__RtlNtStatusToDosError@4 0052e30c     xboxkrnl:xboxkrnl.exe
 0007:00000330       __imp__NtCreateIoCompletion@16 0052e310     xboxkrnl:xboxkrnl.exe
 0007:00000334       __imp__NtSetIoCompletion@20 0052e314     xboxkrnl:xboxkrnl.exe
 0007:00000338       __imp__NtRemoveIoCompletion@20 0052e318     xboxkrnl:xboxkrnl.exe
 0007:0000033c       __imp__MmSetAddressProtect@12 0052e31c     xboxkrnl:xboxkrnl.exe
 0007:00000340       __imp__MmQueryAddressProtect@4 0052e320     xboxkrnl:xboxkrnl.exe
 0007:00000344       _XboxKrnlVersion           0052e324     xboxkrnl:xboxkrnl.exe
 0007:00000344       __imp__XboxKrnlVersion     0052e324     xboxkrnl:xboxkrnl.exe
 0007:00000348       __imp__NtDuplicateObject@12 0052e328     xboxkrnl:xboxkrnl.exe
 0007:0000034c       __imp__RtlLeaveCriticalSection@4 0052e32c     xboxkrnl:xboxkrnl.exe
 0007:00000350       __imp__RtlEnterCriticalSection@4 0052e330     xboxkrnl:xboxkrnl.exe
 0007:00000354       __imp_@ObfDereferenceObject@4 0052e334     xboxkrnl:xboxkrnl.exe
 0007:00000358       __imp__KeSetBasePriorityThread@8 0052e338     xboxkrnl:xboxkrnl.exe
 0007:0000035c       __imp__ObReferenceObjectByHandle@12 0052e33c     xboxkrnl:xboxkrnl.exe
 0007:00000360       __imp__PsThreadObjectType  0052e340     xboxkrnl:xboxkrnl.exe
 0007:00000360       _PsThreadObjectType        0052e340     xboxkrnl:xboxkrnl.exe
 0007:00000364       __imp__KeQueryBasePriorityThread@4 0052e344     xboxkrnl:xboxkrnl.exe
 0007:00000368       __imp__KeSetDisableBoostThread@8 0052e348     xboxkrnl:xboxkrnl.exe
 0007:0000036c       __imp__NtSuspendThread@8   0052e34c     xboxkrnl:xboxkrnl.exe
 0007:00000370       __imp__NtResumeThread@8    0052e350     xboxkrnl:xboxkrnl.exe
 0007:00000374       __imp__RtlRaiseException@4 0052e354     xboxkrnl:xboxkrnl.exe
 0007:00000378       __imp__NtQueueApcThread@20 0052e358     xboxkrnl:xboxkrnl.exe
 0007:0000037c       __imp__NtYieldExecution@0  0052e35c     xboxkrnl:xboxkrnl.exe
 0007:00000380       __imp__PsTerminateSystemThread@4 0052e360     xboxkrnl:xboxkrnl.exe
 0007:00000384       _KeTimeIncrement           0052e364     xboxkrnl:xboxkrnl.exe
 0007:00000384       __imp__KeTimeIncrement     0052e364     xboxkrnl:xboxkrnl.exe
 0007:00000388       __imp__DbgPrint            0052e368     xboxkrnl:xboxkrnl.exe
 0007:0000038c       __imp__PsCreateSystemThreadEx@40 0052e36c     xboxkrnl:xboxkrnl.exe
 0007:00000390       __imp__RtlEqualString@12   0052e370     xboxkrnl:xboxkrnl.exe
 0007:00000394       __imp__XeLoadSection@4     0052e374     xboxkrnl:xboxkrnl.exe
 0007:00000398       __imp__XeUnloadSection@4   0052e378     xboxkrnl:xboxkrnl.exe
 0007:0000039c       __imp__MmPersistContiguousMemory@12 0052e37c     xboxkrnl:xboxkrnl.exe
 0007:000003a0       __imp__MmAllocateContiguousMemory@4 0052e380     xboxkrnl:xboxkrnl.exe
 0007:000003a4       _IdexChannelObject         0052e384     xboxkrnl:xboxkrnl.exe
 0007:000003a4       __imp__IdexChannelObject   0052e384     xboxkrnl:xboxkrnl.exe
 0007:000003a8       __imp__IoDeleteSymbolicLink@4 0052e388     xboxkrnl:xboxkrnl.exe
 0007:000003ac       __imp__NtQuerySymbolicLinkObject@12 0052e38c     xboxkrnl:xboxkrnl.exe
 0007:000003b0       __imp__NtOpenSymbolicLinkObject@8 0052e390     xboxkrnl:xboxkrnl.exe
 0007:000003b4       __imp__XcSHAFinal@8        0052e394     xboxkrnl:xboxkrnl.exe
 0007:000003b8       __imp__XcSHAUpdate@12      0052e398     xboxkrnl:xboxkrnl.exe
 0007:000003bc       __imp__XcSHAInit@4         0052e39c     xboxkrnl:xboxkrnl.exe
 0007:000003c0       _XeImageFileName           0052e3a0     xboxkrnl:xboxkrnl.exe
 0007:000003c0       __imp__XeImageFileName     0052e3a0     xboxkrnl:xboxkrnl.exe
 0007:000003c4       __imp__ExQueryNonVolatileSetting@20 0052e3a4     xboxkrnl:xboxkrnl.exe
 0007:000003c8       __imp__HalDiskCachePartitionCount 0052e3a8     xboxkrnl:xboxkrnl.exe
 0007:000003c8       _HalDiskCachePartitionCount 0052e3a8     xboxkrnl:xboxkrnl.exe
 0007:000003cc       __imp__NtReadFile@32       0052e3ac     xboxkrnl:xboxkrnl.exe
 0007:000003d0       __imp__NtFsControlFile@40  0052e3b0     xboxkrnl:xboxkrnl.exe
 0007:000003d4       __imp__RtlFillMemoryUlong@12 0052e3b4     xboxkrnl:xboxkrnl.exe
 0007:000003d8       __imp__NtFreeVirtualMemory@12 0052e3b8     xboxkrnl:xboxkrnl.exe
 0007:000003dc       __imp__NtAllocateVirtualMemory@20 0052e3bc     xboxkrnl:xboxkrnl.exe
 0007:000003e0       __imp__DbgBreakPoint@0     0052e3c0     xboxkrnl:xboxkrnl.exe
 0007:000003e4       __imp__KdDebuggerEnabled   0052e3c4     xboxkrnl:xboxkrnl.exe
 0007:000003e4       _KdDebuggerEnabled         0052e3c4     xboxkrnl:xboxkrnl.exe
 0007:000003e8       __imp__RtlCompareMemoryUlong@12 0052e3c8     xboxkrnl:xboxkrnl.exe
 0007:000003ec       __imp__RtlCompareMemory@12 0052e3cc     xboxkrnl:xboxkrnl.exe
 0007:000003f0       __imp__RtlInitializeCriticalSection@4 0052e3d0     xboxkrnl:xboxkrnl.exe
 0007:000003f4       __imp__NtQueryVirtualMemory@8 0052e3d4     xboxkrnl:xboxkrnl.exe
 0007:000003f8       __imp__KeSetTimer@16       0052e3d8     xboxkrnl:xboxkrnl.exe
 0007:000003fc       __imp_@KfLowerIrql@4       0052e3dc     xboxkrnl:xboxkrnl.exe
 0007:00000400       __imp__KeQueryInterruptTime@0 0052e3e0     xboxkrnl:xboxkrnl.exe
 0007:00000404       __imp__KeRaiseIrqlToDpcLevel@0 0052e3e4     xboxkrnl:xboxkrnl.exe
 0007:00000408       __imp__HalInitiateShutdown@0 0052e3e8     xboxkrnl:xboxkrnl.exe
 0007:0000040c       __imp__KeInitializeTimerEx@8 0052e3ec     xboxkrnl:xboxkrnl.exe
 0007:00000410       __imp__KeInitializeDpc@12  0052e3f0     xboxkrnl:xboxkrnl.exe
 0007:00000414       __imp__KeSetEvent@12       0052e3f4     xboxkrnl:xboxkrnl.exe
 0007:00000418       __imp__KeWaitForSingleObject@20 0052e3f8     xboxkrnl:xboxkrnl.exe
 0007:0000041c       __imp__NtCreateEvent@16    0052e3fc     xboxkrnl:xboxkrnl.exe
 0007:00000420       __imp__ObOpenObjectByName@16 0052e400     xboxkrnl:xboxkrnl.exe
 0007:00000424       _ExEventObjectType         0052e404     xboxkrnl:xboxkrnl.exe
 0007:00000424       __imp__ExEventObjectType   0052e404     xboxkrnl:xboxkrnl.exe
 0007:00000428       __imp__NtSetEvent@8        0052e408     xboxkrnl:xboxkrnl.exe
 0007:0000042c       __imp__NtClearEvent@4      0052e40c     xboxkrnl:xboxkrnl.exe
 0007:00000430       __imp__NtPulseEvent@8      0052e410     xboxkrnl:xboxkrnl.exe
 0007:00000434       __imp__NtCreateSemaphore@16 0052e414     xboxkrnl:xboxkrnl.exe
 0007:00000438       __imp__ExSemaphoreObjectType 0052e418     xboxkrnl:xboxkrnl.exe
 0007:00000438       _ExSemaphoreObjectType     0052e418     xboxkrnl:xboxkrnl.exe
 0007:0000043c       __imp__NtReleaseSemaphore@12 0052e41c     xboxkrnl:xboxkrnl.exe
 0007:00000440       __imp__NtCreateMutant@12   0052e420     xboxkrnl:xboxkrnl.exe
 0007:00000444       _ExMutantObjectType        0052e424     xboxkrnl:xboxkrnl.exe
 0007:00000444       __imp__ExMutantObjectType  0052e424     xboxkrnl:xboxkrnl.exe
 0007:00000448       __imp__NtReleaseMutant@8   0052e428     xboxkrnl:xboxkrnl.exe
 0007:0000044c       __imp__NtWaitForSingleObjectEx@16 0052e42c     xboxkrnl:xboxkrnl.exe
 0007:00000450       __imp__NtSignalAndWaitForSingleObjectEx@20 0052e430     xboxkrnl:xboxkrnl.exe
 0007:00000454       __imp__NtWaitForMultipleObjectsEx@24 0052e434     xboxkrnl:xboxkrnl.exe
 0007:00000458       __imp__KeDelayExecutionThread@12 0052e438     xboxkrnl:xboxkrnl.exe
 0007:0000045c       __imp__NtCreateTimer@12    0052e43c     xboxkrnl:xboxkrnl.exe
 0007:00000460       __imp__ExTimerObjectType   0052e440     xboxkrnl:xboxkrnl.exe
 0007:00000460       _ExTimerObjectType         0052e440     xboxkrnl:xboxkrnl.exe
 0007:00000464       __imp__NtSetTimerEx@32     0052e444     xboxkrnl:xboxkrnl.exe
 0007:00000468       __imp__NtCancelTimer@8     0052e448     xboxkrnl:xboxkrnl.exe
 0007:0000046c       __imp__NtWaitForSingleObject@12 0052e44c     xboxkrnl:xboxkrnl.exe
 0007:00000470       __imp__NtFlushBuffersFile@8 0052e450     xboxkrnl:xboxkrnl.exe
 0007:00000474       __imp__NtUserIoApcDispatcher@12 0052e454     xboxkrnl:xboxkrnl.exe
 0007:00000478       __imp__NtDeviceIoControlFile@40 0052e458     xboxkrnl:xboxkrnl.exe
 0007:0000047c       __imp__NtReadFileScatter@32 0052e45c     xboxkrnl:xboxkrnl.exe
 0007:00000480       __imp__NtWriteFileGather@32 0052e460     xboxkrnl:xboxkrnl.exe
 0007:00000484       __imp__IoQueryVolumeInformation@20 0052e464     xboxkrnl:xboxkrnl.exe
 0007:00000488       __imp__IoFileObjectType    0052e468     xboxkrnl:xboxkrnl.exe
 0007:00000488       _IoFileObjectType          0052e468     xboxkrnl:xboxkrnl.exe
 0007:0000048c       __imp__MmFreeSystemMemory@8 0052e46c     xboxkrnl:xboxkrnl.exe
 0007:00000490       __imp__MmAllocateSystemMemory@8 0052e470     xboxkrnl:xboxkrnl.exe
 0007:00000494       __imp__XcHMAC@28           0052e474     xboxkrnl:xboxkrnl.exe
 0007:00000498       __imp__XboxHDKey           0052e478     xboxkrnl:xboxkrnl.exe
 0007:00000498       _XboxHDKey                 0052e478     xboxkrnl:xboxkrnl.exe
 0007:0000049c       __imp__RtlCompareString@12 0052e47c     xboxkrnl:xboxkrnl.exe
 0007:000004a0       __imp__XboxSignatureKey    0052e480     xboxkrnl:xboxkrnl.exe
 0007:000004a0       _XboxSignatureKey          0052e480     xboxkrnl:xboxkrnl.exe
 0007:000004a4       __imp__XboxAlternateSignatureKeys 0052e484     xboxkrnl:xboxkrnl.exe
 0007:000004a4       _XboxAlternateSignatureKeys 0052e484     xboxkrnl:xboxkrnl.exe
 0007:000004a8       __imp__NtQueryDirectoryFile@40 0052e488     xboxkrnl:xboxkrnl.exe
 0007:000004ac       __imp__NtQueryFullAttributesFile@8 0052e48c     xboxkrnl:xboxkrnl.exe
 0007:000004b0       __imp__FscSetCacheSize@4   0052e490     xboxkrnl:xboxkrnl.exe
 0007:000004b4       __imp__FscGetCacheSize@0   0052e494     xboxkrnl:xboxkrnl.exe
 0007:000004b8       __imp__MmAllocateContiguousMemoryEx@20 0052e498     xboxkrnl:xboxkrnl.exe
 0007:000004bc       __imp__MmQueryAllocationSize@4 0052e49c     xboxkrnl:xboxkrnl.exe
 0007:000004c0       __imp__AvGetSavedDataAddress@0 0052e4a0     xboxkrnl:xboxkrnl.exe
 0007:000004c4       __imp__AvSendTVEncoderOption@16 0052e4a4     xboxkrnl:xboxkrnl.exe
 0007:000004c8       __imp__AvSetDisplayMode@24 0052e4a8     xboxkrnl:xboxkrnl.exe
 0007:000004cc       __imp__AvSetSavedDataAddress@4 0052e4ac     xboxkrnl:xboxkrnl.exe
 0007:000004d0       __imp__MmQueryStatistics@4 0052e4b0     xboxkrnl:xboxkrnl.exe
 0007:000004d4       _KeTickCount               0052e4b4     xboxkrnl:xboxkrnl.exe
 0007:000004d4       __imp__KeTickCount         0052e4b4     xboxkrnl:xboxkrnl.exe
 0007:000004d8       __imp__RtlWalkFrameChain@12 0052e4b8     xboxkrnl:xboxkrnl.exe
 0007:000004dc       __imp__NtDeleteFile@4      0052e4bc     xboxkrnl:xboxkrnl.exe
 0007:000004e0       __imp__KeInsertQueueDpc@12 0052e4c0     xboxkrnl:xboxkrnl.exe
 0007:000004e4       __imp__HalReadWritePCISpace@24 0052e4c4     xboxkrnl:xboxkrnl.exe
 0007:000004e8       __imp__KeConnectInterrupt@4 0052e4c8     xboxkrnl:xboxkrnl.exe
 0007:000004ec       __imp__KeInitializeInterrupt@28 0052e4cc     xboxkrnl:xboxkrnl.exe
 0007:000004f0       __imp__HalGetInterruptVector@8 0052e4d0     xboxkrnl:xboxkrnl.exe
 0007:000004f4       __imp__KeDisconnectInterrupt@4 0052e4d4     xboxkrnl:xboxkrnl.exe
 0007:000004f8       __imp__MmClaimGpuInstanceMemory@8 0052e4d8     xboxkrnl:xboxkrnl.exe
 0007:000004fc       __imp__KeStallExecutionProcessor@4 0052e4dc     xboxkrnl:xboxkrnl.exe
 0007:00000500       __imp__RtlUnwind@16        0052e4e0     xboxkrnl:xboxkrnl.exe
 0007:00000504       __imp__KeBugCheck@4        0052e4e4     xboxkrnl:xboxkrnl.exe
 0007:00000508       __imp__RtlAnsiStringToUnicodeString@12 0052e4e8     xboxkrnl:xboxkrnl.exe
 0007:0000050c       __imp__RtlUnicodeStringToAnsiString@12 0052e4ec     xboxkrnl:xboxkrnl.exe
 0007:00000510       \177xboxkrnl_NULL_THUNK_DATA 0052e4f0     xboxkrnl:xboxkrnl.exe
 0008:00000000       _XapiBuildNumberD          0052e6a0     xapilibd:xapi0.obj
 0008:00000114       _D3D8BuildNumberD          0052e7b4     d3d8d:precomp.obj
 0008:00000128       _D3DX8BuildNumberD         0052e7c8     d3dx8d:pchcore.obj
 0008:0000013c       _XboxKrnlBuildNumber       0052e7dc     xboxkrnl:bldnum.obj
 0008:00000150       ___DebugCrtBuildNumberMT   0052e7f0     LIBCMTD:fpinit.obj
 0009:00000000       __tls_start                0052e920     xapilibd:xapitls.obj
 0009:00000108       _XapiLastErrorCode         0052ea28     xapilibd:error.obj
 0009:0000010c       ___ptd_cur                 0052ea2c     LIBCMTD:tidtable.obj
 0009:00000110       _XapiTlsSlots              0052ea30     xapilibd:tls.obj
 0009:000002ab       __tls_end                  0052ebcb     xapilibd:xapitls.obj

 entry point at        0002:00000b9f

