 Example_Project

 Timestamp is 66b43b26 (Wed Aug 07 20:27:34 2024)

 Preferred load address is 00400000

 Start         Length     Name                   Class
 0001:00000000 00047369H .textbss                DATA
 0002:00000000 00029196H .text                   CODE
 0003:00000000 0003e7f4H D3D                     CODE
 0003:0003e7f8 0001f71cH D3D_RD                  CODE
 0003:0005df20 00009b8aH D3D_URW                 CODE
 0004:00000000 000082e5H D3DX                    CODE
 0004:000082e8 000026a4H D3DX_RD                 CODE
 0005:00000000 000077aeH .rdata                  DATA
 0005:000077b0 0000015aH .rdata$debug            DATA
 0005:0000790c 00000104H .rtc$IAA                DATA
 0005:00007a10 0000010eH .rtc$IMZ                DATA
 0005:00007b20 00000104H .rtc$IZZ                DATA
 0005:00007c24 00000104H .rtc$TAA                DATA
 0005:00007d28 0000010eH .rtc$TMZ                DATA
 0005:00007e38 00000104H .rtc$TZZ                DATA
 0005:00007f3c 00000000H .edata                  DATA
 0006:00000000 00000104H .CRT$RIA                DATA
 0006:00000104 00000104H .CRT$RII10              DATA
 0006:00000208 00000104H .CRT$RII15              DATA
 0006:0000030c 00000104H .CRT$RII20              DATA
 0006:00000410 00000104H .CRT$RIZ                DATA
 0006:00000514 00000104H .CRT$XCA                DATA
 0006:00000618 00000104H .CRT$XCZ                DATA
 0006:0000071c 00000104H .CRT$XIA                DATA
 0006:00000820 00000109H .CRT$XIC                DATA
 0006:0000092c 00000104H .CRT$XIZ                DATA
 0006:00000a30 00000104H .CRT$XPA                DATA
 0006:00000b34 00000104H .CRT$XPX                DATA
 0006:00000c38 00000104H .CRT$XPZ                DATA
 0006:00000d3c 00000104H .CRT$XTA                DATA
 0006:00000e40 00000104H .CRT$XTZ                DATA
 0006:00000f44 00000104H .XAPI$LNA               DATA
 0006:00001048 00000104H .XAPI$LNZ               DATA
 0006:00001150 00041990H .data                   DATA
 0006:00042ae0 000008ecH .bss                    DATA
 0007:00000000 00000014H .idata$2                DATA
 0007:00000014 00000014H .idata$3                DATA
 0007:00000028 000002c0H .idata$4                DATA
 0007:000002e8 000002c0H .idata$5                DATA
 0007:000005a8 0000010fH .idata$6                DATA
 0008:00000000 00000113H .XBLD$A                 DATA
 0008:00000114 00000150H .XBLD$V                 DATA
 0009:00000000 00000101H .tls                    DATA
 0009:00000108 000001a3H .tls$                   DATA
 0009:000002ab 00000101H .tls$ZZZ                DATA

  Address         Publics by Value              Rva+Base     Lib:Object

 0000:00000000       __except_list              00000000     <absolute>
 0000:00000000       ___safe_se_handler_table   00000000     <absolute>
 0000:00000000       ___safe_se_handler_count   00000000     <absolute>
 0000:00000004       __tls_array                00000004     <absolute>
 0001:00000000       __enc$textbss$begin        00400360     <linker-defined>
 0001:00047369       __enc$textbss$end          004476c9     <linker-defined>
 0002:00004330       ?Update@@YAXXZ             0044ba10 f   Example_Project.obj
 0002:00004470       ?SetTransform@D3DDevice@@SGJW4_D3DTRANSFORMSTATETYPE@@PBU_D3DMATRIX@@@Z 0044bb50 f i Example_Project.obj
 0002:000044d0       ?GetTransform@D3DDevice@@SGJW4_D3DTRANSFORMSTATETYPE@@PAU_D3DMATRIX@@@Z 0044bbb0 f i Example_Project.obj
 0002:00004530       ??0D3DXMATRIX@@QAE@XZ      0044bc10 f i Example_Project.obj
 0002:00004570       _main                      0044bc50 f   Example_Project.obj
 0002:00004600       ?Present@D3DDevice@@SGJPBUtagRECT@@0PAX1@Z 0044bce0 f i Example_Project.obj
 0002:00004650       ?InitTime@@YAXXZ           0044bd30 f   Time.obj
 0002:00004760       ?UpdateTime@@YAXXZ         0044be40 f   Time.obj
 0002:000048a0       ?InitD3D@@YAJXZ            0044bf80 f   Render.obj
 0002:00004b20       ?CreateDevice@Direct3D@@SGJIW4_D3DDEVTYPE@@PAXKPAU_D3DPRESENT_PARAMETERS_@@PAPAUD3DDevice@@@Z 0044c200 f i Render.obj
 0002:00004b90       ??0D3DXVECTOR3@@QAE@MMM@Z  0044c270 f i Render.obj
 0002:00004c00       ?InitVB@@YAJXZ             0044c2e0 f   Render.obj
 0002:00004dc0       ?CreateVertexBuffer@D3DDevice@@SGJIKKKPAPAUD3DVertexBuffer@@@Z 0044c4a0 f i Render.obj
 0002:00004e30       ?Lock@D3DVertexBuffer@@QAGJIIPAPAEK@Z 0044c510 f i Render.obj
 0002:00004e90       ?Unlock@D3DVertexBuffer@@QAGJXZ 0044c570 f i Render.obj
 0002:00004f10       ?Render@@YAXXZ             0044c5f0 f   Render.obj
 0002:00004fb0       ?BeginScene@D3DDevice@@SGJXZ 0044c690 f i Render.obj
 0002:00005030       ?EndScene@D3DDevice@@SGJXZ 0044c710 f i Render.obj
 0002:000050b0       ?Clear@D3DDevice@@SGJKPBU_D3DRECT@@KKMK@Z 0044c790 f i Render.obj
 0002:00005120       ?SetRenderState@D3DDevice@@SGJW4_D3DRENDERSTATETYPE@@K@Z 0044c800 f i Render.obj
 0002:00005590       ?DrawPrimitive@D3DDevice@@SGJW4_D3DPRIMITIVETYPE@@II@Z 0044cc70 f i Render.obj
 0002:00005610       ?SetVertexShader@D3DDevice@@SGJK@Z 0044ccf0 f i Render.obj
 0002:00005660       ?SetStreamSource@D3DDevice@@SGJIPAUD3DVertexBuffer@@I@Z 0044cd40 f i Render.obj
 0002:000056b8       _QueryPerformanceCounter@4 0044cd98 f   xapilibd:perfctr.obj
 0002:000056cd       _QueryPerformanceFrequency@4 0044cdad f   xapilibd:perfctr.obj
 0002:00005713       _mainXapiStartup@4         0044cdf3 f   xapilibd:xapi0.obj
 0002:000057b3       _mainCRTStartup            0044ce93 f   xapilibd:xapi0.obj
 0002:00005841       _XapiValidateDiskPartitionEx@8 0044cf21 f   xapilibd:xapiinit.obj
 0002:000058d7       _XapiCopySectionToFile@16  0044cfb7 f   xapilibd:xapiinit.obj
 0002:00005a59       _XapiMapLetterToDirectory@24 0044d139 f   xapilibd:xapiinit.obj
 0002:00005f8d       _XapiSetupPerTitleDriveLetters@8 0044d66d f   xapilibd:xapiinit.obj
 0002:00005ff7       _XapiBootToDash@12         0044d6d7 f   xapilibd:xapiinit.obj
 0002:00006075       _XapiValidateDiskPartition@4 0044d755 f   xapilibd:xapiinit.obj
 0002:0000608e       _XapiInitProcess@0         0044d76e f   xapilibd:xapiinit.obj
 0002:00006331       __cinit@0                  0044da11 f   xapilibd:xapi0dat.obj
 0002:00006384       __rtinit@0                 0044da64 f   xapilibd:xapi0dat.obj
 0002:000063d0       _GetLastError@0            0044dab0 f   xapilibd:error.obj
 0002:0000641e       _SetLastError@4            0044dafe f   xapilibd:error.obj
 0002:00006478       _XapiSetLastNTError@4      0044db58 f   xapilibd:error.obj
 0002:0000649b       _CreateIoCompletionPort@16 0044db7b f   xapilibd:error.obj
 0002:0000654a       _PostQueuedCompletionStatus@16 0044dc2a f   xapilibd:error.obj
 0002:00006583       _GetQueuedCompletionStatus@20 0044dc63 f   xapilibd:error.obj
 0002:00006611       _GetOverlappedResult@16    0044dcf1 f   xapilibd:error.obj
 0002:00006696       _XapiRestrictCodeSelectorLimit@0 0044dd76 f   xapilibd:krnlptch.obj
 0002:00006713       _XapiApplyKernelPatches@0  0044ddf3 f   xapilibd:krnlptch.obj
 0002:0000680a       _CloseHandle@4             0044deea f   xapilibd:handle.obj
 0002:00006833       _DuplicateHandle@28        0044df13 f   xapilibd:handle.obj
 0002:00006863       _XapiCallThreadNotifyRoutines@4 0044df43 f   xapilibd:thread.obj
 0002:000068ac       _SetThreadPriority@8       0044df8c f   xapilibd:thread.obj
 0002:00006912       _GetThreadPriority@4       0044dff2 f   xapilibd:thread.obj
 0002:0000697b       _SetThreadPriorityBoost@8  0044e05b f   xapilibd:thread.obj
 0002:000069d2       _GetThreadPriorityBoost@8  0044e0b2 f   xapilibd:thread.obj
 0002:00006a23       _SuspendThread@4           0044e103 f   xapilibd:thread.obj
 0002:00006a52       _ResumeThread@4            0044e132 f   xapilibd:thread.obj
 0002:00006a81       _RaiseException@16         0044e161 f   xapilibd:thread.obj
 0002:00006aec       _XapiDispatchAPC@12        0044e1cc f   xapilibd:thread.obj
 0002:00006afc       _QueueUserAPC@12           0044e1dc f   xapilibd:thread.obj
 0002:00006b2b       _SwitchToThread@0          0044e20b f   xapilibd:thread.obj
 0002:00006b49       _ExitThread@4              0044e229 f   xapilibd:thread.obj
 0002:00006b6d       _GetExitCodeThread@8       0044e24d f   xapilibd:thread.obj
 0002:00006bda       _SetUnhandledExceptionFilter@4 0044e2ba f   xapilibd:thread.obj
 0002:00006bf4       _GetThreadTimes@20         0044e2d4 f   xapilibd:thread.obj
 0002:00006c9f       _XRegisterThreadNotifyRoutine@8 0044e37f f   xapilibd:thread.obj
 0002:00006cfb       _XSetProcessQuantumLength@4 0044e3db f   xapilibd:thread.obj
 0002:00006d3d       _XGetProcessQuantumLength@0 0044e41d f   xapilibd:thread.obj
 0002:00006d9e       _UnhandledExceptionFilter@4 0044e47e f   xapilibd:thread.obj
 0002:00006e26       _XapiThreadStartup@8       0044e506 f   xapilibd:thread.obj
 0002:00006fae       _CreateThread@24           0044e68e f   xapilibd:thread.obj
 0002:00007037       _GetCurrentThreadId@0      0044e717 f   xapilibd:thread.obj
 0002:00007047       _OutputDebugStringA@4      0044e727 f   xapilibd:outputdebugstringa.obj
 0002:00007085       _vXDebugPrint@16           0044e765 f   xapilibd:outputdebugstringa.obj
 0002:00007107       _XDebugPrint               0044e7e7 f   xapilibd:outputdebugstringa.obj
 0002:00007123       _XDebugError               0044e803 f   xapilibd:outputdebugstringa.obj
 0002:0000713e       _XDebugWarning             0044e81e f   xapilibd:outputdebugstringa.obj
 0002:00007159       _XDebugTrace               0044e839 f   xapilibd:outputdebugstringa.obj
 0002:00007174       _XDebugEntry               0044e854 f   xapilibd:outputdebugstringa.obj
 0002:0000718f       _XDebugExit                0044e86f f   xapilibd:outputdebugstringa.obj
 0002:000071aa       _XGetSectionHandleA@4      0044e88a f   xapilibd:xemodule.obj
 0002:00007247       _XLoadSectionByHandle@4    0044e927 f   xapilibd:xemodule.obj
 0002:000072a7       _XFreeSectionByHandle@4    0044e987 f   xapilibd:xemodule.obj
 0002:00007306       _XLoadSectionA@4           0044e9e6 f   xapilibd:xemodule.obj
 0002:00007348       _XFreeSectionA@4           0044ea28 f   xapilibd:xemodule.obj
 0002:0000738a       _XGetSectionSize@4         0044ea6a f   xapilibd:xemodule.obj
 0002:000073d0       _lstrcmpA@8                0044eab0 f   xapilibd:lcompata.obj
 0002:0000744d       _lstrcmpiA@8               0044eb2d f   xapilibd:lcompata.obj
 0002:000074a3       _lstrcpyA@8                0044eb83 f   xapilibd:lcompata.obj
 0002:000074f0       _lstrcpynA@12              0044ebd0 f   xapilibd:lcompata.obj
 0002:0000756e       _lstrcatA@8                0044ec4e f   xapilibd:lcompata.obj
 0002:000075de       _lstrlenA@4                0044ecbe f   xapilibd:lcompata.obj
 0002:0000762b       _XLaunchNewImageA@8        0044ed0b f   xapilibd:launch.obj
 0002:0000767d       _XWriteTitleInfoNoReboot@24 0044ed5d f   xapilibd:launch.obj
 0002:00007796       _XGetLaunchInfo@8          0044ee76 f   xapilibd:launch.obj
 0002:00007872       _XWriteTitleInfoAndRebootA@20 0044ef52 f   xapilibd:launch.obj
 0002:000078ed       _BuildUpdateFilePath@12    0044efcd f   xapilibd:bootutil.obj
 0002:00007949       _XapipUpdateMountDashPartition@0 0044f029 f   xapilibd:bootutil.obj
 0002:000079e7       _XoUpdateLoadXBEInfo@8     0044f0c7 f   xapilibd:bootutil.obj
 0002:00007ae6       _XoRebootToUpdaterWhilePreservingDDrive@12 0044f1c6 f   xapilibd:bootutil.obj
 0002:00007bdc       _XoUpdateGetSavedDataFromLaunchPage@12 0044f2bc f   xapilibd:bootutil.obj
 0002:00007cab       _XapipUpdateGetCurrentDDriveMapping@8 0044f38b f   xapilibd:bootutil.obj
 0002:00007da1       _XapipUpdateSaveDDriveMappingToLaunchPage@8 0044f481 f   xapilibd:bootutil.obj
 0002:00007ea5       _XapipUpdateDetectAndVerify@16 0044f585 f   xapilibd:bootutil.obj
 0002:00008141       _XapipUpdateDashIfNecessary@4 0044f821 f   xapilibd:bootutil.obj
 0002:000081f9       _XapipLaunchNewImageInternal@16 0044f8d9 f   xapilibd:bootutil.obj
 0002:0000843d       _XapipUpdateRebootIfNecessary@0 0044fb1d f   xapilibd:bootutil.obj
 0002:00008705       _XGetParentalControlSetting@0 0044fde5 f   xapilibd:xgetparentalcontrolsetting.obj
 0002:00008733       _GetDiskFreeSpaceExA@16    0044fe13 f   xapilibd:pathmisc.obj
 0002:0000887e       _GetVolumeInformationA@32  0044ff5e f   xapilibd:pathmisc.obj
 0002:00008b85       _XapiSelectCachePartition@12 00450265 f   xapilibd:pathmisc.obj
 0002:00008efa       _XMountUtilityDrive@4      004505da f   xapilibd:pathmisc.obj
 0002:0000906e       _XFormatUtilityDrive@0     0045074e f   xapilibd:pathmisc.obj
 0002:0000913c       _XMountSecondaryUtilityDrive@0 0045081c f   xapilibd:pathmisc.obj
 0002:0000949d       _XSwapUtilityDrives@0      00450b7d f   xapilibd:pathmisc.obj
 0002:00009760       _XFormatSecondaryUtilityDrive@0 00450e40 f   xapilibd:pathmisc.obj
 0002:0000982e       _XMountAlternateTitleA@12  00450f0e f   xapilibd:pathmisc.obj
 0002:00009b4a       _XUnmountAlternateTitleA@4 0045122a f   xapilibd:pathmisc.obj
 0002:00009bde       _XGetDiskClusterSizeA@4    004512be f   xapilibd:pathmisc.obj
 0002:00009cec       _XGetDiskSectorSizeA@4     004513cc f   xapilibd:pathmisc.obj
 0002:00009dee       _XMUNameFromDriveLetter@12 004514ce f   xapilibd:pathmisc.obj
 0002:00009f17       _HeapCreate@12             004515f7 f   xapilibd:xapiheap.obj
 0002:00009f79       _HeapDestroy@4             00451659 f   xapilibd:xapiheap.obj
 0002:00009f9f       _HeapFree@12               0045167f f   xapilibd:xapiheap.obj
 0002:00009fbd       _HeapValidate@12           0045169d f   xapilibd:xapiheap.obj
 0002:00009fdb       _GetProcessHeap@0          004516bb f   xapilibd:xapiheap.obj
 0002:00009fe1       _HeapCompact@8             004516c1 f   xapilibd:xapiheap.obj
 0002:00009fec       _HeapLock@4                004516cc f   xapilibd:xapiheap.obj
 0002:0000a002       _HeapUnlock@4              004516e2 f   xapilibd:xapiheap.obj
 0002:0000a018       _HeapWalk@8                004516f8 f   xapilibd:xapiheap.obj
 0002:0000a12c       _LocalAlloc@8              0045180c f   xapilibd:xapiheap.obj
 0002:0000a16f       _LocalReAlloc@12           0045184f f   xapilibd:xapiheap.obj
 0002:0000a1c7       _LocalSize@4               004518a7 f   xapilibd:xapiheap.obj
 0002:0000a1e3       _LocalFree@4               004518c3 f   xapilibd:xapiheap.obj
 0002:0000a20b       _LocalLock@4               004518eb f   xapilibd:xapiheap.obj
 0002:0000a217       _LocalHandle@4             004518f7 f   xapilibd:xapiheap.obj
 0002:0000a223       _LocalUnlock@4             00451903 f   xapilibd:xapiheap.obj
 0002:0000a229       _GlobalAlloc@8             00451909 f   xapilibd:xapiheap.obj
 0002:0000a26c       _GlobalReAlloc@12          0045194c f   xapilibd:xapiheap.obj
 0002:0000a2c4       _XSetAttributesOnHeapAlloc@8 004519a4 f   xapilibd:xapiheap.obj
 0002:0000a2d8       _XGetAttributesOnHeapAlloc@4 004519b8 f   xapilibd:xapiheap.obj
 0002:0000a3a6       _RtlZeroHeap@8             00451a86 f   xapilibd:heap.obj
 0002:0000a55a       _RtlpCreateUnCommittedRange@4 00451c3a f   xapilibd:heap.obj
 0002:0000a70a       _RtlpDestroyUnCommittedRange@8 00451dea f   xapilibd:heap.obj
 0002:0000a77f       _RtlpInsertUnCommittedPages@12 00451e5f f   xapilibd:heap.obj
 0002:0000a898       _RtlpFindAndCommitPages@16 00451f78 f   xapilibd:heap.obj
 0002:0000aafb       _RtlpDestroyHeapSegment@4  004521db f   xapilibd:heap.obj
 0002:0000ab84       _RtlpCoalesceFreeBlocks@16 00452264 f   xapilibd:heap.obj
 0002:0000b1a7       _RtlpInsertFreeBlock@12    00452887 f   xapilibd:heap.obj
 0002:0000b3b9       _RtlpGetExtraStuffPointer@4 00452a99 f   xapilibd:heap.obj
 0002:0000b3df       _RtlpGetSizeOfBigBlock@4   00452abf f   xapilibd:heap.obj
 0002:0000b43f       _RtlpCheckBusyBlockTail@4  00452b1f f   xapilibd:heap.obj
 0002:0000b50c       _RtlpCheckHeapSignature@8  00452bec f   xapilibd:heap.obj
 0002:0000b575       _RtlpValidateHeapHeaders@8 00452c55 f   xapilibd:heap.obj
 0002:0000b686       _RtlpValidateHeapSegment@32 00452d66 f   xapilibd:heap.obj
 0002:0000b966       _RtlpValidateHeapEntry@12  00453046 f   xapilibd:heap.obj
 0002:0000ba57       _RtlpValidateHeap@8        00453137 f   xapilibd:heap.obj
 0002:0000be97       _RtlDebugWalkHeap@8        00453577 f   xapilibd:heap.obj
 0002:0000bef2       _RtlWalkHeap@8             004535d2 f   xapilibd:heap.obj
 0002:0000c1e8       _RtlLockHeap@4             004538c8 f   xapilibd:heap.obj
 0002:0000c26c       _RtlUnlockHeap@4           0045394c f   xapilibd:heap.obj
 0002:0000c2f0       _RtlValidateHeap@12        004539d0 f   xapilibd:heap.obj
 0002:0000c3c3       _RtlDebugCompactHeap@8     00453aa3 f   xapilibd:heap.obj
 0002:0000c49c       _RtlDestroyHeap@4          00453b7c f   xapilibd:heap.obj
 0002:0000c5aa       _RtlpGrowBlockInPlace@20   00453c8a f   xapilibd:heap.obj
 0002:0000ce43       _RtlSizeHeap@12            00454523 f   xapilibd:heap.obj
 0002:0000ce80       _RtlpInitializeHeapSegment@28 00454560 f   xapilibd:heap.obj
 0002:0000d02f       _RtlpExtendHeap@8          0045470f f   xapilibd:heap.obj
 0002:0000d261       _RtlpDeCommitFreeBlock@12  00454941 f   xapilibd:heap.obj
 0002:0000d753       _RtlpCoalesceHeap@4        00454e33 f   xapilibd:heap.obj
 0002:0000d87d       _RtlCompactHeap@8          00454f5d f   xapilibd:heap.obj
 0002:0000d95f       _RtlCreateHeap@24          0045503f f   xapilibd:heap.obj
 0002:0000df2c       _RtlAllocateHeapSlowly@12  0045560c f   xapilibd:heap.obj
 0002:0000ee41       _RtlFreeHeapSlowly@12      00456521 f   xapilibd:heap.obj
 0002:0000f193       _RtlAllocateHeap@12        00456873 f   xapilibd:heap.obj
 0002:0001000c       _RtlFreeHeap@12            004576ec f   xapilibd:heap.obj
 0002:00010509       _RtlReAllocateHeap@16      00457be9 f   xapilibd:heap.obj
 0002:00011144       _XAutoPowerDownResetTimer@0 00458824 f   xapilibd:powerdwn.obj
 0002:00011168       _XAutoPowerDownTimeRemaining@0 00458848 f   xapilibd:powerdwn.obj
 0002:000111d8       _XapiAutoPowerDownTimeout@16 004588b8 f   xapilibd:powerdwn.obj
 0002:000111ee       _XapiInitAutoPowerDown@0   004588ce f   xapilibd:powerdwn.obj
 0002:000112a3       _XapiShutdownChannelStartNextPacket@0 00458983 f   xapilibd:xapiterm.obj
 0002:000112ea       _XapiShutdownChannelStartPacket@8 004589ca f   xapilibd:xapiterm.obj
 0002:000112ff       _XapiShutdownNotification@4 004589df f   xapilibd:xapiterm.obj
 0002:0001136a       _XapiFormatObjectAttributes@12 00458a4a f   xapilibd:support.obj
 0002:0001139d       _XapiFormatTimeOut@8       00458a7d f   xapilibd:support.obj
 0002:000113d9       _CreateEventA@16           00458ab9 f   xapilibd:synch.obj
 0002:00011452       _OpenEventA@12             00458b32 f   xapilibd:synch.obj
 0002:000114c5       _SetEvent@4                00458ba5 f   xapilibd:synch.obj
 0002:000114f0       _ResetEvent@4              00458bd0 f   xapilibd:synch.obj
 0002:00011519       _PulseEvent@4              00458bf9 f   xapilibd:synch.obj
 0002:00011544       _CreateSemaphoreA@16       00458c24 f   xapilibd:synch.obj
 0002:000115b5       _OpenSemaphoreA@12         00458c95 f   xapilibd:synch.obj
 0002:00011628       _ReleaseSemaphore@12       00458d08 f   xapilibd:synch.obj
 0002:00011658       _CreateMutexA@12           00458d38 f   xapilibd:synch.obj
 0002:000116c6       _OpenMutexA@12             00458da6 f   xapilibd:synch.obj
 0002:00011739       _ReleaseMutex@4            00458e19 f   xapilibd:synch.obj
 0002:00011764       _WaitForSingleObjectEx@12  00458e44 f   xapilibd:synch.obj
 0002:000117b9       _SignalObjectAndWait@16    00458e99 f   xapilibd:synch.obj
 0002:00011811       _WaitForMultipleObjectsEx@20 00458ef1 f   xapilibd:synch.obj
 0002:000118b1       _SleepEx@8                 00458f91 f   xapilibd:synch.obj
 0002:00011917       _CreateWaitableTimerA@12   00458ff7 f   xapilibd:synch.obj
 0002:0001198c       _OpenWaitableTimerA@12     0045906c f   xapilibd:synch.obj
 0002:000119ff       _SetWaitableTimer@24       004590df f   xapilibd:synch.obj
 0002:00011a56       _CancelWaitableTimer@4     00459136 f   xapilibd:synch.obj
 0002:00011a81       _WaitForSingleObject@8     00459161 f   xapilibd:synch.obj
 0002:00011a9a       _WaitForMultipleObjects@16 0045917a f   xapilibd:synch.obj
 0002:00011aba       _Sleep@4                   0045919a f   xapilibd:synch.obj
 0002:00011ad0       _XapiChangeCodeSelectorLimit@8 004591b0 f   xapilibd:xapidlla.obj
 0002:00011afe       _xCompareStringA@20        004591de f   xapilibd:compstra.obj
 0002:00011ce9       _ReadFile@20               004593c9 f   xapilibd:filehops.obj
 0002:00011e11       _WriteFile@20              004594f1 f   xapilibd:filehops.obj
 0002:00011f1c       _SetEndOfFile@4            004595fc f   xapilibd:filehops.obj
 0002:00011fc1       _SetFilePointer@16         004596a1 f   xapilibd:filehops.obj
 0002:0001210d       _SetFilePointerEx@20       004597ed f   xapilibd:filehops.obj
 0002:00012218       _GetFileInformationByHandle@8 004598f8 f   xapilibd:filehops.obj
 0002:00012327       _GetFileTime@16            00459a07 f   xapilibd:filehops.obj
 0002:000123a6       _SetFileTime@16            00459a86 f   xapilibd:filehops.obj
 0002:00012434       _FlushFileBuffers@4        00459b14 f   xapilibd:filehops.obj
 0002:00012464       _GetFileSizeEx@8           00459b44 f   xapilibd:filehops.obj
 0002:000124b1       _ReadFileEx@20             00459b91 f   xapilibd:filehops.obj
 0002:00012516       _WriteFileEx@20            00459bf6 f   xapilibd:filehops.obj
 0002:0001257b       _DeviceIoControl@32        00459c5b f   xapilibd:filehops.obj
 0002:000126b8       _ReadFileScatter@20        00459d98 f   xapilibd:filehops.obj
 0002:000127e0       _WriteFileGather@20        00459ec0 f   xapilibd:filehops.obj
 0002:000128eb       _XGetFilePhysicalSortKey@4 00459fcb f   xapilibd:filehops.obj
 0002:000129bb       _GetFileSize@8             0045a09b f   xapilibd:filehops.obj
 0002:00012a04       _CreateFileA@28            0045a0e4 f   xapilibd:fileopcr.obj
 0002:00012c09       _CopyFileExA@24            0045a2e9 f   xapilibd:fileopcr.obj
 0002:00012fbf       _CopyFileA@12              0045a69f f   xapilibd:fileopcr.obj
 0002:00012fe7       _XapiComputeContentMetadataFileName@8 0045a6c7 f   xapilibd:contsig.obj
 0002:00013057       _XComputeContentSignatureKey@8 0045a737 f   xapilibd:contsig.obj
 0002:00013080       _XapiComputeContentHeaderSignature@16 0045a760 f   xapilibd:contsig.obj
 0002:000131a7       _XapiLoadContentMetadataHeader@16 0045a887 f   xapilibd:contsig.obj
 0002:000132c0       _XapiVerifyAndLoadOptionalSectionData@12 0045a9a0 f   xapilibd:contsig.obj
 0002:000133bf       _XapipGetAlternateTitleID@0 0045aa9f f   xapilibd:contsig.obj
 0002:000134c3       _XGetContentInstallLocationFromIDs@16 0045aba3 f   xapilibd:contsig.obj
 0002:00013540       _XGetContentInstallLocation@12 0045ac20 f   xapilibd:contsig.obj
 0002:000135c2       _XInstallContentSignaturesWithFileName@16 0045aca2 f   xapilibd:contsig.obj
 0002:00013874       _XInstallContentSignaturesEx@16 0045af54 f   xapilibd:contsig.obj
 0002:000138b1       _XInstallContentSignatures@12 0045af91 f   xapilibd:contsig.obj
 0002:000138eb       _XCreateContentSimple@24   0045afcb f   xapilibd:contsig.obj
 0002:00013b31       _XRemoveContent@4          0045b211 f   xapilibd:contsig.obj
 0002:00013b9d       _XLoadContentSignaturesWithFileName@8 0045b27d f   xapilibd:contsig.obj
 0002:00013d64       _XLoadContentSignaturesEx@8 0045b444 f   xapilibd:contsig.obj
 0002:00013d99       _XLocateSignatureByIndex@16 0045b479 f   xapilibd:contsig.obj
 0002:00013e52       _XLocateSignatureByNameEx@24 0045b532 f   xapilibd:contsig.obj
 0002:00013fbb       _XLocateSignatureByName@24 0045b69b f   xapilibd:contsig.obj
 0002:00013fe1       _XLocateNextSignature@28   0045b6c1 f   xapilibd:contsig.obj
 0002:0001410a       _XCalculateContentSignature@16 0045b7ea f   xapilibd:contsig.obj
 0002:00014194       _XLocateLiveSignature@12   0045b874 f   xapilibd:contsig.obj
 0002:00014211       _XCloseContentSignatures@4 0045b8f1 f   xapilibd:contsig.obj
 0002:00014252       _XMemAlloc@8               0045b932 f   xapilibd:xmem.obj
 0002:00014380       _XMemFree@8                0045ba60 f   xapilibd:xmem.obj
 0002:00014511       _XMemSize@8                0045bbf1 f   xapilibd:xmem.obj
 0002:00014534       _XapiFormatFATVolumeEx@8   0045bc14 f   xapilibd:format.obj
 0002:00014921       _XapiFormatFATVolume@4     0045c001 f   xapilibd:format.obj
 0002:0001493a       _lstrcmpW@8                0045c01a f   xapilibd:lcompat.obj
 0002:00014990       _lstrcmpiW@8               0045c070 f   xapilibd:lcompat.obj
 0002:000149e6       _lstrcpyW@8                0045c0c6 f   xapilibd:lcompat.obj
 0002:00014a2c       _lstrcpynW@12              0045c10c f   xapilibd:lcompat.obj
 0002:00014ab3       _lstrcatW@8                0045c193 f   xapilibd:lcompat.obj
 0002:00014af9       _lstrlenW@4                0045c1d9 f   xapilibd:lcompat.obj
 0002:00014b50       @RtlFindFirstSetRightMember@4 0045c230 f   xapilibd:bitmapa.obj
 0002:00014b54       _XQueryValue@20            0045c234 f   xapilibd:xqueryvalue.obj
 0002:00014b7e       _XShaHmacInitialize@12     0045c25e f   xapilibd:xcalcsig.obj
 0002:00014c3f       _XShaHmacUpdate@12         0045c31f f   xapilibd:xcalcsig.obj
 0002:00014c97       _XShaHmacComputeFinal@16   0045c377 f   xapilibd:xcalcsig.obj
 0002:00014d5a       _XapiConvertSignatureToNonRoamable@12 0045c43a f   xapilibd:xcalcsig.obj
 0002:00014e15       _XapipCalculateSaveGameSignatureBegin@8 0045c4f5 f   xapilibd:xcalcsig.obj
 0002:00014efd       _XapipCalculateSaveGameSignatureUpdate@12 0045c5dd f   xapilibd:xcalcsig.obj
 0002:00014f3e       _XapipCalculateSaveGameSignatureEnd@8 0045c61e f   xapilibd:xcalcsig.obj
 0002:00014fe1       _XapipCalculateContentSignatureBegin@0 0045c6c1 f   xapilibd:xcalcsig.obj
 0002:00015024       _XapipCalculateContentSignatureUpdate@12 0045c704 f   xapilibd:xcalcsig.obj
 0002:00015045       _XapipCalculateContentSignatureEnd@8 0045c725 f   xapilibd:xcalcsig.obj
 0002:0001507a       _XCalculateSignatureGetSize@4 0045c75a f   xapilibd:xcalcsig.obj
 0002:000150b8       _XCalculateSignatureBeginEx@8 0045c798 f   xapilibd:xcalcsig.obj
 0002:0001513f       _XCalculateSignatureBegin@4 0045c81f f   xapilibd:xcalcsig.obj
 0002:0001515b       _XCalculateSignatureUpdate@12 0045c83b f   xapilibd:xcalcsig.obj
 0002:00015229       _XCalculateSignatureEnd@8  0045c909 f   xapilibd:xcalcsig.obj
 0002:000152cc       _XapiNukeDirectoryFromHandle@8 0045c9ac f   xapilibd:xclndrv.obj
 0002:000154a8       _XapiNukeDirectory@8       0045cb88 f   xapilibd:xclndrv.obj
 0002:00015557       _SetFileAttributesA@8      0045cc37 f   xapilibd:filemisc.obj
 0002:00015626       _GetFileAttributesA@4      0045cd06 f   xapilibd:filemisc.obj
 0002:00015683       _GetFileAttributesExA@12   0045cd63 f   xapilibd:filemisc.obj
 0002:00015749       _MoveFileA@8               0045ce29 f   xapilibd:filemisc.obj
 0002:00015804       _DeleteFileA@4             0045cee4 f   xapilibd:filemisc.obj
 0002:000158b5       _XSetFileCacheSize@4       0045cf95 f   xapilibd:filemisc.obj
 0002:000158ee       _XGetFileCacheSize@0       0045cfce f   xapilibd:filemisc.obj
 0002:000158fa       _XapiGetDirectoryDisplayBlocks@12 0045cfda f   xapilibd:filemisc.obj
 0002:00015a7c       _XGetDisplayBlocks@4       0045d15c f   xapilibd:filemisc.obj
 0002:00015b8a       _MoveFileWithProgressA@20  0045d26a f   xapilibd:filemisc.obj
 0002:00015cb6       _MoveFileExA@12            0045d396 f   xapilibd:filemisc.obj
 0002:00015cd5       _XPhysicalAlloc@16         0045d3b5 f   xapilibd:physical.obj
 0002:00015d98       _XPhysicalAllocEx@20       0045d478 f   xapilibd:physical.obj
 0002:00015e26       _XPhysicalSize@4           0045d506 f   xapilibd:physical.obj
 0002:00015e53       _XPhysicalProtect@12       0045d533 f   xapilibd:physical.obj
 0002:00015eab       _XPhysicalFree@4           0045d58b f   xapilibd:physical.obj
 0002:00015ed8       _XQueryMemoryProtect@4     0045d5b8 f   xapilibd:physical.obj
 0002:00015ee4       _xCompareStringW@20        0045d5c4 f   xapilibd:compstr.obj
 0002:000160e4       _RtlRip@12                 0045d7c4 f   xboxkrnl:xboxkrnl.exe
 0002:000160ea       _NtClose@4                 0045d7ca f   xboxkrnl:xboxkrnl.exe
 0002:000160f0       _NtQueryVolumeInformationFile@20 0045d7d0 f   xboxkrnl:xboxkrnl.exe
 0002:000160f6       _NtOpenFile@24             0045d7d6 f   xboxkrnl:xboxkrnl.exe
 0002:000160fc       _NtWriteFile@32            0045d7dc f   xboxkrnl:xboxkrnl.exe
 0002:00016102       _NtQueryInformationFile@20 0045d7e2 f   xboxkrnl:xboxkrnl.exe
 0002:00016108       _NtCreateFile@36           0045d7e8 f   xboxkrnl:xboxkrnl.exe
 0002:0001610e       _RtlInitAnsiString@8       0045d7ee f   xboxkrnl:xboxkrnl.exe
 0002:00016114       _RtlAssert@16              0045d7f4 f   xboxkrnl:xboxkrnl.exe
 0002:0001611a       _IoCreateSymbolicLink@8    0045d7fa f   xboxkrnl:xboxkrnl.exe
 0002:00016120       _NtSetInformationFile@20   0045d800 f   xboxkrnl:xboxkrnl.exe
 0002:00016126       _KeQuerySystemTime@4       0045d806 f   xboxkrnl:xboxkrnl.exe
 0002:0001612c       _HalReturnToFirmware@4     0045d80c f   xboxkrnl:xboxkrnl.exe
 0002:00016132       _MmFreeContiguousMemory@4  0045d812 f   xboxkrnl:xboxkrnl.exe
 0002:00016138       _HalRegisterShutdownNotification@8 0045d818 f   xboxkrnl:xboxkrnl.exe
 0002:0001613e       _RtlNtStatusToDosError@4   0045d81e f   xboxkrnl:xboxkrnl.exe
 0002:00016144       _NtCreateIoCompletion@16   0045d824 f   xboxkrnl:xboxkrnl.exe
 0002:0001614a       _NtSetIoCompletion@20      0045d82a f   xboxkrnl:xboxkrnl.exe
 0002:00016150       _NtRemoveIoCompletion@20   0045d830 f   xboxkrnl:xboxkrnl.exe
 0002:00016156       _MmSetAddressProtect@12    0045d836 f   xboxkrnl:xboxkrnl.exe
 0002:0001615c       _MmQueryAddressProtect@4   0045d83c f   xboxkrnl:xboxkrnl.exe
 0002:00016162       _NtDuplicateObject@12      0045d842 f   xboxkrnl:xboxkrnl.exe
 0002:00016168       _RtlLeaveCriticalSection@4 0045d848 f   xboxkrnl:xboxkrnl.exe
 0002:0001616e       _RtlEnterCriticalSection@4 0045d84e f   xboxkrnl:xboxkrnl.exe
 0002:00016174       @ObfDereferenceObject@4    0045d854 f   xboxkrnl:xboxkrnl.exe
 0002:0001617a       _KeSetBasePriorityThread@8 0045d85a f   xboxkrnl:xboxkrnl.exe
 0002:00016180       _ObReferenceObjectByHandle@12 0045d860 f   xboxkrnl:xboxkrnl.exe
 0002:00016186       _KeQueryBasePriorityThread@4 0045d866 f   xboxkrnl:xboxkrnl.exe
 0002:0001618c       _KeSetDisableBoostThread@8 0045d86c f   xboxkrnl:xboxkrnl.exe
 0002:00016192       _NtSuspendThread@8         0045d872 f   xboxkrnl:xboxkrnl.exe
 0002:00016198       _NtResumeThread@8          0045d878 f   xboxkrnl:xboxkrnl.exe
 0002:0001619e       _RtlRaiseException@4       0045d87e f   xboxkrnl:xboxkrnl.exe
 0002:000161a4       _NtQueueApcThread@20       0045d884 f   xboxkrnl:xboxkrnl.exe
 0002:000161aa       _NtYieldExecution@0        0045d88a f   xboxkrnl:xboxkrnl.exe
 0002:000161b0       _PsTerminateSystemThread@4 0045d890 f   xboxkrnl:xboxkrnl.exe
 0002:000161b6       _DbgPrint                  0045d896 f   xboxkrnl:xboxkrnl.exe
 0002:000161bc       _PsCreateSystemThreadEx@40 0045d89c f   xboxkrnl:xboxkrnl.exe
 0002:000161c2       _RtlEqualString@12         0045d8a2 f   xboxkrnl:xboxkrnl.exe
 0002:000161c8       _XeLoadSection@4           0045d8a8 f   xboxkrnl:xboxkrnl.exe
 0002:000161ce       _XeUnloadSection@4         0045d8ae f   xboxkrnl:xboxkrnl.exe
 0002:000161d4       _MmPersistContiguousMemory@12 0045d8b4 f   xboxkrnl:xboxkrnl.exe
 0002:000161da       _MmAllocateContiguousMemory@4 0045d8ba f   xboxkrnl:xboxkrnl.exe
 0002:000161e0       _IoDeleteSymbolicLink@4    0045d8c0 f   xboxkrnl:xboxkrnl.exe
 0002:000161e6       _NtQuerySymbolicLinkObject@12 0045d8c6 f   xboxkrnl:xboxkrnl.exe
 0002:000161ec       _NtOpenSymbolicLinkObject@8 0045d8cc f   xboxkrnl:xboxkrnl.exe
 0002:000161f2       _XcSHAFinal@8              0045d8d2 f   xboxkrnl:xboxkrnl.exe
 0002:000161f8       _XcSHAUpdate@12            0045d8d8 f   xboxkrnl:xboxkrnl.exe
 0002:000161fe       _XcSHAInit@4               0045d8de f   xboxkrnl:xboxkrnl.exe
 0002:00016204       _ExQueryNonVolatileSetting@20 0045d8e4 f   xboxkrnl:xboxkrnl.exe
 0002:0001620a       _NtReadFile@32             0045d8ea f   xboxkrnl:xboxkrnl.exe
 0002:00016210       _NtFsControlFile@40        0045d8f0 f   xboxkrnl:xboxkrnl.exe
 0002:00016216       _RtlFillMemoryUlong@12     0045d8f6 f   xboxkrnl:xboxkrnl.exe
 0002:0001621c       _NtFreeVirtualMemory@12    0045d8fc f   xboxkrnl:xboxkrnl.exe
 0002:00016222       _NtAllocateVirtualMemory@20 0045d902 f   xboxkrnl:xboxkrnl.exe
 0002:00016228       _DbgBreakPoint@0           0045d908 f   xboxkrnl:xboxkrnl.exe
 0002:0001622e       _RtlCompareMemoryUlong@12  0045d90e f   xboxkrnl:xboxkrnl.exe
 0002:00016234       _RtlCompareMemory@12       0045d914 f   xboxkrnl:xboxkrnl.exe
 0002:0001623a       _RtlInitializeCriticalSection@4 0045d91a f   xboxkrnl:xboxkrnl.exe
 0002:00016240       _NtQueryVirtualMemory@8    0045d920 f   xboxkrnl:xboxkrnl.exe
 0002:00016246       _KeSetTimer@16             0045d926 f   xboxkrnl:xboxkrnl.exe
 0002:0001624c       @KfLowerIrql@4             0045d92c f   xboxkrnl:xboxkrnl.exe
 0002:00016252       _KeQueryInterruptTime@0    0045d932 f   xboxkrnl:xboxkrnl.exe
 0002:00016258       _KeRaiseIrqlToDpcLevel@0   0045d938 f   xboxkrnl:xboxkrnl.exe
 0002:0001625e       _HalInitiateShutdown@0     0045d93e f   xboxkrnl:xboxkrnl.exe
 0002:00016264       _KeInitializeTimerEx@8     0045d944 f   xboxkrnl:xboxkrnl.exe
 0002:0001626a       _KeInitializeDpc@12        0045d94a f   xboxkrnl:xboxkrnl.exe
 0002:00016270       _KeSetEvent@12             0045d950 f   xboxkrnl:xboxkrnl.exe
 0002:00016276       _KeWaitForSingleObject@20  0045d956 f   xboxkrnl:xboxkrnl.exe
 0002:0001627c       _NtCreateEvent@16          0045d95c f   xboxkrnl:xboxkrnl.exe
 0002:00016282       _ObOpenObjectByName@16     0045d962 f   xboxkrnl:xboxkrnl.exe
 0002:00016288       _NtSetEvent@8              0045d968 f   xboxkrnl:xboxkrnl.exe
 0002:0001628e       _NtClearEvent@4            0045d96e f   xboxkrnl:xboxkrnl.exe
 0002:00016294       _NtPulseEvent@8            0045d974 f   xboxkrnl:xboxkrnl.exe
 0002:0001629a       _NtCreateSemaphore@16      0045d97a f   xboxkrnl:xboxkrnl.exe
 0002:000162a0       _NtReleaseSemaphore@12     0045d980 f   xboxkrnl:xboxkrnl.exe
 0002:000162a6       _NtCreateMutant@12         0045d986 f   xboxkrnl:xboxkrnl.exe
 0002:000162ac       _NtReleaseMutant@8         0045d98c f   xboxkrnl:xboxkrnl.exe
 0002:000162b2       _NtWaitForSingleObjectEx@16 0045d992 f   xboxkrnl:xboxkrnl.exe
 0002:000162b8       _NtSignalAndWaitForSingleObjectEx@20 0045d998 f   xboxkrnl:xboxkrnl.exe
 0002:000162be       _NtWaitForMultipleObjectsEx@24 0045d99e f   xboxkrnl:xboxkrnl.exe
 0002:000162c4       _KeDelayExecutionThread@12 0045d9a4 f   xboxkrnl:xboxkrnl.exe
 0002:000162ca       _NtCreateTimer@12          0045d9aa f   xboxkrnl:xboxkrnl.exe
 0002:000162d0       _NtSetTimerEx@32           0045d9b0 f   xboxkrnl:xboxkrnl.exe
 0002:000162d6       _NtCancelTimer@8           0045d9b6 f   xboxkrnl:xboxkrnl.exe
 0002:000162dc       _NtWaitForSingleObject@12  0045d9bc f   xboxkrnl:xboxkrnl.exe
 0002:000162e2       _NtFlushBuffersFile@8      0045d9c2 f   xboxkrnl:xboxkrnl.exe
 0002:000162e8       _NtUserIoApcDispatcher@12  0045d9c8 f   xboxkrnl:xboxkrnl.exe
 0002:000162ee       _NtDeviceIoControlFile@40  0045d9ce f   xboxkrnl:xboxkrnl.exe
 0002:000162f4       _NtReadFileScatter@32      0045d9d4 f   xboxkrnl:xboxkrnl.exe
 0002:000162fa       _NtWriteFileGather@32      0045d9da f   xboxkrnl:xboxkrnl.exe
 0002:00016300       _IoQueryVolumeInformation@20 0045d9e0 f   xboxkrnl:xboxkrnl.exe
 0002:00016306       _MmFreeSystemMemory@8      0045d9e6 f   xboxkrnl:xboxkrnl.exe
 0002:0001630c       _MmAllocateSystemMemory@8  0045d9ec f   xboxkrnl:xboxkrnl.exe
 0002:00016312       _XcHMAC@28                 0045d9f2 f   xboxkrnl:xboxkrnl.exe
 0002:00016318       _RtlCompareString@12       0045d9f8 f   xboxkrnl:xboxkrnl.exe
 0002:0001631e       _NtQueryDirectoryFile@40   0045d9fe f   xboxkrnl:xboxkrnl.exe
 0002:00016324       _NtQueryFullAttributesFile@8 0045da04 f   xboxkrnl:xboxkrnl.exe
 0002:0001632a       _FscSetCacheSize@4         0045da0a f   xboxkrnl:xboxkrnl.exe
 0002:00016330       _FscGetCacheSize@0         0045da10 f   xboxkrnl:xboxkrnl.exe
 0002:00016336       _MmAllocateContiguousMemoryEx@20 0045da16 f   xboxkrnl:xboxkrnl.exe
 0002:0001633c       _MmQueryAllocationSize@4   0045da1c f   xboxkrnl:xboxkrnl.exe
 0002:00016342       _AvGetSavedDataAddress@0   0045da22 f   xboxkrnl:xboxkrnl.exe
 0002:00016348       _AvSendTVEncoderOption@16  0045da28 f   xboxkrnl:xboxkrnl.exe
 0002:0001634e       _AvSetDisplayMode@24       0045da2e f   xboxkrnl:xboxkrnl.exe
 0002:00016354       _AvSetSavedDataAddress@4   0045da34 f   xboxkrnl:xboxkrnl.exe
 0002:0001635a       _MmQueryStatistics@4       0045da3a f   xboxkrnl:xboxkrnl.exe
 0002:00016360       _RtlWalkFrameChain@12      0045da40 f   xboxkrnl:xboxkrnl.exe
 0002:00016366       _NtDeleteFile@4            0045da46 f   xboxkrnl:xboxkrnl.exe
 0002:0001636c       _KeInsertQueueDpc@12       0045da4c f   xboxkrnl:xboxkrnl.exe
 0002:00016372       _HalReadWritePCISpace@24   0045da52 f   xboxkrnl:xboxkrnl.exe
 0002:00016378       _KeConnectInterrupt@4      0045da58 f   xboxkrnl:xboxkrnl.exe
 0002:0001637e       _KeInitializeInterrupt@28  0045da5e f   xboxkrnl:xboxkrnl.exe
 0002:00016384       _HalGetInterruptVector@8   0045da64 f   xboxkrnl:xboxkrnl.exe
 0002:0001638a       _KeDisconnectInterrupt@4   0045da6a f   xboxkrnl:xboxkrnl.exe
 0002:00016390       _MmClaimGpuInstanceMemory@8 0045da70 f   xboxkrnl:xboxkrnl.exe
 0002:00016396       _KeStallExecutionProcessor@4 0045da76 f   xboxkrnl:xboxkrnl.exe
 0002:0001639c       __fpclear                  0045da7c f   LIBCMTD:fpinit.obj
 0002:0001639d       __cfltcvt_init             0045da7d f   LIBCMTD:fpinit.obj
 0002:000163e3       ___setfflag                0045dac3 f   LIBCMTD:fpinit.obj
 0002:000163fa       __fpmath                   0045dada f   LIBCMTD:fpinit.obj
 0002:00016420       __RTC_CheckEsp             0045db00 f   LIBCMTD:stack.obj
 0002:00016450       @_RTC_CheckStackVars@8     0045db30 f   LIBCMTD:stack.obj
 0002:000164d0       __RTC_InitBase             0045dbb0 f   LIBCMTD:init.obj
 0002:00016510       __RTC_Shutdown             0045dbf0 f   LIBCMTD:init.obj
 0002:00016530       _memset                    0045dc10 f   LIBCMTD:memset.obj
 0002:000165b0       _memcpy                    0045dc90 f   LIBCMTD:memcpy.obj
 0002:000169c0       __snwprintf                0045e0a0 f   LIBCMTD:snwprint.obj
 0002:00016b50       _sprintf                   0045e230 f   LIBCMTD:sprintf.obj
 0002:00016c80       __scprintf                 0045e360 f   LIBCMTD:sprintf.obj
 0002:00016d20       __RTC_Initialize           0045e400 f   LIBCMTD:initsect.obj
 0002:00016dc0       __RTC_Terminate            0045e4a0 f   LIBCMTD:initsect.obj
 0002:00016e58       __SEH_prolog               0045e538 f   LIBCMTD:sehprolg.obj
 0002:00016e93       __SEH_epilog               0045e573 f   LIBCMTD:sehprolg.obj
 0002:00016ec0       __except_handler3          0045e5a0 f   LIBCMTD:exsup3.obj
 0002:00016f92       __seh_longjmp_unwind@4     0045e672 f   LIBCMTD:exsup3.obj
 0002:00016ff0       __vsnprintf                0045e6d0 f   LIBCMTD:vsnprint.obj
 0002:000170f0       __stricmp                  0045e7d0 f   LIBCMTD:stricmp.obj
 0002:00017190       __snprintf                 0045e870 f   LIBCMTD:snprintf.obj
 0002:000172c0       _strncpy                   0045e9a0 f   LIBCMTD:strncpy.obj
 0002:00017430       __strnicmp                 0045eb10 f   LIBCMTD:strnicmp.obj
 0002:000174f0       __chkstk                   0045ebd0 f   LIBCMTD:chkstk.obj
 0002:000174f0       __alloca_probe             0045ebd0     LIBCMTD:chkstk.obj
 0002:00017550       __allmul                   0045ec30 f   LIBCMTD:llmul.obj
 0002:000175a0       _memmove                   0045ec80 f   LIBCMTD:memmove.obj
 0002:000179ac       __global_unwind2           0045f08c f   LIBCMTD:exsup.obj
 0002:000179ee       __local_unwind2            0045f0ce f   LIBCMTD:exsup.obj
 0002:00017a46       __NLG_Return2              0045f126     LIBCMTD:exsup.obj
 0002:00017a56       __abnormal_termination     0045f136 f   LIBCMTD:exsup.obj
 0002:00017a79       __NLG_Notify1              0045f159 f   LIBCMTD:exsup.obj
 0002:00017a82       __NLG_Notify               0045f162 f   LIBCMTD:exsup.obj
 0002:00017a95       __NLG_Dispatch             0045f175     LIBCMTD:exsup.obj
 0002:00017ae0       __aulldiv                  0045f1c0 f   LIBCMTD:ulldiv.obj
 0002:00017b70       _wcsncpy                   0045f250 f   LIBCMTD:wcsncpy.obj
 0002:00017c00       _wcscat                    0045f2e0 f   LIBCMTD:wcscat.obj
 0002:00017c70       _wcscpy                    0045f350 f   LIBCMTD:wcscat.obj
 0002:00017cc0       _wcslen                    0045f3a0 f   LIBCMTD:wcslen.obj
 0002:00017d00       __alldiv                   0045f3e0 f   LIBCMTD:lldiv.obj
 0002:00017de0       _wcscmp                    0045f4c0 f   LIBCMTD:wcscmp.obj
 0002:00017e60       __wcsicmp                  0045f540 f   LIBCMTD:wcsicmp.obj
 0002:00017fb8       __ftol2                    0045f698 f   LIBCMTD:ftol2.obj
 0002:00018050       _malloc                    0045f730 f   LIBCMTD:dbgheap.obj
 0002:00018080       __malloc_dbg               0045f760 f   LIBCMTD:dbgheap.obj
 0002:000180c0       __nh_malloc                0045f7a0 f   LIBCMTD:dbgheap.obj
 0002:000180f0       __nh_malloc_dbg            0045f7d0 f   LIBCMTD:dbgheap.obj
 0002:000181c0       __heap_alloc               0045f8a0 f   LIBCMTD:dbgheap.obj
 0002:000181e0       __heap_alloc_dbg           0045f8c0 f   LIBCMTD:dbgheap.obj
 0002:000185c0       _calloc                    0045fca0 f   LIBCMTD:dbgheap.obj
 0002:000185f0       __calloc_dbg               0045fcd0 f   LIBCMTD:dbgheap.obj
 0002:00018670       _realloc                   0045fd50 f   LIBCMTD:dbgheap.obj
 0002:000186a0       __realloc_dbg              0045fd80 f   LIBCMTD:dbgheap.obj
 0002:00018db0       __expand                   00460490 f   LIBCMTD:dbgheap.obj
 0002:00018de0       __expand_dbg               004604c0 f   LIBCMTD:dbgheap.obj
 0002:00018e90       _free                      00460570 f   LIBCMTD:dbgheap.obj
 0002:00018eb0       __free_lk                  00460590 f   LIBCMTD:dbgheap.obj
 0002:00018ed0       __free_dbg                 004605b0 f   LIBCMTD:dbgheap.obj
 0002:00018f60       __free_dbg_lk              00460640 f   LIBCMTD:dbgheap.obj
 0002:00019480       __msize                    00460b60 f   LIBCMTD:dbgheap.obj
 0002:000194a0       __msize_dbg                00460b80 f   LIBCMTD:dbgheap.obj
 0002:00019670       __CrtSetBreakAlloc         00460d50 f   LIBCMTD:dbgheap.obj
 0002:000196a0       __CrtSetDbgBlockType       00460d80 f   LIBCMTD:dbgheap.obj
 0002:000197b0       __CrtSetAllocHook          00460e90 f   LIBCMTD:dbgheap.obj
 0002:00019840       __CrtCheckMemory           00460f20 f   LIBCMTD:dbgheap.obj
 0002:00019c80       __CrtSetDbgFlag            00461360 f   LIBCMTD:dbgheap.obj
 0002:00019d50       __CrtDoForAllClientObjects 00461430 f   LIBCMTD:dbgheap.obj
 0002:00019e20       __CrtIsValidPointer        00461500 f   LIBCMTD:dbgheap.obj
 0002:00019e80       __CrtIsValidHeapPointer    00461560 f   LIBCMTD:dbgheap.obj
 0002:00019f00       __CrtIsMemoryBlock         004615e0 f   LIBCMTD:dbgheap.obj
 0002:0001a070       __CrtReportBlockType       00461750 f   LIBCMTD:dbgheap.obj
 0002:0001a0b0       __CrtSetDumpClient         00461790 f   LIBCMTD:dbgheap.obj
 0002:0001a0e0       __CrtMemCheckpoint         004617c0 f   LIBCMTD:dbgheap.obj
 0002:0001a2e0       __CrtMemDifference         004619c0 f   LIBCMTD:dbgheap.obj
 0002:0001a440       __CrtMemDumpAllObjectsSince 00461b20 f   LIBCMTD:dbgheap.obj
 0002:0001a8f0       __CrtDumpMemoryLeaks       00461fd0 f   LIBCMTD:dbgheap.obj
 0002:0001a970       __CrtMemDumpStatistics     00462050 f   LIBCMTD:dbgheap.obj
 0002:0001aa50       __aligned_malloc           00462130 f   LIBCMTD:dbgheap.obj
 0002:0001aa80       __aligned_malloc_dbg       00462160 f   LIBCMTD:dbgheap.obj
 0002:0001aab0       __aligned_realloc          00462190 f   LIBCMTD:dbgheap.obj
 0002:0001aae0       __aligned_realloc_dbg      004621c0 f   LIBCMTD:dbgheap.obj
 0002:0001ab10       __aligned_offset_malloc    004621f0 f   LIBCMTD:dbgheap.obj
 0002:0001ab40       __aligned_offset_malloc_dbg 00462220 f   LIBCMTD:dbgheap.obj
 0002:0001acd0       __aligned_offset_realloc   004623b0 f   LIBCMTD:dbgheap.obj
 0002:0001ad00       __aligned_offset_realloc_dbg 004623e0 f   LIBCMTD:dbgheap.obj
 0002:0001aff0       __aligned_free             004626d0 f   LIBCMTD:dbgheap.obj
 0002:0001b010       __aligned_free_dbg         004626f0 f   LIBCMTD:dbgheap.obj
 0002:0001b0f0       _strchr                    004627d0 f   LIBCMTD:strchr.obj
 0002:0001b0f6       ___from_strstr_to_strchr   004627d6     LIBCMTD:strchr.obj
 0002:0001b1e1       __copysign                 004628c1 f   LIBCMTD:ieeemisc.obj
 0002:0001b20a       __chgsign                  004628ea f   LIBCMTD:ieeemisc.obj
 0002:0001b239       __scalb                    00462919 f   LIBCMTD:ieeemisc.obj
 0002:0001b257       __logb                     00462937 f   LIBCMTD:ieeemisc.obj
 0002:0001b37c       __nextafter                00462a5c f   LIBCMTD:ieeemisc.obj
 0002:0001b6a9       __finite                   00462d89 f   LIBCMTD:ieeemisc.obj
 0002:0001b6c7       __isnan                    00462da7 f   LIBCMTD:ieeemisc.obj
 0002:0001b703       __fpclass                  00462de3 f   LIBCMTD:ieeemisc.obj
 0002:0001b7c8       __CIacos                   00462ea8 f   LIBCMTD:acos.obj
 0002:0001b7dc       _acos                      00462ebc     LIBCMTD:acos.obj
 0002:0001b8c5       __forcdecpt                00462fa5 f   LIBCMTD:cvt.obj
 0002:0001b92b       __cropzeros                0046300b f   LIBCMTD:cvt.obj
 0002:0001b98c       __positive                 0046306c f   LIBCMTD:cvt.obj
 0002:0001b9b1       __fassign                  00463091 f   LIBCMTD:cvt.obj
 0002:0001bafc       __cftoe                    004631dc f   LIBCMTD:cvt.obj
 0002:0001bc41       __cftof                    00463321 f   LIBCMTD:cvt.obj
 0002:0001bca7       __cftog                    00463387 f   LIBCMTD:cvt.obj
 0002:0001bd57       __cfltcvt                  00463437 f   LIBCMTD:cvt.obj
 0002:0001bdc0       __setdefaultprecision      004634a0 f   LIBCMTD:fp8.obj
 0002:0001bde0       ?_RTC_GetSrcLine@@YAHKPADHPAHPAPAD@Z 004634c0 f   LIBCMTD:error.obj
 0002:0001be30       ?_RTC_Failure@@YAXPAXH@Z   00463510 f   LIBCMTD:error.obj
 0002:0001c110       ?_RTC_MemFailure@@YAXPAXHPBX@Z 004637f0 f   LIBCMTD:error.obj
 0002:0001c3f0       ?_RTC_StackFailure@@YAXPAXPBD@Z 00463ad0 f   LIBCMTD:error.obj
 0002:0001c4e0       __RTC_UninitUse            00463bc0 f   LIBCMTD:error.obj
 0002:0001c600       __RTC_NumErrors            00463ce0 f   LIBCMTD:userapi.obj
 0002:0001c610       __RTC_GetErrDesc           00463cf0 f   LIBCMTD:userapi.obj
 0002:0001c640       __RTC_SetErrorType         00463d20 f   LIBCMTD:userapi.obj
 0002:0001c670       __RTC_SetErrorFunc         00463d50 f   LIBCMTD:userapi.obj
 0002:0001c690       ?_RTC_GetErrorFunc@@YAP6AHHPBDH00ZZPBX@Z 00463d70 f   LIBCMTD:userapi.obj
 0002:0001c6a0       __chkesp                   00463d80 f   LIBCMTD:chkesp.obj
 0002:0001c6f0       __CRT_RTC_INIT             00463dd0 f   LIBCMTD:chkesp.obj
 0002:0001c700       __flsbuf                   00463de0 f   LIBCMTD:_flsbuf.obj
 0002:0001c9f0       __woutput                  004640d0 f   LIBCMTD:woutput.obj
 0002:0001dc60       __CrtDbgBreak              00465340 f   LIBCMTD:dbgrpt.obj
 0002:0001dc70       __CrtSetReportMode         00465350 f   LIBCMTD:dbgrpt.obj
 0002:0001dce0       __CrtSetReportFile         004653c0 f   LIBCMTD:dbgrpt.obj
 0002:0001dd40       __CrtSetReportHook         00465420 f   LIBCMTD:dbgrpt.obj
 0002:0001dd70       __CrtSetReportHook2        00465450 f   LIBCMTD:dbgrpt.obj
 0002:0001e050       __CrtDbgReport             00465730 f   LIBCMTD:dbgrpt.obj
 0002:0001ea10       __output                   004660f0 f   LIBCMTD:output.obj
 0002:0001fd60       __tolower                  00467440 f   LIBCMTD:tolower.obj
 0002:0001fd70       _tolower                   00467450 f   LIBCMTD:tolower.obj
 0002:0001fde0       ___ascii_stricmp           004674c0 f   LIBCMTD:_stricmp.obj
 0002:0001fe50       ___ascii_strnicmp          00467530 f   LIBCMTD:_strnicm.obj
 0002:0001fed0       _towlower                  004675b0 f   LIBCMTD:towlower.obj
 0002:0001ff70       ?_set_new_handler@@YAP6AHI@ZP6AHI@Z@Z 00467650 f   LIBCMTD:handler.obj
 0002:0001ffb0       ?_query_new_handler@@YAP6AHI@ZXZ 00467690 f   LIBCMTD:handler.obj
 0002:0001ffc0       __callnewh                 004676a0 f   LIBCMTD:handler.obj
 0002:00020000       __mtinitlocks              004676e0 f   LIBCMTD:mlock.obj
 0002:000200b0       __mtdeletelocks            00467790 f   LIBCMTD:mlock.obj
 0002:00020190       __mtinitlocknum            00467870 f   LIBCMTD:mlock.obj
 0002:00020300       __lock                     004679e0 f   LIBCMTD:mlock.obj
 0002:00020350       __unlock                   00467a30 f   LIBCMTD:mlock.obj
 0002:00020370       __lockerr_exit             00467a50 f   LIBCMTD:mlock.obj
 0002:00020390       __malloc_base              00467a70 f   LIBCMTD:malloc.obj
 0002:000203c0       __nh_malloc_base           00467aa0 f   LIBCMTD:malloc.obj
 0002:00020430       __heap_alloc_base          00467b10 f   LIBCMTD:malloc.obj
 0002:00020480       __CrtDefaultAllocHook      00467b60 f   LIBCMTD:dbghook.obj
 0002:00020490       __expand_base              00467b70 f   LIBCMTD:expand.obj
 0002:000205b0       __realloc_base             00467c90 f   LIBCMTD:realloc.obj
 0002:00020790       __free_base                00467e70 f   LIBCMTD:free.obj
 0002:00020860       __heapchk                  00467f40 f   LIBCMTD:heapchk.obj
 0002:00020940       __heapset                  00468020 f   LIBCMTD:heapchk.obj
 0002:00020950       ___heap_select             00468030 f   LIBCMTD:heapinit.obj
 0002:00020970       __get_heap_handle          00468050 f   LIBCMTD:heapinit.obj
 0002:00020980       __chvalidator              00468060 f   LIBCMTD:isctype.obj
 0002:000209d0       __isctype                  004680b0 f   LIBCMTD:isctype.obj
 0002:00020a10       __dosmaperr                004680f0 f   LIBCMTD:dosmap.obj
 0002:00020ad0       __errno                    004681b0 f   LIBCMTD:dosmap.obj
 0002:00020ae0       ___doserrno                004681c0 f   LIBCMTD:dosmap.obj
 0002:00020af0       _ldexp                     004681d0 f   LIBCMTD:ldexp.obj
 0002:00020d04       __set_exp                  004683e4 f   LIBCMTD:util.obj
 0002:00020d38       __get_exp                  00468418 f   LIBCMTD:util.obj
 0002:00020d56       __add_exp                  00468436 f   LIBCMTD:util.obj
 0002:00020d8b       __set_bexp                 0046846b f   LIBCMTD:util.obj
 0002:00020db9       __sptype                   00468499 f   LIBCMTD:util.obj
 0002:00020e2a       __decomp                   0046850a f   LIBCMTD:util.obj
 0002:00020f0b       __raise_exc                004685eb f   LIBCMTD:fpexcept.obj
 0002:00021258       __handle_exc               00468938 f   LIBCMTD:fpexcept.obj
 0002:000214c0       __set_errno                00468ba0 f   LIBCMTD:fpexcept.obj
 0002:00021522       __errcode                  00468c02 f   LIBCMTD:fpexcept.obj
 0002:00021560       __umatherr                 00468c40 f   LIBCMTD:fpexcept.obj
 0002:00021625       __handle_qnan1             00468d05 f   LIBCMTD:fpexcept.obj
 0002:0002168c       __handle_qnan2             00468d6c f   LIBCMTD:fpexcept.obj
 0002:00021702       __except1                  00468de2 f   LIBCMTD:fpexcept.obj
 0002:000217de       __except2                  00468ebe f   LIBCMTD:fpexcept.obj
 0002:000218cc       __statfp                   00468fac f   LIBCMTD:fpctrl.obj
 0002:000218dd       __clrfp                    00468fbd f   LIBCMTD:fpctrl.obj
 0002:000218ef       __ctrlfp                   00468fcf f   LIBCMTD:fpctrl.obj
 0002:0002191c       __set_statfp               00468ffc f   LIBCMTD:fpctrl.obj
 0002:00021988       __trandisp1                00469068 f   LIBCMTD:87disp.obj
 0002:000219ef       __trandisp2                004690cf f   LIBCMTD:87disp.obj
 0002:00021a7b       __rttospopde               0046915b     LIBCMTD:87disp.obj
 0002:00021a80       __rttospop                 00469160     LIBCMTD:87disp.obj
 0002:00021a82       __rtnospop                 00469162     LIBCMTD:87disp.obj
 0002:00021a84       __rttosnpop                00469164     LIBCMTD:87disp.obj
 0002:00021a85       __rtnospopde               00469165     LIBCMTD:87disp.obj
 0002:00021a8c       __rtzeropop                0046916c     LIBCMTD:87disp.obj
 0002:00021a8e       __rtzeronpop               0046916e     LIBCMTD:87disp.obj
 0002:00021a93       __rtonepop                 00469173     LIBCMTD:87disp.obj
 0002:00021a95       __rtonenpop                00469175     LIBCMTD:87disp.obj
 0002:00021a9a       __tosnan1                  0046917a     LIBCMTD:87disp.obj
 0002:00021ac5       __nosnan2                  004691a5     LIBCMTD:87disp.obj
 0002:00021ac7       __tosnan2                  004691a7     LIBCMTD:87disp.obj
 0002:00021aef       __nan2                     004691cf     LIBCMTD:87disp.obj
 0002:00021b2e       __rtindfpop                0046920e     LIBCMTD:87disp.obj
 0002:00021b30       __rtindfnpop               00469210     LIBCMTD:87disp.obj
 0002:00021b41       __rttosnpopde              00469221     LIBCMTD:87disp.obj
 0002:00021b4b       __rtchsifneg               0046922b     LIBCMTD:87disp.obj
 0002:00021bc4       __startTwoArgErrorHandling 004692a4 f   LIBCMTD:genexcep.obj
 0002:00021bdb       __startOneArgErrorHandling 004692bb f   LIBCMTD:genexcep.obj
 0002:00021c2c       __twoToTOS                 0046930c f   LIBCMTD:common.obj
 0002:00021c41       __load_CW                  00469321 f   LIBCMTD:common.obj
 0002:00021c58       __convertTOStoQNaN         00469338 f   LIBCMTD:common.obj
 0002:00021c71       __fload_withFB             00469351 f   LIBCMTD:common.obj
 0002:00021cb4       __checkTOS_withFB          00469394 f   LIBCMTD:common.obj
 0002:00021cca       __fast_exit                004693aa f   LIBCMTD:common.obj
 0002:00021cd7       __math_exit                004693b7 f   LIBCMTD:common.obj
 0002:00021d01       __check_overflow_exit      004693e1 f   LIBCMTD:common.obj
 0002:00021d15       __check_range_exit         004693f5 f   LIBCMTD:common.obj
 0002:00021e1b       __ZeroTail                 004694fb f   LIBCMTD:intrncvt.obj
 0002:00021e5d       __IncMan                   0046953d f   LIBCMTD:intrncvt.obj
 0002:00021ebf       __RoundMan                 0046959f f   LIBCMTD:intrncvt.obj
 0002:00021f4d       __CopyMan                  0046962d f   LIBCMTD:intrncvt.obj
 0002:00021f71       __FillZeroMan              00469651 f   LIBCMTD:intrncvt.obj
 0002:00021f83       __IsZeroMan                00469663 f   LIBCMTD:intrncvt.obj
 0002:00021fa7       __ShrMan                   00469687 f   LIBCMTD:intrncvt.obj
 0002:00022040       __ld12cvt                  00469720 f   LIBCMTD:intrncvt.obj
 0002:000221ee       __ld12tod                  004698ce f   LIBCMTD:intrncvt.obj
 0002:0002220c       __ld12tof                  004698ec f   LIBCMTD:intrncvt.obj
 0002:0002222a       __ld12told                 0046990a f   LIBCMTD:intrncvt.obj
 0002:000222c5       __atodbl                   004699a5 f   LIBCMTD:intrncvt.obj
 0002:000222fd       __atoldbl                  004699dd f   LIBCMTD:intrncvt.obj
 0002:00022336       __atoflt                   00469a16 f   LIBCMTD:intrncvt.obj
 0002:00022370       __fptostr                  00469a50 f   LIBCMTD:_fptostr.obj
 0002:000224a9       ___dtold                   00469b89 f   LIBCMTD:cfout.obj
 0002:00022591       __fltout2                  00469c71 f   LIBCMTD:cfout.obj
 0002:00022610       __fptrap                   00469cf0 f   LIBCMTD:crt0fp.obj
 0002:00022622       __fpreset                  00469d02 f   LIBCMTD:ieee87.obj
 0002:00022813       __statusfp                 00469ef3 f   LIBCMTD:ieee87.obj
 0002:0002282a       __clearfp                  00469f0a f   LIBCMTD:ieee87.obj
 0002:00022843       __control87                00469f23 f   LIBCMTD:ieee87.obj
 0002:00022882       __controlfp                00469f62 f   LIBCMTD:ieee87.obj
 0002:000228a0       __lseek                    00469f80 f   LIBCMTD:lseek.obj
 0002:000229f0       __lseek_lk                 0046a0d0 f   LIBCMTD:lseek.obj
 0002:00022ad0       __ioinit                   0046a1b0 f   LIBCMTD:ioinit.obj
 0002:00022bd0       __ioterm                   0046a2b0 f   LIBCMTD:ioinit.obj
 0002:00022c80       __write                    0046a360 f   LIBCMTD:write.obj
 0002:00022dd0       __write_lk                 0046a4b0 f   LIBCMTD:write.obj
 0002:00023160       __getbuf                   0046a840 f   LIBCMTD:_getbuf.obj
 0002:00023250       __isatty                   0046a930 f   LIBCMTD:isatty.obj
 0002:00023290       ___iob_func                0046a970 f   LIBCMTD:_file.obj
 0002:000232a0       ___initstdio               0046a980 f   LIBCMTD:_file.obj
 0002:00023420       ___endstdio                0046ab00 f   LIBCMTD:_file.obj
 0002:00023440       __lock_file                0046ab20 f   LIBCMTD:_file.obj
 0002:00023490       __lock_file2               0046ab70 f   LIBCMTD:_file.obj
 0002:000234d0       __unlock_file              0046abb0 f   LIBCMTD:_file.obj
 0002:00023520       __unlock_file2             0046ac00 f   LIBCMTD:_file.obj
 0002:00023560       ___pwctype_func            0046ac40 f   LIBCMTD:ctype.obj
 0002:00023570       ___pctype_func             0046ac50 f   LIBCMTD:ctype.obj
 0002:00023580       _strlen                    0046ac60 f   LIBCMTD:strlen.obj
 0002:00023630       _mbtowc                    0046ad10 f   LIBCMTD:mbtowc.obj
 0002:000236d0       __aullrem                  0046adb0 f   LIBCMTD:ullrem.obj
 0002:00023770       _fputwc                    0046ae50 f   LIBCMTD:fputwc.obj
 0002:00023840       __putwc_lk                 0046af20 f   LIBCMTD:fputwc.obj
 0002:00023a10       _putwc                     0046b0f0 f   LIBCMTD:fputwc.obj
 0002:00023a30       __itoa                     0046b110 f   LIBCMTD:xtoa.obj
 0002:00023b90       __ltoa                     0046b270 f   LIBCMTD:xtoa.obj
 0002:00023be0       __ultoa                    0046b2c0 f   LIBCMTD:xtoa.obj
 0002:00023c10       __i64toa                   0046b2f0 f   LIBCMTD:xtoa.obj
 0002:00023da0       __ui64toa                  0046b480 f   LIBCMTD:xtoa.obj
 0002:00023dd0       _strcpy                    0046b4b0 f   LIBCMTD:strcat.obj
 0002:00023de0       _strcat                    0046b4c0 f   LIBCMTD:strcat.obj
 0002:00023f10       _exit                      0046b5f0 f   LIBCMTD:crt0dat.obj
 0002:00023f30       __exit                     0046b610 f   LIBCMTD:crt0dat.obj
 0002:00023f50       __cexit                    0046b630 f   LIBCMTD:crt0dat.obj
 0002:00023f70       __c_exit                   0046b650 f   LIBCMTD:crt0dat.obj
 0002:000240f0       __lockexit                 0046b7d0 f   LIBCMTD:crt0dat.obj
 0002:00024110       __unlockexit               0046b7f0 f   LIBCMTD:crt0dat.obj
 0002:00024160       _signal                    0046b840 f   LIBCMTD:winsig.obj
 0002:00024400       _raise                     0046bae0 f   LIBCMTD:winsig.obj
 0002:00024760       ___fpecode                 0046be40 f   LIBCMTD:winsig.obj
 0002:00024770       ___pxcptinfoptrs           0046be50 f   LIBCMTD:winsig.obj
 0002:00024780       _wctomb                    0046be60 f   LIBCMTD:wctomb.obj
 0002:000247d0       _iswctype                  0046beb0 f   LIBCMTD:iswctype.obj
 0002:00024830       _is_wctype                 0046bf10 f   LIBCMTD:iswctype.obj
 0002:00024850       ___crtInitCritSecAndSpinCount 0046bf30 f   LIBCMTD:initcrit.obj
 0002:00024940       __amsg_exit                0046c020 f   LIBCMTD:crt0.obj
 0002:00024970       ___crtTlsAlloc@4           0046c050 f   LIBCMTD:tidtable.obj
 0002:00024980       __mtinit                   0046c060 f   LIBCMTD:tidtable.obj
 0002:00024a40       __mtterm                   0046c120 f   LIBCMTD:tidtable.obj
 0002:00024a50       __initptd                  0046c130 f   LIBCMTD:tidtable.obj
 0002:00024a70       __getptd                   0046c150 f   LIBCMTD:tidtable.obj
 0002:00024b80       __freefls@4                0046c260 f   LIBCMTD:tidtable.obj
 0002:00024d60       __freeptd                  0046c440 f   LIBCMTD:tidtable.obj
 0002:00024df0       ___threadid                0046c4d0 f   LIBCMTD:tidtable.obj
 0002:00024e00       ___threadhandle            0046c4e0 f   LIBCMTD:tidtable.obj
 0002:00024e0c       __matherr                  0046c4ec f   LIBCMTD:matherr.obj
 0002:00024e0f       __87except                 0046c4ef f   LIBCMTD:87except.obj
 0002:00024f59       ___addl                    0046c639 f   LIBCMTD:mantold.obj
 0002:00024f83       ___add_12                  0046c663 f   LIBCMTD:mantold.obj
 0002:00024ffb       ___shl_12                  0046c6db f   LIBCMTD:mantold.obj
 0002:00025038       ___shr_12                  0046c718 f   LIBCMTD:mantold.obj
 0002:00025074       ___mtold12                 0046c754 f   LIBCMTD:mantold.obj
 0002:00025175       ___strgtold12              0046c855 f   LIBCMTD:strgtold.obj
 0002:0002570e       ___STRINGTOLD              0046cdee f   LIBCMTD:strgtold.obj
 0002:00025759       _$I10_OUTPUT               0046ce39 f   LIBCMTD:x10fout.obj
 0002:00025a70       __alloc_osfhnd             0046d150 f   LIBCMTD:osfinfo.obj
 0002:00025d90       __set_osfhnd               0046d470 f   LIBCMTD:osfinfo.obj
 0002:00025e10       __free_osfhnd              0046d4f0 f   LIBCMTD:osfinfo.obj
 0002:00025ec0       __get_osfhandle            0046d5a0 f   LIBCMTD:osfinfo.obj
 0002:00025f40       __open_osfhandle           0046d620 f   LIBCMTD:osfinfo.obj
 0002:00026080       __lock_fhandle             0046d760 f   LIBCMTD:osfinfo.obj
 0002:000261b0       __unlock_fhandle           0046d890 f   LIBCMTD:osfinfo.obj
 0002:000261e0       __lseeki64                 0046d8c0 f   LIBCMTD:lseeki64.obj
 0002:00026340       __lseeki64_lk              0046da20 f   LIBCMTD:lseeki64.obj
 0002:00026430       __fcloseall                0046db10 f   LIBCMTD:closeall.obj
 0002:00026570       _fflush                    0046dc50 f   LIBCMTD:fflush.obj
 0002:00026620       __fflush_lk                0046dd00 f   LIBCMTD:fflush.obj
 0002:00026670       __flush                    0046dd50 f   LIBCMTD:fflush.obj
 0002:00026750       __flushall                 0046de30 f   LIBCMTD:fflush.obj
 0002:00026970       __flswbuf                  0046e050 f   LIBCMTD:_flswbuf.obj
 0002:00026c80       ___CppXcptFilter           0046e360 f   LIBCMTD:winxfltr.obj
 0002:00026cb0       __XcptFilter               0046e390 f   LIBCMTD:winxfltr.obj
 0002:00026f50       __FF_MSGBANNER             0046e630 f   LIBCMTD:crt0msg.obj
 0002:00026f90       __NMSG_WRITE               0046e670 f   LIBCMTD:crt0msg.obj
 0002:00027040       __GET_RTERRMSG             0046e720 f   LIBCMTD:crt0msg.obj
 0002:000270b0       __beginthread              0046e790 f   LIBCMTD:thread.obj
 0002:00027310       __endthread                0046e9f0 f   LIBCMTD:thread.obj
 0002:00027360       __mtxthreadnotification@4  0046ea40 f   LIBCMTD:thread.obj
 0002:000273b0       ___updatetmbcinfo          0046ea90 f   LIBCMTD:mbctype.obj
 0002:000274b0       __setmbcp                  0046eb90 f   LIBCMTD:mbctype.obj
 0002:00027a80       __getmbcp                  0046f160 f   LIBCMTD:mbctype.obj
 0002:00027aa0       ___initmbctable            0046f180 f   LIBCMTD:mbctype.obj
 0002:00027ad9       ___ld12mul                 0046f1b9 f   LIBCMTD:tenpow.obj
 0002:00027d83       ___multtenpow12            0046f463 f   LIBCMTD:tenpow.obj
 0002:00027e20       _fclose                    0046f500 f   LIBCMTD:fclose.obj
 0002:00027f10       __fclose_lk                0046f5f0 f   LIBCMTD:fclose.obj
 0002:00027ff0       __commit                   0046f6d0 f   LIBCMTD:commit.obj
 0002:00028150       __close                    0046f830 f   LIBCMTD:close.obj
 0002:00028280       __close_lk                 0046f960 f   LIBCMTD:close.obj
 0002:00028360       __freebuf                  0046fa40 f   LIBCMTD:_freebuf.obj
 0002:00028402       _XapiGetKernelExportAddress@4 0046fae2 f   xapilibd:delaybnd.obj
 0002:0002844a       _DebugBreak@0              0046fb2a f   xapilibd:kthunks.obj
 0002:0002844f       _GetSystemTimeAsFileTime@4 0046fb2f f   xapilibd:kthunks.obj
 0002:0002845b       _wvsprintfW@12             0046fb3b f   xapilibd:kthunks.obj
 0002:00028479       _wvsprintfA@12             0046fb59 f   xapilibd:kthunks.obj
 0002:00028497       _DebugPrint                0046fb77 f   xapilibd:kthunks.obj
 0002:000284dd       _wsprintfW                 0046fbbd f   xapilibd:kthunks.obj
 0002:000284f6       _wsprintfA                 0046fbd6 f   xapilibd:kthunks.obj
 0002:0002850f       _UTF8ToUnicode@16          0046fbef f   xapilibd:widechar.obj
 0002:000286ba       _UnicodeToUTF8@16          0046fd9a f   xapilibd:widechar.obj
 0002:000287a0       _MultiByteToWideChar@24    0046fe80 f   xapilibd:widechar.obj
 0002:000288a2       _WideCharToMultiByte@32    0046ff82 f   xapilibd:widechar.obj
 0002:000289da       _IsBadReadPtr@8            004700ba f   xapilibd:process.obj
 0002:00028a58       _IsBadWritePtr@8           00470138 f   xapilibd:process.obj
 0002:00028adb       _IsBadCodePtr@4            004701bb f   xapilibd:process.obj
 0002:00028af0       _IsBadStringPtrW@8         004701d0 f   xapilibd:process.obj
 0002:00028b64       _IsBadStringPtrA@8         00470244 f   xapilibd:process.obj
 0002:00028bd0       _TlsAlloc@0                004702b0 f   xapilibd:tls.obj
 0002:00028c39       _TlsGetValue@4             00470319 f   xapilibd:tls.obj
 0002:00028c7f       _TlsSetValue@8             0047035f f   xapilibd:tls.obj
 0002:00028cd3       _TlsFree@4                 004703b3 f   xapilibd:tls.obj
 0002:00028da6       _RtlUnwind@16              00470486 f   xboxkrnl:xboxkrnl.exe
 0002:00028dac       _KeBugCheck@4              0047048c f   xboxkrnl:xboxkrnl.exe
 0002:00028db2       _RtlAnsiStringToUnicodeString@12 00470492 f   xboxkrnl:xboxkrnl.exe
 0002:00028db8       _RtlUnicodeStringToAnsiString@12 00470498 f   xboxkrnl:xboxkrnl.exe
 0002:00028dc0       _vswprintf                 004704a0 f   LIBCMTD:vswprint.obj
 0002:00028f40       __vscwprintf               00470620 f   LIBCMTD:vswprint.obj
 0002:00028fe0       _vsprintf                  004706c0 f   LIBCMTD:vsprintf.obj
 0002:00029100       __vscprintf                004707e0 f   LIBCMTD:vsprintf.obj
 0003:00000000       _D3DDevice_GetDirect3D@4   00470880 f   d3d8d:d3dbase.obj
 0003:00000020       _D3DDevice_GetDeviceCaps@4 004708a0 f   d3d8d:d3dbase.obj
 0003:00000050       _D3DDevice_GetCreationParameters@4 004708d0 f   d3d8d:d3dbase.obj
 0003:000000c0       _D3DDevice_SetGammaRamp@8  00470940 f   d3d8d:d3dbase.obj
 0003:00000170       _D3DDevice_GetGammaRamp@4  004709f0 f   d3d8d:d3dbase.obj
 0003:000001b0       ?NV057FormatFromD3DRectColorFormat@D3D@@YGKW4_D3DCOPYRECTCOLORFORMAT@@@Z 00470a30 f i d3d8d:d3dbase.obj
 0003:00000200       ?ValidateCopyRectState@D3D@@YGXW4_D3DCOPYRECTCOLORFORMAT@@W4_D3DCOPYRECTOPERATION@@@Z 00470a80 f   d3d8d:d3dbase.obj
 0003:000002b0       ?SetupCopyRectRopState@D3D@@YGPCKPCKW4_D3DCOPYRECTCOLORFORMAT@@PBU_D3DCOPYRECTROPSTATE@@@Z 00470b30 f   d3d8d:d3dbase.obj
 0003:00000420       _D3DDevice_GetCopyRectsState@8 00470ca0 f   d3d8d:d3dbase.obj
 0003:00000480       _D3DDevice_GetTransform@8  00470d00 f   d3d8d:d3dbase.obj
 0003:000004f0       _D3DDevice_GetViewport@4   00470d70 f   d3d8d:d3dbase.obj
 0003:00000560       _D3DDevice_SetMaterial@4   00470de0 f   d3d8d:d3dbase.obj
 0003:000005d0       _D3DDevice_GetMaterial@4   00470e50 f   d3d8d:d3dbase.obj
 0003:00000620       _D3DDevice_SetBackMaterial@4 00470ea0 f   d3d8d:d3dbase.obj
 0003:00000690       _D3DDevice_GetBackMaterial@4 00470f10 f   d3d8d:d3dbase.obj
 0003:000006e0       ?CheckLightParameters@D3D@@YGXPBU_D3DLIGHT8@@@Z 00470f60 f   d3d8d:d3dbase.obj
 0003:000008e0       _D3DDevice_GetLight@8      00471160 f   d3d8d:d3dbase.obj
 0003:00000980       _D3DDevice_GetLightEnable@8 00471200 f   d3d8d:d3dbase.obj
 0003:00000a20       _D3DDevice_GetRenderState@8 004712a0 f   d3d8d:d3dbase.obj
 0003:00000a90       @D3DDevice_SwitchTexture_Fast@12 00471310 f   d3d8d:d3dbase.obj
 0003:00000ae0       _D3DDevice_GetTextureStageState@12 00471360 f   d3d8d:d3dbase.obj
 0003:00000b40       _D3DDevice_AddRef@0        004713c0 f   d3d8d:d3dbase.obj
 0003:00000b60       _D3DDevice_Release@0       004713e0 f   d3d8d:d3dbase.obj
 0003:00000bb0       _D3DDevice_KickPushBuffer@0 00471430 f   d3d8d:d3dbase.obj
 0003:00000bd0       _D3DDevice_GetVisibilityTestResult@12 00471450 f   d3d8d:d3dbase.obj
 0003:00000ce0       _D3DDevice_SetVerticalBlankCallback@4 00471560 f   d3d8d:d3dbase.obj
 0003:00000d10       _D3DDevice_SetSwapCallback@4 00471590 f   d3d8d:d3dbase.obj
 0003:00000d40       _D3DDevice_GetProjectionViewportMatrix@4 004715c0 f   d3d8d:d3dbase.obj
 0003:00000d80       _D3DDevice_GetModelView@4  00471600 f   d3d8d:d3dbase.obj
 0003:00000dd0       _D3DDevice_GetVertexBlendModelView@12 00471650 f   d3d8d:d3dbase.obj
 0003:00000e70       ?AddRef@D3DResource@@QAGKXZ 004716f0 f i d3d8d:d3dbase.obj
 0003:00000e80       _D3DDevice_GetTile@8       00471700 f   d3d8d:d3dbase.obj
 0003:00000f20       _D3DDevice_GetScissors@12  004717a0 f   d3d8d:d3dbase.obj
 0003:00000fa0       _D3DDevice_GetPersistedSurface2@0 00471820 f   d3d8d:d3dbase.obj
 0003:00000fb0       _D3DDevice_SetFlickerFilter@4 00471830 f   d3d8d:d3dbase.obj
 0003:00001030       _D3DDevice_SetSoftDisplayFilter@4 004718b0 f   d3d8d:d3dbase.obj
 0003:000010b0       _D3DTest_ChecksumCallback  00471930 f   d3d8d:d3dbase.obj
 0003:00001130       _D3DDevice_InsertFence@0   004719b0 f   d3d8d:d3dbase.obj
 0003:00001150       _D3DDevice_GetScreenSpaceOffset@8 004719d0 f   d3d8d:d3dbase.obj
 0003:000011a0       _D3DDevice_GetOverscanColor@0 00471a20 f   d3d8d:d3dbase.obj
 0003:000011b0       _D3DDevice_GetStipple@4    00471a30 f   d3d8d:d3dbase.obj
 0003:00001200       ?Lock@D3DPalette@@QAGJPAPAKK@Z 00471a80 f i d3d8d:d3dbase.obj
 0003:00001230       ?Unlock@D3DPalette@@QAGJXZ 00471ab0 f i d3d8d:d3dbase.obj
 0003:00001240       ?GetSize@D3DPalette@@QAG?AW4_D3DPALETTESIZE@@XZ 00471ac0 f i d3d8d:d3dbase.obj
 0003:00001250       ??0TimingMarker@D3D@@QAE@W4_TimingEventType@@@Z 00471ad0 f i d3d8d:d3dbase.obj
 0003:00001280       ??1TimingMarker@D3D@@QAE@XZ 00471b00 f i d3d8d:d3dbase.obj
 0003:000012b0       ?GetRefreshRate@CMiniport@D3D@@QAEKXZ 00471b30 f i d3d8d:d3dbase.obj
 0003:00001310       ?GetTSC@CMiniport@D3D@@SG_KXZ 00471b90 f i d3d8d:d3dbase.obj
 0003:00001320       ?IsOddField@CMiniport@D3D@@QAEHXZ 00471ba0 f i d3d8d:d3dbase.obj
 0003:00001370       ?AssertContiguous@D3D@@YGXPAXPAD@Z 00471bf0 f i d3d8d:d3dbase.obj
 0003:000013a0       ?AssertWriteCombined@D3D@@YGXPAXPAD@Z 00471c20 f i d3d8d:d3dbase.obj
 0003:000013d0       ?GetGPUAddress@D3D@@YGKPAX@Z 00471c50 f i d3d8d:d3dbase.obj
 0003:00001570       ?DecodeD3DFORMAT@D3D@@YG?AW4_D3DFORMAT@@K@Z 00471df0 f i d3d8d:d3dbase.obj
 0003:00001590       ?DecodeLogWidth@D3D@@YGKK@Z 00471e10 f i d3d8d:d3dbase.obj
 0003:000015b0       ?DecodeLogHeight@D3D@@YGKK@Z 00471e30 f i d3d8d:d3dbase.obj
 0003:000015d0       ?IsValidRenderTargetD3DFORMAT@D3D@@YGHW4_D3DFORMAT@@@Z 00471e50 f i d3d8d:d3dbase.obj
 0003:000015f0       ?IsValidDepthBufferD3DFORMAT@D3D@@YGHW4_D3DFORMAT@@@Z 00471e70 f i d3d8d:d3dbase.obj
 0003:00001610       ?IsSwizzledD3DFORMAT@D3D@@YGHW4_D3DFORMAT@@@Z 00471e90 f i d3d8d:d3dbase.obj
 0003:00001630       ?IsLinearD3DFORMAT@D3D@@YGHW4_D3DFORMAT@@@Z 00471eb0 f i d3d8d:d3dbase.obj
 0003:00001650       ?BitsPerPixelOfD3DFORMAT@D3D@@YGKW4_D3DFORMAT@@@Z 00471ed0 f i d3d8d:d3dbase.obj
 0003:00001670       ?MinimumTextureSizeOfD3DFORMAT@D3D@@YGKW4_D3DFORMAT@@@Z 00471ef0 f i d3d8d:d3dbase.obj
 0003:00001690       ?IsSurface@PixelJar@D3D@@YG_NPAUD3DResource@@@Z 00471f10 f i d3d8d:d3dbase.obj
 0003:000016c0       ?GetFormat@PixelJar@D3D@@YG?AW4_D3DFORMAT@@PAUD3DPixelContainer@@@Z 00471f40 f i d3d8d:d3dbase.obj
 0003:000016e0       ?IsSwizzled@PixelJar@D3D@@YGHPAUD3DPixelContainer@@@Z 00471f60 f i d3d8d:d3dbase.obj
 0003:00001700       ?IsValidRenderTarget@PixelJar@D3D@@YGHPAUD3DPixelContainer@@@Z 00471f80 f i d3d8d:d3dbase.obj
 0003:00001730       ?IsValidDepthBuffer@PixelJar@D3D@@YGHPAUD3DPixelContainer@@@Z 00471fb0 f i d3d8d:d3dbase.obj
 0003:00001750       ?GetLogWidth@PixelJar@D3D@@YGKPAUD3DPixelContainer@@@Z 00471fd0 f i d3d8d:d3dbase.obj
 0003:00001770       ?GetLogHeight@PixelJar@D3D@@YGKPAUD3DPixelContainer@@@Z 00471ff0 f i d3d8d:d3dbase.obj
 0003:00001790       ?GetBitsPerPixel@PixelJar@D3D@@YGKPAUD3DPixelContainer@@@Z 00472010 f i d3d8d:d3dbase.obj
 0003:000017b0       ?IsCompressed@PixelJar@D3D@@YG_NPAUD3DPixelContainer@@@Z 00472030 f i d3d8d:d3dbase.obj
 0003:000017d0       ?PitchFromSize@PixelJar@D3D@@YGKK@Z 00472050 f i d3d8d:d3dbase.obj
 0003:000017f0       ?GetLinearWidth@PixelJar@D3D@@YGKPAUD3DPixelContainer@@@Z 00472070 f i d3d8d:d3dbase.obj
 0003:00001830       ?GetLinearHeight@PixelJar@D3D@@YGKPAUD3DPixelContainer@@@Z 004720b0 f i d3d8d:d3dbase.obj
 0003:00001870       ?GetLinearPitch@PixelJar@D3D@@YGKPAUD3DPixelContainer@@@Z 004720f0 f i d3d8d:d3dbase.obj
 0003:000018b0       ?GetWidth@PixelJar@D3D@@YGKPAUD3DPixelContainer@@@Z 00472130 f i d3d8d:d3dbase.obj
 0003:000018f0       ?GetHeight@PixelJar@D3D@@YGKPAUD3DPixelContainer@@@Z 00472170 f i d3d8d:d3dbase.obj
 0003:00001930       ?GetPitch@PixelJar@D3D@@YGKPAUD3DPixelContainer@@@Z 004721b0 f i d3d8d:d3dbase.obj
 0003:000019c0       ?GetSlice@PixelJar@D3D@@YGKPAUD3DPixelContainer@@@Z 00472240 f i d3d8d:d3dbase.obj
 0003:00001aa0       ?IsChildSurface@D3D@@YGHPAUD3DResource@@@Z 00472320 f i d3d8d:d3dbase.obj
 0003:00001ae0       ?InternalAddRef@D3D@@YGXPAUD3DResource@@W4_D3DRESOURCETYPE@@@Z 00472360 f i d3d8d:d3dbase.obj
 0003:00001b70       ?InternalRelease@D3D@@YGXPAUD3DResource@@W4_D3DRESOURCETYPE@@@Z 004723f0 f i d3d8d:d3dbase.obj
 0003:00001c10       ?LightEnableType@D3D@@YGKPBULight@1@@Z 00472490 f i d3d8d:d3dbase.obj
 0003:00001c30       ?StartPush@CDevice@D3D@@QAEPCKXZ 004724b0 f i d3d8d:d3dbase.obj
 0003:00001c60       ?StartPush@CDevice@D3D@@QAEPCKK@Z 004724e0 f i d3d8d:d3dbase.obj
 0003:00001c70       ?RecordResourceReadPush@CDevice@D3D@@QAEXPAUD3DResource@@@Z 004724f0 f i d3d8d:d3dbase.obj
 0003:00001ce0       ?RecordSurfaceWritePush@CDevice@D3D@@QAEXPAUD3DResource@@@Z 00472560 f i d3d8d:d3dbase.obj
 0003:00001d40       ?GetRenderTargetFactors@D3D@@YGXPAVCDevice@1@PAUD3DSurface@@PAKPAM322@Z 004725c0 f i d3d8d:d3dbase.obj
 0003:00001fb0       ?___D3DCYCLETIMER_GetTime@D3D@@YG_KXZ 00472830 f i d3d8d:d3dbase.obj
 0003:00001fc0       ??0___D3DCYCLETIMER@D3D@@QAE@W4_D3DPERF_PerformanceCounters@1@@Z 00472840 f i d3d8d:d3dbase.obj
 0003:00002010       ??1___D3DCYCLETIMER@D3D@@QAE@XZ 00472890 f i d3d8d:d3dbase.obj
 0003:00002080       ?COUNT_PERF@D3D@@YGXW4_D3DPERF_PerformanceCounters@1@@Z 00472900 f i d3d8d:d3dbase.obj
 0003:000020c0       ??0___D3DPERFEVENT@D3D@@QAE@GH@Z 00472940 f i d3d8d:d3dbase.obj
 0003:000020f0       ??1___D3DPERFEVENT@D3D@@QAE@XZ 00472970 f i d3d8d:d3dbase.obj
 0003:00002100       _D3DDevice_GetDisplayMode@4 00472980 f   d3d8d:d3dbase.obj
 0003:00002200       _D3DDevice_Reset@4         00472a80 f   d3d8d:d3dbase.obj
 0003:00002310       _D3DDevice_SetRenderTarget@8 00472b90 f   d3d8d:d3dbase.obj
 0003:00002b70       _D3DDevice_SetRenderTargetFast@12 004733f0 f   d3d8d:d3dbase.obj
 0003:00003290       _D3DDevice_GetBackBuffer2@4 00473b10 f   d3d8d:d3dbase.obj
 0003:00003320       _D3DDevice_GetRasterStatus@4 00473ba0 f   d3d8d:d3dbase.obj
 0003:000033c0       _D3DDevice_SetCopyRectsState@8 00473c40 f   d3d8d:d3dbase.obj
 0003:000036b0       ?GPUCopyVideoRectangle@D3D@@YGXKPAUtagRECT@@PAUtagPOINT@@@Z 00473f30 f i d3d8d:d3dbase.obj
 0003:00003790       _D3DDevice_CopyRects@20    00474010 f   d3d8d:d3dbase.obj
 0003:00003fe0       _D3DDevice_GetRenderTarget2@0 00474860 f   d3d8d:d3dbase.obj
 0003:00004010       _D3DDevice_GetDepthStencilSurface2@0 00474890 f   d3d8d:d3dbase.obj
 0003:00004050       _D3DDevice_SetTransform@8  004748d0 f   d3d8d:d3dbase.obj
 0003:00004390       _D3DDevice_MultiplyTransform@8 00474c10 f   d3d8d:d3dbase.obj
 0003:00004440       _D3DDevice_SetViewport@4   00474cc0 f   d3d8d:d3dbase.obj
 0003:00004740       _D3DDevice_SetLight@8      00474fc0 f   d3d8d:d3dbase.obj
 0003:00004b00       _D3DDevice_LightEnable@8   00475380 f   d3d8d:d3dbase.obj
 0003:00004d20       _D3DDevice_GetTexture2@4   004755a0 f   d3d8d:d3dbase.obj
 0003:00004d80       _D3DDevice_SetTexture@8    00475600 f   d3d8d:d3dbase.obj
 0003:000051c0       @D3DDevice_SwitchTexture@12 00475a40 f   d3d8d:d3dbase.obj
 0003:000052a0       _D3DDevice_GetPalette2@4   00475b20 f   d3d8d:d3dbase.obj
 0003:00005300       _D3DDevice_SetPalette@8    00475b80 f   d3d8d:d3dbase.obj
 0003:00005590       _D3DDevice_SetIndices@8    00475e10 f   d3d8d:d3dbase.obj
 0003:00005740       _D3DDevice_GetIndices2@4   00475fc0 f   d3d8d:d3dbase.obj
 0003:000057a0       _D3DDevice_IsBusy@0        00476020 f   d3d8d:d3dbase.obj
 0003:000057f0       _D3DDevice_BlockUntilIdle@0 00476070 f   d3d8d:d3dbase.obj
 0003:00005820       _D3DDevice_BlockOnFence@4  004760a0 f   d3d8d:d3dbase.obj
 0003:00005870       _D3DDevice_BeginVisibilityTest@0 004760f0 f   d3d8d:d3dbase.obj
 0003:000058d0       ?GetVisibilityAddress@D3D@@YGPAKK@Z 00476150 f   d3d8d:d3dbase.obj
 0003:00005a50       _D3DDevice_EndVisibilityTest@4 004762d0 f   d3d8d:d3dbase.obj
 0003:00005b10       _D3DDevice_GetDisplayFieldStatus@4 00476390 f   d3d8d:d3dbase.obj
 0003:00005b70       _D3DDevice_SetTimerCallback@16 004763f0 f   d3d8d:d3dbase.obj
 0003:00005c20       _D3DDevice_BlockUntilVerticalBlank@0 004764a0 f   d3d8d:d3dbase.obj
 0003:00005d60       _D3DDevice_FlushVertexCache@0 004765e0 f   d3d8d:d3dbase.obj
 0003:00005dc0       _D3DDevice_SetModelView@12 00476640 f   d3d8d:d3dbase.obj
 0003:00005f30       _D3DDevice_SetVertexBlendModelView@16 004767b0 f   d3d8d:d3dbase.obj
 0003:00006110       _D3DDevice_Nop@0           00476990 f   d3d8d:d3dbase.obj
 0003:00006170       ?SetTileNoWait@D3D@@YGXKPBU_D3DTILE@@@Z 004769f0 f   d3d8d:d3dbase.obj
 0003:00006500       _D3DDevice_SetTile@8       00476d80 f   d3d8d:d3dbase.obj
 0003:00006520       _D3DDevice_SetTileCompressionTagBits@16 00476da0 f   d3d8d:d3dbase.obj
 0003:00006660       _D3DDevice_GetTileCompressionTagBits@16 00476ee0 f   d3d8d:d3dbase.obj
 0003:00006790       _D3DDevice_GetTileCompressionTags@8 00477010 f   d3d8d:d3dbase.obj
 0003:00006960       _D3DDevice_SetScissors@12  004771e0 f   d3d8d:d3dbase.obj
 0003:00006f20       ?CreateSurfaceWithContiguousHeaderInternal@D3D@@YGPAUD3DSurface@@KKW4_D3DFORMAT@@@Z 004777a0 f   d3d8d:d3dbase.obj
 0003:00006ff0       _D3DDevice_PersistDisplay@0 00477870 f   d3d8d:d3dbase.obj
 0003:00007190       _D3DTest_GetScreenChecksum@12 00477a10 f   d3d8d:d3dbase.obj
 0003:000071f0       _D3DDevice_SetScreenSpaceOffset@8 00477a70 f   d3d8d:d3dbase.obj
 0003:00007280       _D3DDevice_SetOverscanColor@4 00477b00 f   d3d8d:d3dbase.obj
 0003:000073f0       _D3DDevice_SetStipple@4    00477c70 f   d3d8d:d3dbase.obj
 0003:000074a0       ?D3DInternals@D3D@@YAJKPAX@Z 00477d20 f   d3d8d:d3dbase.obj
 0003:00007be0       _D3DDevice_GetBackBufferScale@8 00478460 f   d3d8d:present.obj
 0003:00007c20       ?SetDebugMarker@D3DDevice@@SGKK@Z 004784a0 f i d3d8d:present.obj
 0003:00007c30       ?Release@D3DResource@@QAGKXZ 004784b0 f i d3d8d:present.obj
[...]
 0006:00042af0       ?qwAppTime@@3T_LARGE_INTEGER@@A 0052d710     Time.obj
 0006:00042af8       ?fTime@@3MA                0052d718     Time.obj
 0006:00042afc       ?fElapsedAppTime@@3MA      0052d71c     Time.obj
 0006:00042b00       ?fAppTime@@3MA             0052d720     Time.obj
 0006:00042b04       ?SecsPerTick@@3MA          0052d724     Time.obj
 0006:00042b08       ?qwElapsedTime@@3T_LARGE_INTEGER@@A 0052d728     Time.obj
 0006:00042b10       ?qwElapsedAppTime@@3T_LARGE_INTEGER@@A 0052d730     Time.obj
 0006:00042b18       ?qwLastTime@@3T_LARGE_INTEGER@@A 0052d738     Time.obj
 0006:00042b2c       ?g_pD3D@@3PAUDirect3D@@A   0052d74c     Render.obj
 0006:00042b30       ?g_pd3dDevice@@3PAUD3DDevice@@A 0052d750     Render.obj
 0006:00042b34       ?g_pVB@@3PAUD3DVertexBuffer@@A 0052d754     Render.obj
 0006:00042b3c       __tls_index                0052d75c     xapilibd:xapitls.obj
 0006:00042b40       _XapiMuInfo                0052d760     xapilibd:pathmisc.obj
 0006:00042b48       _g_fMountedUtilityDrive    0052d768     xapilibd:pathmisc.obj
 0006:00042b4e       _RtlpValidateHeapHdrsEnable 0052d76e     xapilibd:heap.obj
 0006:00042b50       _g_pfnxcsbOnline           0052d770     xapilibd:xcalcsig.obj
 0006:00042b54       _g_pfnxcsuOnline           0052d774     xapilibd:xcalcsig.obj
 0006:00042b58       _g_pfnxcseOnline           0052d778     xapilibd:xcalcsig.obj
 0006:00042b64       ?g_pD3DPerfEventBeginEnd@D3D@@3PAU_D3DPERFEvent@1@A 0052d784     d3d8d:drawprim.obj
 0006:00042b68       ___@@_PchSym_@00@UcylcRwvxADUkirezgvUdrmwldhUwrivxgcUwctUwDwIUhvUfhviUlyqUrDIGUkivxlnkOlyq@d3d8d 0052d788     d3d8d:precomp.obj
 0006:00042b70       _g_ToggleVTXStatesOnReset  0052d790     d3d8d:stats.obj
 0006:00042b98       ___@@_PchSym_@00@UcylcRwvxADUkirezgvUdrmwldhUwrivxgcUwctUwDwcIUxlivUlyqUrDIGUkxsxlivOlyq@d3dxcore 0052d7b8     d3dx8d:pchcore.obj
 0006:00042b9c       ___@@_PchSym_@00@UcylcRwvxADUkirezgvUdrmwldhUwrivxgcUwctUwDwcIUnzgsUlyqUrDIGUkxsnzgsOlyq@d3dxmath 0052d7bc     d3dx8d:pchmath.obj
 0006:00042ba0       ___fastflag                0052d7c0     LIBCMTD:fpinit.obj
 0006:00042ba4       __adjust_fdiv              0052d7c4     LIBCMTD:fpinit.obj
 0006:00042be8       ___lc_handle               0052d808     LIBCMTD:nlsdata2.obj
 0006:00042c00       ___lc_codepage             0052d820     LIBCMTD:nlsdata2.obj
 0006:00042c04       ___lc_collate_cp           0052d824     LIBCMTD:nlsdata2.obj
 0006:00042c10       __newmode                  0052d830     LIBCMTD:_newmode.obj
 0006:00042c14       ?_pnhHeap@@3P6AHI@ZA       0052d834     LIBCMTD:handler.obj
 0006:00042df0       __cflush                   0052da10     LIBCMTD:_file.obj
 0006:00042df4       __umaskval                 0052da14     LIBCMTD:crt0dat.obj
 0006:00042df8       __exitflag                 0052da18     LIBCMTD:crt0dat.obj
 0006:00042dfc       __C_Termination_Done       0052da1c     LIBCMTD:crt0dat.obj
 0006:00042e00       __C_Exit_Done              0052da20     LIBCMTD:crt0dat.obj
 0006:00042e30       _gpFlsAlloc                0052da50     LIBCMTD:tidtable.obj
 0006:00042e34       _gpFlsGetValue             0052da54     LIBCMTD:tidtable.obj
 0006:00042e38       _gpFlsSetValue             0052da58     LIBCMTD:tidtable.obj
 0006:00042e3c       _gpFlsFree                 0052da5c     LIBCMTD:tidtable.obj
 0006:00042e48       __adbgmsg                  0052da68     LIBCMTD:crt0msg.obj
 0006:00042e60       _XapiAutoPowerDownGlobals  0052da80     <common>
 0006:00042ed1       _RtlpValidateHeapTagsEnable 0052daf1     <common>
 0006:00042ee0       _NtGlobalFlag              0052db00     <common>
 0006:00042f00       _RtlpHeapStopOn            0052db20     <common>
 0006:00042f18       _XapiProcessHeap           0052db38     <common>
 0006:00042f24       _XapiCurrentTopLevelFilter 0052db44     <common>
 0006:00042f34       _XapiTlsSize               0052db54     <common>
 0006:00042f38       _XapiOriginalCodeSelectorEntry 0052db58     <common>
 0006:00042f4c       ___@@_PchSym_@00@UcylcRwvxADUkirezgvUmglhUczkrUpDCUoryUlyqUrDIGUyzhvwooOlyq@Xapi_k32 0052db6c     <common>
 0006:00042f58       ___mblcid                  0052db78     <common>
 0006:00042fd4       ___ptmbcinfo               0052dbf4     <common>
 0006:00042fd8       ___ismbcodepage            0052dbf8     <common>
 0006:00042fe0       __mbctype                  0052dc00     <common>
 0006:000430e4       ___mbcodepage              0052dd04     <common>
 0006:00043100       ___mbulinfo                0052dd20     <common>
 0006:00043120       __mbcasemap                0052dd40     <common>
 0006:00043220       ___ptd_glob                0052de40     <common>
 0006:0004322c       ___env_initialized         0052de4c     <common>
 0006:0004323c       ___onexitend               0052de5c     <common>
 0006:00043240       ___onexitbegin             0052de60     <common>
 0006:00043244       ___mbctype_initialized     0052de64     <common>
 0006:00043248       ___piob                    0052de68     <common>
 0006:00043258       __nstream                  0052de78     <common>
 0006:0004325c       __nhandle                  0052de7c     <common>
 0006:000432a0       ___pioinfo                 0052dec0     <common>
 0006:000433a0       ___active_heap             0052dfc0     <common>
 0006:000433ac       __pfnReportHook            0052dfcc     <common>
 0006:000433bc       __pReportHookList          0052dfdc     <common>
 0006:000433c0       __pfnDumpClient            0052dfe0     <common>
 0007:00000000       __IMPORT_DESCRIPTOR_xboxkrnl 0052e000     xboxkrnl:xboxkrnl.exe
 0007:00000014       __NULL_IMPORT_DESCRIPTOR   0052e014     xboxkrnl:xboxkrnl.exe
 0007:000002e8       __imp__RtlRip@12           0052e2e8     xboxkrnl:xboxkrnl.exe
 0007:000002ec       __imp__NtClose@4           0052e2ec     xboxkrnl:xboxkrnl.exe
 0007:000002f0       __imp__NtQueryVolumeInformationFile@20 0052e2f0     xboxkrnl:xboxkrnl.exe
 0007:000002f4       __imp__NtOpenFile@24       0052e2f4     xboxkrnl:xboxkrnl.exe
 0007:000002f8       __imp__NtWriteFile@32      0052e2f8     xboxkrnl:xboxkrnl.exe
 0007:000002fc       __imp__NtQueryInformationFile@20 0052e2fc     xboxkrnl:xboxkrnl.exe
 0007:00000300       __imp__NtCreateFile@36     0052e300     xboxkrnl:xboxkrnl.exe
 0007:00000304       __imp__RtlInitAnsiString@8 0052e304     xboxkrnl:xboxkrnl.exe
 0007:00000308       __imp__RtlAssert@16        0052e308     xboxkrnl:xboxkrnl.exe
 0007:0000030c       __imp__IoCreateSymbolicLink@8 0052e30c     xboxkrnl:xboxkrnl.exe
 0007:00000310       __imp__NtSetInformationFile@20 0052e310     xboxkrnl:xboxkrnl.exe
 0007:00000314       __imp__KeQuerySystemTime@4 0052e314     xboxkrnl:xboxkrnl.exe
 0007:00000318       __imp__HalReturnToFirmware@4 0052e318     xboxkrnl:xboxkrnl.exe
 0007:0000031c       __imp__MmFreeContiguousMemory@4 0052e31c     xboxkrnl:xboxkrnl.exe
 0007:00000320       __imp__LaunchDataPage      0052e320     xboxkrnl:xboxkrnl.exe
 0007:00000320       _LaunchDataPage            0052e320     xboxkrnl:xboxkrnl.exe
 0007:00000324       __imp__XboxHardwareInfo    0052e324     xboxkrnl:xboxkrnl.exe
 0007:00000324       _XboxHardwareInfo          0052e324     xboxkrnl:xboxkrnl.exe
 0007:00000328       __imp__HalRegisterShutdownNotification@8 0052e328     xboxkrnl:xboxkrnl.exe
 0007:0000032c       __imp__RtlNtStatusToDosError@4 0052e32c     xboxkrnl:xboxkrnl.exe
 0007:00000330       __imp__NtCreateIoCompletion@16 0052e330     xboxkrnl:xboxkrnl.exe
 0007:00000334       __imp__NtSetIoCompletion@20 0052e334     xboxkrnl:xboxkrnl.exe
 0007:00000338       __imp__NtRemoveIoCompletion@20 0052e338     xboxkrnl:xboxkrnl.exe
 0007:0000033c       __imp__MmSetAddressProtect@12 0052e33c     xboxkrnl:xboxkrnl.exe
 0007:00000340       __imp__MmQueryAddressProtect@4 0052e340     xboxkrnl:xboxkrnl.exe
 0007:00000344       _XboxKrnlVersion           0052e344     xboxkrnl:xboxkrnl.exe
 0007:00000344       __imp__XboxKrnlVersion     0052e344     xboxkrnl:xboxkrnl.exe
 0007:00000348       __imp__NtDuplicateObject@12 0052e348     xboxkrnl:xboxkrnl.exe
 0007:0000034c       __imp__RtlLeaveCriticalSection@4 0052e34c     xboxkrnl:xboxkrnl.exe
 0007:00000350       __imp__RtlEnterCriticalSection@4 0052e350     xboxkrnl:xboxkrnl.exe
 0007:00000354       __imp_@ObfDereferenceObject@4 0052e354     xboxkrnl:xboxkrnl.exe
 0007:00000358       __imp__KeSetBasePriorityThread@8 0052e358     xboxkrnl:xboxkrnl.exe
 0007:0000035c       __imp__ObReferenceObjectByHandle@12 0052e35c     xboxkrnl:xboxkrnl.exe
 0007:00000360       __imp__PsThreadObjectType  0052e360     xboxkrnl:xboxkrnl.exe
 0007:00000360       _PsThreadObjectType        0052e360     xboxkrnl:xboxkrnl.exe
 0007:00000364       __imp__KeQueryBasePriorityThread@4 0052e364     xboxkrnl:xboxkrnl.exe
 0007:00000368       __imp__KeSetDisableBoostThread@8 0052e368     xboxkrnl:xboxkrnl.exe
 0007:0000036c       __imp__NtSuspendThread@8   0052e36c     xboxkrnl:xboxkrnl.exe
 0007:00000370       __imp__NtResumeThread@8    0052e370     xboxkrnl:xboxkrnl.exe
 0007:00000374       __imp__RtlRaiseException@4 0052e374     xboxkrnl:xboxkrnl.exe
 0007:00000378       __imp__NtQueueApcThread@20 0052e378     xboxkrnl:xboxkrnl.exe
 0007:0000037c       __imp__NtYieldExecution@0  0052e37c     xboxkrnl:xboxkrnl.exe
 0007:00000380       __imp__PsTerminateSystemThread@4 0052e380     xboxkrnl:xboxkrnl.exe
 0007:00000384       _KeTimeIncrement           0052e384     xboxkrnl:xboxkrnl.exe
 0007:00000384       __imp__KeTimeIncrement     0052e384     xboxkrnl:xboxkrnl.exe
 0007:00000388       __imp__DbgPrint            0052e388     xboxkrnl:xboxkrnl.exe
 0007:0000038c       __imp__PsCreateSystemThreadEx@40 0052e38c     xboxkrnl:xboxkrnl.exe
 0007:00000390       __imp__RtlEqualString@12   0052e390     xboxkrnl:xboxkrnl.exe
 0007:00000394       __imp__XeLoadSection@4     0052e394     xboxkrnl:xboxkrnl.exe
 0007:00000398       __imp__XeUnloadSection@4   0052e398     xboxkrnl:xboxkrnl.exe
 0007:0000039c       __imp__MmPersistContiguousMemory@12 0052e39c     xboxkrnl:xboxkrnl.exe
 0007:000003a0       __imp__MmAllocateContiguousMemory@4 0052e3a0     xboxkrnl:xboxkrnl.exe
 0007:000003a4       _IdexChannelObject         0052e3a4     xboxkrnl:xboxkrnl.exe
 0007:000003a4       __imp__IdexChannelObject   0052e3a4     xboxkrnl:xboxkrnl.exe
 0007:000003a8       __imp__IoDeleteSymbolicLink@4 0052e3a8     xboxkrnl:xboxkrnl.exe
 0007:000003ac       __imp__NtQuerySymbolicLinkObject@12 0052e3ac     xboxkrnl:xboxkrnl.exe
 0007:000003b0       __imp__NtOpenSymbolicLinkObject@8 0052e3b0     xboxkrnl:xboxkrnl.exe
 0007:000003b4       __imp__XcSHAFinal@8        0052e3b4     xboxkrnl:xboxkrnl.exe
 0007:000003b8       __imp__XcSHAUpdate@12      0052e3b8     xboxkrnl:xboxkrnl.exe
 0007:000003bc       __imp__XcSHAInit@4         0052e3bc     xboxkrnl:xboxkrnl.exe
 0007:000003c0       _XeImageFileName           0052e3c0     xboxkrnl:xboxkrnl.exe
 0007:000003c0       __imp__XeImageFileName     0052e3c0     xboxkrnl:xboxkrnl.exe
 0007:000003c4       __imp__ExQueryNonVolatileSetting@20 0052e3c4     xboxkrnl:xboxkrnl.exe
 0007:000003c8       __imp__HalDiskCachePartitionCount 0052e3c8     xboxkrnl:xboxkrnl.exe
 0007:000003c8       _HalDiskCachePartitionCount 0052e3c8     xboxkrnl:xboxkrnl.exe
 0007:000003cc       __imp__NtReadFile@32       0052e3cc     xboxkrnl:xboxkrnl.exe
 0007:000003d0       __imp__NtFsControlFile@40  0052e3d0     xboxkrnl:xboxkrnl.exe
 0007:000003d4       __imp__RtlFillMemoryUlong@12 0052e3d4     xboxkrnl:xboxkrnl.exe
 0007:000003d8       __imp__NtFreeVirtualMemory@12 0052e3d8     xboxkrnl:xboxkrnl.exe
 0007:000003dc       __imp__NtAllocateVirtualMemory@20 0052e3dc     xboxkrnl:xboxkrnl.exe
 0007:000003e0       __imp__DbgBreakPoint@0     0052e3e0     xboxkrnl:xboxkrnl.exe
 0007:000003e4       __imp__KdDebuggerEnabled   0052e3e4     xboxkrnl:xboxkrnl.exe
 0007:000003e4       _KdDebuggerEnabled         0052e3e4     xboxkrnl:xboxkrnl.exe
 0007:000003e8       __imp__RtlCompareMemoryUlong@12 0052e3e8     xboxkrnl:xboxkrnl.exe
 0007:000003ec       __imp__RtlCompareMemory@12 0052e3ec     xboxkrnl:xboxkrnl.exe
 0007:000003f0       __imp__RtlInitializeCriticalSection@4 0052e3f0     xboxkrnl:xboxkrnl.exe
 0007:000003f4       __imp__NtQueryVirtualMemory@8 0052e3f4     xboxkrnl:xboxkrnl.exe
 0007:000003f8       __imp__KeSetTimer@16       0052e3f8     xboxkrnl:xboxkrnl.exe
 0007:000003fc       __imp_@KfLowerIrql@4       0052e3fc     xboxkrnl:xboxkrnl.exe
 0007:00000400       __imp__KeQueryInterruptTime@0 0052e400     xboxkrnl:xboxkrnl.exe
 0007:00000404       __imp__KeRaiseIrqlToDpcLevel@0 0052e404     xboxkrnl:xboxkrnl.exe
 0007:00000408       __imp__HalInitiateShutdown@0 0052e408     xboxkrnl:xboxkrnl.exe
 0007:0000040c       __imp__KeInitializeTimerEx@8 0052e40c     xboxkrnl:xboxkrnl.exe
 0007:00000410       __imp__KeInitializeDpc@12  0052e410     xboxkrnl:xboxkrnl.exe
 0007:00000414       __imp__KeSetEvent@12       0052e414     xboxkrnl:xboxkrnl.exe
 0007:00000418       __imp__KeWaitForSingleObject@20 0052e418     xboxkrnl:xboxkrnl.exe
 0007:0000041c       __imp__NtCreateEvent@16    0052e41c     xboxkrnl:xboxkrnl.exe
 0007:00000420       __imp__ObOpenObjectByName@16 0052e420     xboxkrnl:xboxkrnl.exe
 0007:00000424       _ExEventObjectType         0052e424     xboxkrnl:xboxkrnl.exe
 0007:00000424       __imp__ExEventObjectType   0052e424     xboxkrnl:xboxkrnl.exe
 0007:00000428       __imp__NtSetEvent@8        0052e428     xboxkrnl:xboxkrnl.exe
 0007:0000042c       __imp__NtClearEvent@4      0052e42c     xboxkrnl:xboxkrnl.exe
 0007:00000430       __imp__NtPulseEvent@8      0052e430     xboxkrnl:xboxkrnl.exe
 0007:00000434       __imp__NtCreateSemaphore@16 0052e434     xboxkrnl:xboxkrnl.exe
 0007:00000438       __imp__ExSemaphoreObjectType 0052e438     xboxkrnl:xboxkrnl.exe
 0007:00000438       _ExSemaphoreObjectType     0052e438     xboxkrnl:xboxkrnl.exe
 0007:0000043c       __imp__NtReleaseSemaphore@12 0052e43c     xboxkrnl:xboxkrnl.exe
 0007:00000440       __imp__NtCreateMutant@12   0052e440     xboxkrnl:xboxkrnl.exe
 0007:00000444       _ExMutantObjectType        0052e444     xboxkrnl:xboxkrnl.exe
 0007:00000444       __imp__ExMutantObjectType  0052e444     xboxkrnl:xboxkrnl.exe
 0007:00000448       __imp__NtReleaseMutant@8   0052e448     xboxkrnl:xboxkrnl.exe
 0007:0000044c       __imp__NtWaitForSingleObjectEx@16 0052e44c     xboxkrnl:xboxkrnl.exe
 0007:00000450       __imp__NtSignalAndWaitForSingleObjectEx@20 0052e450     xboxkrnl:xboxkrnl.exe
 0007:00000454       __imp__NtWaitForMultipleObjectsEx@24 0052e454     xboxkrnl:xboxkrnl.exe
 0007:00000458       __imp__KeDelayExecutionThread@12 0052e458     xboxkrnl:xboxkrnl.exe
 0007:0000045c       __imp__NtCreateTimer@12    0052e45c     xboxkrnl:xboxkrnl.exe
 0007:00000460       __imp__ExTimerObjectType   0052e460     xboxkrnl:xboxkrnl.exe
 0007:00000460       _ExTimerObjectType         0052e460     xboxkrnl:xboxkrnl.exe
 0007:00000464       __imp__NtSetTimerEx@32     0052e464     xboxkrnl:xboxkrnl.exe
 0007:00000468       __imp__NtCancelTimer@8     0052e468     xboxkrnl:xboxkrnl.exe
 0007:0000046c       __imp__NtWaitForSingleObject@12 0052e46c     xboxkrnl:xboxkrnl.exe
 0007:00000470       __imp__NtFlushBuffersFile@8 0052e470     xboxkrnl:xboxkrnl.exe
 0007:00000474       __imp__NtUserIoApcDispatcher@12 0052e474     xboxkrnl:xboxkrnl.exe
 0007:00000478       __imp__NtDeviceIoControlFile@40 0052e478     xboxkrnl:xboxkrnl.exe
 0007:0000047c       __imp__NtReadFileScatter@32 0052e47c     xboxkrnl:xboxkrnl.exe
 0007:00000480       __imp__NtWriteFileGather@32 0052e480     xboxkrnl:xboxkrnl.exe
 0007:00000484       __imp__IoQueryVolumeInformation@20 0052e484     xboxkrnl:xboxkrnl.exe
 0007:00000488       __imp__IoFileObjectType    0052e488     xboxkrnl:xboxkrnl.exe
 0007:00000488       _IoFileObjectType          0052e488     xboxkrnl:xboxkrnl.exe
 0007:0000048c       __imp__MmFreeSystemMemory@8 0052e48c     xboxkrnl:xboxkrnl.exe
 0007:00000490       __imp__MmAllocateSystemMemory@8 0052e490     xboxkrnl:xboxkrnl.exe
 0007:00000494       __imp__XcHMAC@28           0052e494     xboxkrnl:xboxkrnl.exe
 0007:00000498       __imp__XboxHDKey           0052e498     xboxkrnl:xboxkrnl.exe
 0007:00000498       _XboxHDKey                 0052e498     xboxkrnl:xboxkrnl.exe
 0007:0000049c       __imp__RtlCompareString@12 0052e49c     xboxkrnl:xboxkrnl.exe
 0007:000004a0       __imp__XboxSignatureKey    0052e4a0     xboxkrnl:xboxkrnl.exe
 0007:000004a0       _XboxSignatureKey          0052e4a0     xboxkrnl:xboxkrnl.exe
 0007:000004a4       __imp__XboxAlternateSignatureKeys 0052e4a4     xboxkrnl:xboxkrnl.exe
 0007:000004a4       _XboxAlternateSignatureKeys 0052e4a4     xboxkrnl:xboxkrnl.exe
 0007:000004a8       __imp__NtQueryDirectoryFile@40 0052e4a8     xboxkrnl:xboxkrnl.exe
 0007:000004ac       __imp__NtQueryFullAttributesFile@8 0052e4ac     xboxkrnl:xboxkrnl.exe
 0007:000004b0       __imp__FscSetCacheSize@4   0052e4b0     xboxkrnl:xboxkrnl.exe
 0007:000004b4       __imp__FscGetCacheSize@0   0052e4b4     xboxkrnl:xboxkrnl.exe
 0007:000004b8       __imp__MmAllocateContiguousMemoryEx@20 0052e4b8     xboxkrnl:xboxkrnl.exe
 0007:000004bc       __imp__MmQueryAllocationSize@4 0052e4bc     xboxkrnl:xboxkrnl.exe
 0007:000004c0       __imp__AvGetSavedDataAddress@0 0052e4c0     xboxkrnl:xboxkrnl.exe
 0007:000004c4       __imp__AvSendTVEncoderOption@16 0052e4c4     xboxkrnl:xboxkrnl.exe
 0007:000004c8       __imp__AvSetDisplayMode@24 0052e4c8     xboxkrnl:xboxkrnl.exe
 0007:000004cc       __imp__AvSetSavedDataAddress@4 0052e4cc     xboxkrnl:xboxkrnl.exe
 0007:000004d0       __imp__MmQueryStatistics@4 0052e4d0     xboxkrnl:xboxkrnl.exe
 0007:000004d4       _KeTickCount               0052e4d4     xboxkrnl:xboxkrnl.exe
 0007:000004d4       __imp__KeTickCount         0052e4d4     xboxkrnl:xboxkrnl.exe
 0007:000004d8       __imp__RtlWalkFrameChain@12 0052e4d8     xboxkrnl:xboxkrnl.exe
 0007:000004dc       __imp__NtDeleteFile@4      0052e4dc     xboxkrnl:xboxkrnl.exe
 0007:000004e0       __imp__KeInsertQueueDpc@12 0052e4e0     xboxkrnl:xboxkrnl.exe
 0007:000004e4       __imp__HalReadWritePCISpace@24 0052e4e4     xboxkrnl:xboxkrnl.exe
 0007:000004e8       __imp__KeConnectInterrupt@4 0052e4e8     xboxkrnl:xboxkrnl.exe
 0007:000004ec       __imp__KeInitializeInterrupt@28 0052e4ec     xboxkrnl:xboxkrnl.exe
 0007:000004f0       __imp__HalGetInterruptVector@8 0052e4f0     xboxkrnl:xboxkrnl.exe
 0007:000004f4       __imp__KeDisconnectInterrupt@4 0052e4f4     xboxkrnl:xboxkrnl.exe
 0007:000004f8       __imp__MmClaimGpuInstanceMemory@8 0052e4f8     xboxkrnl:xboxkrnl.exe
 0007:000004fc       __imp__KeStallExecutionProcessor@4 0052e4fc     xboxkrnl:xboxkrnl.exe
 0007:00000500       __imp__RtlUnwind@16        0052e500     xboxkrnl:xboxkrnl.exe
 0007:00000504       __imp__KeBugCheck@4        0052e504     xboxkrnl:xboxkrnl.exe
 0007:00000508       __imp__RtlAnsiStringToUnicodeString@12 0052e508     xboxkrnl:xboxkrnl.exe
 0007:0000050c       __imp__RtlUnicodeStringToAnsiString@12 0052e50c     xboxkrnl:xboxkrnl.exe
 0007:00000510       \177xboxkrnl_NULL_THUNK_DATA 0052e510     xboxkrnl:xboxkrnl.exe
 0008:00000000       _XapiBuildNumberD          0052e6c0     xapilibd:xapi0.obj
 0008:00000114       _D3D8BuildNumberD          0052e7d4     d3d8d:precomp.obj
 0008:00000128       _D3DX8BuildNumberD         0052e7e8     d3dx8d:pchcore.obj
 0008:0000013c       _XboxKrnlBuildNumber       0052e7fc     xboxkrnl:bldnum.obj
 0008:00000150       ___DebugCrtBuildNumberMT   0052e810     LIBCMTD:fpinit.obj
 0009:00000000       __tls_start                0052e940     xapilibd:xapitls.obj
 0009:00000108       _XapiLastErrorCode         0052ea48     xapilibd:error.obj
 0009:0000010c       ___ptd_cur                 0052ea4c     LIBCMTD:tidtable.obj
 0009:00000110       _XapiTlsSlots              0052ea50     xapilibd:tls.obj
 0009:000002ab       __tls_end                  0052ebeb     xapilibd:xapitls.obj

 entry point at        0002:00000b9f

